 win32_dragon

 Timestamp is 5bc94cf9 (Thu Oct 18 23:18:17 2018)

 Preferred load address is 0000000140000000

 Start         Length     Name                   Class
 0001:00000000 0003c5ecH .text$mn                CODE
 0001:0003c5f0 0000070bH .text$x                 CODE
 0002:00000000 000002e0H .idata$5                DATA
 0002:000002e0 00000008H .CRT$XCA                DATA
 0002:000002e8 00000008H .CRT$XCZ                DATA
 0002:000002f0 00000008H .CRT$XIA                DATA
 0002:000002f8 00000028H .CRT$XIC                DATA
 0002:00000320 00000008H .CRT$XIY                DATA
 0002:00000328 00000008H .CRT$XIZ                DATA
 0002:00000330 00000008H .CRT$XPA                DATA
 0002:00000338 00000010H .CRT$XPX                DATA
 0002:00000348 00000008H .CRT$XPXA               DATA
 0002:00000350 00000008H .CRT$XPZ                DATA
 0002:00000358 00000008H .CRT$XTA                DATA
 0002:00000360 00000008H .CRT$XTZ                DATA
 0002:00000370 0000d490H .rdata                  DATA
 0002:0000d800 00000054H .rdata$debug            DATA
 0002:0000d858 0000016cH .rdata$r                DATA
 0002:0000d9c8 00000008H .rtc$IAA                DATA
 0002:0000d9d0 00000008H .rtc$IZZ                DATA
 0002:0000d9d8 00000008H .rtc$TAA                DATA
 0002:0000d9e0 00000008H .rtc$TZZ                DATA
 0002:0000d9e8 00000e6cH .xdata                  DATA
 0002:0000e858 00000084H .xdata$x                DATA
 0002:0000e8dc 00000000H .edata                  DATA
 0002:0000e8dc 00000028H .idata$2                DATA
 0002:0000e904 00000014H .idata$3                DATA
 0002:0000e918 000002e0H .idata$4                DATA
 0002:0000ebf8 00000692H .idata$6                DATA
 0003:00000000 00001928H .data                   DATA
 0003:00001928 00000070H .data$r                 DATA
 0003:000019a0 0000a508H .bss                    DATA
 0004:00000000 00001794H .pdata                  DATA

  Address         Publics by Value              Rva+Base               Lib:Object

 0000:00000000       __guard_fids_count         0000000000000000     <absolute>
 0000:00000000       ___safe_se_handler_count   0000000000000000     <absolute>
 0000:00000000       __guard_flags              0000000000000000     <absolute>
 0000:00000000       __guard_fids_table         0000000000000000     <absolute>
 0000:00000000       ___safe_se_handler_table   0000000000000000     <absolute>
 0000:00000000       __ImageBase                0000000140000000     <linker-defined>
 0001:00000000       WinMain                    0000000140001000 f   win32_dragon.obj
 0001:00008e10       ?ThreadProc@@YAKPEAX@Z     0000000140009e10 f   win32_dragon.obj
 0001:00009090       ?DebugReportCallback@@YAIIW4VkDebugReportObjectTypeEXT@@_K1HPEBD2PEAX@Z 000000014000a090 f   win32_dragon.obj
 0001:00009140       ??D@YA?ATv3@@MT0@@Z        000000014000a140 f i win32_dragon.obj
 0001:000091e0       ??D@YA?ATv4@@MT0@@Z        000000014000a1e0 f i win32_dragon.obj
 0001:00009290       ??D@YA?ATv4@@T0@Um4@@@Z    000000014000a290 f i win32_dragon.obj
 0001:000095c0       ??D@YA?AUm4@@U0@0@Z        000000014000a5c0 f i win32_dragon.obj
 0001:00009870       ??H@YA?ATv4@@T0@0@Z        000000014000a870 f i win32_dragon.obj
 0001:00009930       ?BeginTempMem@@YA?AUtemp_mem@@PEAUmem_arena@@@Z 000000014000a930 f i win32_dragon.obj
 0001:00009990       ?Ceil@@YAMM@Z              000000014000a990 f i win32_dragon.obj
 0001:000099c0       ?Copy@@YAXPEAX0_K@Z        000000014000a9c0 f i win32_dragon.obj
 0001:00009a40       ?CreateDescriptorPool@@YAPEAUVkDescriptorPool_T@@PEAUVkDescriptorPoolSize@@II@Z 000000014000aa40 f i win32_dragon.obj
 0001:00009ae0       ?CreateDescriptorSetLayout@@YAPEAUVkDescriptorSetLayout_T@@PEAUVkDescriptorSetLayoutBinding@@I@Z 000000014000aae0 f i win32_dragon.obj
 0001:00009b70       ?DegreeToRad@@YAMM@Z       000000014000ab70 f i win32_dragon.obj
 0001:00009ba0       ?EndTempMem@@YAXUtemp_mem@@@Z 000000014000aba0 f i win32_dragon.obj
 0001:00009bc0       ?GetAlignmentOffset@@YA_K_K0@Z 000000014000abc0 f i win32_dragon.obj
 0001:00009c20       ?GetModel@@YAPEAUasset_model@@PEAUassets@@I@Z 000000014000ac20 f i win32_dragon.obj
 0001:00009c70       ?GetThreadId@@YAIXZ        000000014000ac70 f i win32_dragon.obj
 0001:00009ca0       ?IdentityM4@@YA?AUm4@@XZ   000000014000aca0 f i win32_dragon.obj
 0001:00009d40       ?InitArena@@YA?AUmem_arena@@PEAX_K@Z 000000014000ad40 f i win32_dragon.obj
 0001:00009da0       ?InitGpuLinearAllocator@@YA?AUgpu_linear_allocator@@Ugpu_ptr@@_K@Z 000000014000ada0 f i win32_dragon.obj
 0001:00009e10       ?Inverse@@YA?AUm4@@U1@@Z   000000014000ae10 f i win32_dragon.obj
 0001:0000bab0       ?MoveBufferToGpuMemory@@YAXPEAUVkBuffer_T@@IPEAX@Z 000000014000cab0 f i win32_dragon.obj
 0001:0000be50       ?MoveImageToGpuMemory@@YAXPEAUVkImage_T@@IIIPEAX@Z 000000014000ce50 f i win32_dragon.obj
 0001:0000c3f0       ?PerspProjMat@@YA?AUm4@@MMMM@Z 000000014000d3f0 f i win32_dragon.obj
 0001:0000c540       ?PosMat@@YA?AUm4@@MMM@Z    000000014000d540 f i win32_dragon.obj
 0001:0000c610       ?PushSize@@YA?AUgpu_ptr@@PEAUgpu_linear_allocator@@_K1@Z 000000014000d610 f i win32_dragon.obj
 0001:0000c6e0       ?PushSize@@YAPEAXPEAUmem_arena@@_K@Z 000000014000d6e0 f i win32_dragon.obj
 0001:0000c750       ?SafeTruncateU64@@YAI_K@Z  000000014000d750 f i win32_dragon.obj
 0001:0000c780       ?ScaleMat@@YA?AUm4@@MMM@Z  000000014000d780 f i win32_dragon.obj
 0001:0000c850       ?Tan@@YAMM@Z               000000014000d850 f i win32_dragon.obj
 0001:0000c880       ?V2@@YA?ATv2@@MM@Z         000000014000d880 f i win32_dragon.obj
 0001:0000c8d0       ?V3@@YA?ATv3@@MMM@Z        000000014000d8d0 f i win32_dragon.obj
 0001:0000c950       ?Win32GetClock@@YA?AT_LARGE_INTEGER@@XZ 000000014000d950 f i win32_dragon.obj
 0001:0000c970       ?ceil@@YAMM@Z              000000014000d970 f i win32_dragon.obj
 0001:0000c990       _fclose_nolock             000000014000d990 f   LIBCMTD:fclose.obj
 0001:0000cae0       fclose                     000000014000dae0 f   LIBCMTD:fclose.obj
 0001:0000cbe0       _fsopen                    000000014000dbe0 f   LIBCMTD:fopen.obj
 0001:0000cea0       fopen                      000000014000dea0 f   LIBCMTD:fopen.obj
 0001:0000ced0       _fread_nolock_s            000000014000ded0 f   LIBCMTD:fread.obj
 0001:0000d820       fread                      000000014000e820 f   LIBCMTD:fread.obj
 0001:0000d870       fread_s                    000000014000e870 f   LIBCMTD:fread.obj
 0001:0000d9c0       _fseek_nolock              000000014000e9c0 f   LIBCMTD:fseek.obj
 0001:0000dae0       fseek                      000000014000eae0 f   LIBCMTD:fseek.obj
 0001:0000dc90       _ftell_nolock              000000014000ec90 f   LIBCMTD:ftell.obj
 0001:0000e350       ftell                      000000014000f350 f   LIBCMTD:ftell.obj
 0001:0000e440       free                       000000014000f440 f   LIBCMTD:dbgfree.obj
 0001:0000e460       malloc                     000000014000f460 f   LIBCMTD:dbgmalloc.obj
 0001:0000e4a0       __GSHandlerCheck           000000014000f4a0 f   LIBCMTD:gshandler.obj
 0001:0000e4e0       __GSHandlerCheckCommon     000000014000f4e0 f   LIBCMTD:gshandler.obj
 0001:0000e5f0       _alloca_probe              000000014000f5f0 f   LIBCMTD:chkstk.obj
 0001:0000e5f0       __chkstk                   000000014000f5f0 f   LIBCMTD:chkstk.obj
 0001:0000e650       __security_check_cookie    000000014000f650 f   LIBCMTD:amdsecgs.obj
 0001:0000e670       ceilf                      000000014000f670 f   LIBCMTD:ceilf.obj
 0001:0000e830       tanf                       000000014000f830 f   LIBCMTD:tanf.obj
 0001:0000ee70       _fpmath                    000000014000fe70 f   LIBCMTD:fpinit.obj
 0001:0000ee90       _cfltcvt_init              000000014000fe90 f   LIBCMTD:fpinit.obj
 0001:0000efa0       WinMainCRTStartup          000000014000ffa0 f   LIBCMTD:wincrt0.obj
 0001:0000f1f0       _call_reportfault          00000001400101f0 f   LIBCMTD:invarg.obj
 0001:0000f320       _initp_misc_invarg         0000000140010320 f   LIBCMTD:invarg.obj
 0001:0000f340       _invalid_parameter         0000000140010340 f   LIBCMTD:invarg.obj
 0001:0000f3d0       _invoke_watson             00000001400103d0 f   LIBCMTD:invarg.obj
 0001:0000f430       _fileno                    0000000140010430 f   LIBCMTD:fileno.obj
 0001:0000f4f0       __initstdio                00000001400104f0 f   LIBCMTD:_file.obj
 0001:0000f5f0       __endstdio                 00000001400105f0 f   LIBCMTD:_file.obj
 0001:0000f630       __iob_func                 0000000140010630 f   LIBCMTD:_file.obj
 0001:0000f640       _lock_file                 0000000140010640 f   LIBCMTD:_file.obj
 0001:0000f6d0       _lock_file2                00000001400106d0 f   LIBCMTD:_file.obj
 0001:0000f720       _unlock_file               0000000140010720 f   LIBCMTD:_file.obj
 0001:0000f7b0       _unlock_file2              00000001400107b0 f   LIBCMTD:_file.obj
 0001:0000f800       _close                     0000000140010800 f   LIBCMTD:close.obj
 0001:0000fa80       _close_nolock              0000000140010a80 f   LIBCMTD:close.obj
 0001:0000fb90       __doserrno                 0000000140010b90 f   LIBCMTD:dosmap.obj
 0001:0000fbc0       _dosmaperr                 0000000140010bc0 f   LIBCMTD:dosmap.obj
 0001:0000fbf0       _errno                     0000000140010bf0 f   LIBCMTD:dosmap.obj
 0001:0000fc20       _get_errno_from_oserr      0000000140010c20 f   LIBCMTD:dosmap.obj
 0001:0000fcb0       _freebuf                   0000000140010cb0 f   LIBCMTD:_freebuf.obj
 0001:0000fd70       _fflush_nolock             0000000140010d70 f   LIBCMTD:fflush.obj
 0001:0000fdf0       _flush                     0000000140010df0 f   LIBCMTD:fflush.obj
 0001:0000fee0       _flushall                  0000000140010ee0 f   LIBCMTD:fflush.obj
 0001:00010070       _CrtDbgReportW             0000000140011070 f   LIBCMTD:dbgrptw.obj
 0001:000100f0       _CrtDbgReportWV            00000001400110f0 f i LIBCMTD:dbgrptw.obj
 0001:00010150       __crtMessageWindowW        0000000140011150 f   LIBCMTD:dbgrptw.obj
 0001:000107d0       _invoke_watson_if_error    00000001400117d0 f i LIBCMTD:dbgrptw.obj
 0001:00010820       _invoke_watson_if_oneof    0000000140011820 f i LIBCMTD:dbgrptw.obj
 0001:00010890       ??0_LocaleUpdate@@QEAA@PEAUlocaleinfo_struct@@@Z 0000000140011890 f i LIBCMTD:dbgheap.obj
 0001:000109d0       ??1_LocaleUpdate@@QEAA@XZ  00000001400119d0 f i LIBCMTD:dbgheap.obj
 0001:00010a10       ?GetLocaleT@_LocaleUpdate@@QEAAPEAUlocaleinfo_struct@@XZ 0000000140011a10 f i LIBCMTD:dbgheap.obj
 0001:00010f50       _CrtCheckMemory            0000000140011f50 f   LIBCMTD:dbgheap.obj
 0001:000114f0       _CrtDumpMemoryLeaks        00000001400124f0 f   LIBCMTD:dbgheap.obj
 0001:000115b0       _CrtGetCheckCount          00000001400125b0 f   LIBCMTD:dbgheap.obj
 0001:000115c0       _CrtIsValidHeapPointer     00000001400125c0 f   LIBCMTD:dbgheap.obj
 0001:00011620       _CrtIsValidPointer         0000000140012620 f   LIBCMTD:dbgheap.obj
 0001:00011660       _CrtMemCheckpoint          0000000140012660 f   LIBCMTD:dbgheap.obj
 0001:000118f0       _CrtMemDumpAllObjectsSince 00000001400128f0 f   LIBCMTD:dbgheap.obj
 0001:00011940       _CrtSetCheckCount          0000000140012940 f   LIBCMTD:dbgheap.obj
 0001:00011960       _CrtSetDbgFlag             0000000140012960 f   LIBCMTD:dbgheap.obj
 0001:00011aa0       _calloc_dbg                0000000140012aa0 f   LIBCMTD:dbgheap.obj
 0001:00011b20       _calloc_dbg_impl           0000000140012b20 f   LIBCMTD:dbgheap.obj
 0001:00011bd0       _free_dbg                  0000000140012bd0 f   LIBCMTD:dbgheap.obj
 0001:00011c10       _free_dbg_nolock           0000000140012c10 f   LIBCMTD:dbgheap.obj
 0001:000127a0       _malloc_dbg                00000001400137a0 f   LIBCMTD:dbgheap.obj
 0001:000127f0       _msize_dbg                 00000001400137f0 f   LIBCMTD:dbgheap.obj
 0001:00012a40       _nh_malloc_dbg             0000000140013a40 f   LIBCMTD:dbgheap.obj
 0001:00012dd0       _realloc_dbg               0000000140013dd0 f   LIBCMTD:dbgheap.obj
 0001:00013740       __C_specific_handler       0000000140014740 f   LIBCMTD:chandler.obj
 0001:00013b60       _getstream                 0000000140014b60 f   LIBCMTD:stream.obj
 0001:00013da0       _openfile                  0000000140014da0 f   LIBCMTD:_open.obj
 0001:00014880       _local_unwind              0000000140015880 f   LIBCMTD:jmpuwind.obj
 0001:000148b0       _NLG_Notify                00000001400158b0 f   LIBCMTD:jmpuwind.obj
 0001:000148d0       __NLG_Dispatch2            00000001400158d0 f   LIBCMTD:jmpuwind.obj
 0001:000148e0       __NLG_Return2              00000001400158e0 f   LIBCMTD:jmpuwind.obj
 0001:000148f0       _filbuf                    00000001400158f0 f   LIBCMTD:_filbuf.obj
 0001:00014c10       memcpy_s                   0000000140015c10 f   LIBCMTD:memcpy_s.obj
 0001:00014e90       memset                     0000000140015e90 f   LIBCMTD:memset.obj
 0001:000150c0       _read                      00000001400160c0 f   LIBCMTD:read.obj
 0001:00015420       _read_nolock               0000000140016420 f   LIBCMTD:read.obj
 0001:00016f80       _lseek                     0000000140017f80 f   LIBCMTD:lseek.obj
 0001:00017220       _lseek_nolock              0000000140018220 f   LIBCMTD:lseek.obj
 0001:000173b0       _lseeki64                  00000001400183b0 f   LIBCMTD:lseeki64.obj
 0001:00017660       _lseeki64_nolock           0000000140018660 f   LIBCMTD:lseeki64.obj
 0001:00017780       _ioinit                    0000000140018780 f   LIBCMTD:ioinit.obj
 0001:00017d60       __raise_securityfailure    0000000140018d60 f   LIBCMTD:gs_report.obj
 0001:00017db0       __report_gsfailure         0000000140018db0 f   LIBCMTD:gs_report.obj
 0001:00017e90       __report_rangecheckfailure 0000000140018e90 f   LIBCMTD:gs_report.obj
 0001:00017eb0       __report_securityfailure   0000000140018eb0 f   LIBCMTD:gs_report.obj
 0001:00018120       _handle_errorf             0000000140019120 f   LIBCMTD:libm_error.obj
 0001:000182a0       __fma3_lib_init            00000001400192a0 f   LIBCMTD:fma3_available.obj
 0001:00018320       _sincosf_special           0000000140019320 f   LIBCMTD:sincos_special.obj
 0001:00018520       _tanf_special              0000000140019520 f   LIBCMTD:sincos_special.obj
 0001:00018550       ?strrchr@@YAPEADPEADH@Z    0000000140019550 f i LIBCMTD:cvt.obj
 0001:00018570       _cfltcvt                   0000000140019570 f   LIBCMTD:cvt.obj
 0001:000185c0       _cfltcvt_l                 00000001400195c0 f   LIBCMTD:cvt.obj
 0001:000186e0       _cftoa_l                   00000001400196e0 f   LIBCMTD:cvt.obj
 0001:000191e0       _cftoe                     000000014001a1e0 f   LIBCMTD:cvt.obj
 0001:00019800       _cftoe_l                   000000014001a800 f   LIBCMTD:cvt.obj
 0001:00019f00       _cftof_l                   000000014001af00 f   LIBCMTD:cvt.obj
 0001:0001a1e0       _cftog_l                   000000014001b1e0 f   LIBCMTD:cvt.obj
 0001:0001a5a0       _cropzeros                 000000014001b5a0 f   LIBCMTD:cvt.obj
 0001:0001a5c0       _cropzeros_l               000000014001b5c0 f   LIBCMTD:cvt.obj
 0001:0001a740       _fassign                   000000014001b740 f   LIBCMTD:cvt.obj
 0001:0001a770       _fassign_l                 000000014001b770 f   LIBCMTD:cvt.obj
 0001:0001a7e0       _forcdecpt                 000000014001b7e0 f   LIBCMTD:cvt.obj
 0001:0001a800       _forcdecpt_l               000000014001b800 f   LIBCMTD:cvt.obj
 0001:0001a900       _positive                  000000014001b900 f   LIBCMTD:cvt.obj
 0001:0001a990       _initp_misc_cfltcvt_tab    000000014001b990 f   LIBCMTD:cmiscdat.obj
 0001:0001a9e0       ?__CxxUnhandledExceptionFilter@@YAJPEAU_EXCEPTION_POINTERS@@@Z 000000014001b9e0 f   LIBCMTD:unhandld.obj
 0001:0001aa60       __CxxSetUnhandledExceptionFilter 000000014001ba60 f   LIBCMTD:unhandld.obj
 0001:0001aa80       _XcptFilter                000000014001ba80 f   LIBCMTD:winxfltr.obj
 0001:0001adb0       _freefls                   000000014001bdb0 f   LIBCMTD:tidtable.obj
 0001:0001afc0       _getptd                    000000014001bfc0 f   LIBCMTD:tidtable.obj
 0001:0001aff0       _getptd_noexit             000000014001bff0 f   LIBCMTD:tidtable.obj
 0001:0001b0c0       _initptd                   000000014001c0c0 f   LIBCMTD:tidtable.obj
 0001:0001b1f0       _mtinit                    000000014001c1f0 f   LIBCMTD:tidtable.obj
 0001:0001b2b0       _mtterm                    000000014001c2b0 f   LIBCMTD:tidtable.obj
 0001:0001b2e0       __copy_path_to_wide_string 000000014001c2e0 f   LIBCMTD:crt0dat.obj
 0001:0001b560       __crtCorExitProcess        000000014001c560 f   LIBCMTD:crt0dat.obj
 0001:0001b5b0       __crtExitProcess           000000014001c5b0 f   LIBCMTD:crt0dat.obj
 0001:0001b5d0       __freeCrtMemory            000000014001c5d0 f   LIBCMTD:crt0dat.obj
 0001:0001b800       _amsg_exit                 000000014001c800 f   LIBCMTD:crt0dat.obj
 0001:0001b830       _c_exit                    000000014001c830 f   LIBCMTD:crt0dat.obj
 0001:0001b850       _cexit                     000000014001c850 f   LIBCMTD:crt0dat.obj
 0001:0001b870       _cinit                     000000014001c870 f   LIBCMTD:crt0dat.obj
 0001:0001b920       _exit                      000000014001c920 f   LIBCMTD:crt0dat.obj
 0001:0001b940       _init_pointers             000000014001c940 f   LIBCMTD:crt0dat.obj
 0001:0001b9f0       _initterm_e                000000014001c9f0 f   LIBCMTD:crt0dat.obj
 0001:0001ba50       _lockexit                  000000014001ca50 f   LIBCMTD:crt0dat.obj
 0001:0001ba70       _unlockexit                000000014001ca70 f   LIBCMTD:crt0dat.obj
 0001:0001bca0       exit                       000000014001cca0 f   LIBCMTD:crt0dat.obj
 0001:0001bcc0       _heap_init                 000000014001ccc0 f   LIBCMTD:heapinit.obj
 0001:0001bcf0       _set_pgmptr                000000014001ccf0 f i LIBCMTD:stdargv.obj
 0001:0001bd10       _setargv                   000000014001cd10 f   LIBCMTD:stdargv.obj
 0001:0001c370       _setenvp                   000000014001d370 f   LIBCMTD:stdenvp.obj
 0001:0001c580       _FF_MSGBANNER              000000014001d580 f   LIBCMTD:crt0msg.obj
 0001:0001c5d0       _GET_RTERRMSG              000000014001d5d0 f   LIBCMTD:crt0msg.obj
 0001:0001c630       _NMSG_WRITE                000000014001d630 f   LIBCMTD:crt0msg.obj
 0001:0001ca60       __set_app_type             000000014001da60 f   LIBCMTD:errmode.obj
 0001:0001ca70       _set_error_mode            000000014001da70 f   LIBCMTD:errmode.obj
 0001:0001cb80       __security_init_cookie     000000014001db80 f   LIBCMTD:gs_support.obj
 0001:0001cca0       _RTC_Initialize            000000014001dca0 f   LIBCMTD:initsect.obj
 0001:0001cce0       _RTC_Terminate             000000014001dce0 f   LIBCMTD:initsect.obj
 0001:0001cd20       __crtGetEnvironmentStringsA 000000014001dd20 f   LIBCMTD:a_env.obj
 0001:0001cf00       __crtCaptureCurrentContext 000000014001df00 f   LIBCMTD:winapisupp.obj
 0001:0001cfa0       __crtCapturePreviousContext 000000014001dfa0 f   LIBCMTD:winapisupp.obj
 0001:0001d060       __crtFlsAlloc              000000014001e060 f   LIBCMTD:winapisupp.obj
 0001:0001d0b0       __crtFlsFree               000000014001e0b0 f   LIBCMTD:winapisupp.obj
 0001:0001d100       __crtFlsGetValue           000000014001e100 f   LIBCMTD:winapisupp.obj
 0001:0001d150       __crtFlsSetValue           000000014001e150 f   LIBCMTD:winapisupp.obj
 0001:0001d1b0       __crtGetShowWindowMode     000000014001e1b0 f   LIBCMTD:winapisupp.obj
 0001:0001d1f0       __crtInitializeCriticalSectionEx 000000014001e1f0 f   LIBCMTD:winapisupp.obj
 0001:0001d260       __crtIsPackagedApp         000000014001e260 f   LIBCMTD:winapisupp.obj
 0001:0001d2a0       __crtLoadWinApiPointers    000000014001e2a0 f   LIBCMTD:winapisupp.obj
 0001:0001d890       __crtSetUnhandledExceptionFilter 000000014001e890 f   LIBCMTD:winapisupp.obj
 0001:0001d8b0       __crtTerminateProcess      000000014001e8b0 f   LIBCMTD:winapisupp.obj
 0001:0001d8d0       __crtUnhandledException    000000014001e8d0 f   LIBCMTD:winapisupp.obj
 0001:0001d900       _wincmdln                  000000014001e900 f   LIBCMTD:wincmdln.obj
 0001:0001da10       _CrtDefaultAllocHook       000000014001ea10 f   LIBCMTD:dbghook.obj
 0001:0001da30       __crt_debugger_hook        000000014001ea30 f   LIBCMTD:dbghook.obj
 0001:0001da40       _fcloseall                 000000014001ea40 f   LIBCMTD:closeall.obj
 0001:0001db40       _lock                      000000014001eb40 f   LIBCMTD:mlock.obj
 0001:0001dba0       _mtdeletelocks             000000014001eba0 f   LIBCMTD:mlock.obj
 0001:0001dcc0       _mtinitlocknum             000000014001ecc0 f   LIBCMTD:mlock.obj
 0001:0001ddc0       _mtinitlocks               000000014001edc0 f   LIBCMTD:mlock.obj
 0001:0001de60       _unlock                    000000014001ee60 f   LIBCMTD:mlock.obj
 0001:0001de90       __lock_fhandle             000000014001ee90 f   LIBCMTD:osfinfo.obj
 0001:0001df60       _alloc_osfhnd              000000014001ef60 f   LIBCMTD:osfinfo.obj
 0001:0001e240       _free_osfhnd               000000014001f240 f   LIBCMTD:osfinfo.obj
 0001:0001e370       _get_osfhandle             000000014001f370 f   LIBCMTD:osfinfo.obj
 0001:0001e570       _set_osfhnd                000000014001f570 f   LIBCMTD:osfinfo.obj
 0001:0001e680       _unlock_fhandle            000000014001f680 f   LIBCMTD:osfinfo.obj
 0001:0001e6c0       _commit                    000000014001f6c0 f   LIBCMTD:commit.obj
 0001:0001e950       _write                     000000014001f950 f   LIBCMTD:write.obj
 0001:0001ebf0       _write_nolock              000000014001fbf0 f   LIBCMTD:write.obj
 0001:0001fd30       wcscpy_s                   0000000140020d30 f   LIBCMTD:wcscpy_s.obj
 0001:000201e0       wcslen                     00000001400211e0 f   LIBCMTD:wcslen.obj
 0001:00020230       _snwprintf_s               0000000140021230 f   LIBCMTD:swprintf.obj
 0001:00020290       __get_sigabrt              0000000140021290 f   LIBCMTD:winsig.obj
 0001:000202b0       _initp_misc_winsig         00000001400212b0 f   LIBCMTD:winsig.obj
 0001:000202f0       raise                      00000001400212f0 f   LIBCMTD:winsig.obj
 0001:00020760       __crtMessageBoxW           0000000140021760 f   LIBCMTD:crtmboxw.obj
 0001:00020bd0       __crtMessageBoxWaitThreadW 0000000140021bd0 f   LIBCMTD:crtmboxw.obj
 0001:00020c20       _CrtDbgBreak               0000000140021c20 f   LIBCMTD:dbgrptt.obj
 0001:00020c30       _VCrtDbgReportA            0000000140021c30 f   LIBCMTD:dbgrptt.obj
 0001:00021600       _VCrtDbgReportW            0000000140022600 f   LIBCMTD:dbgrptt.obj
 0001:00022140       __addlocaleref             0000000140023140 f   LIBCMTD:localref.obj
 0001:00022290       __freetlocinfo             0000000140023290 f   LIBCMTD:localref.obj
 0001:00022640       __removelocaleref          0000000140023640 f   LIBCMTD:localref.obj
 0001:000227a0       __updatetlocinfo           00000001400237a0 f   LIBCMTD:localref.obj
 0001:00022840       _updatetlocinfoEx_nolock   0000000140023840 f   LIBCMTD:localref.obj
 0001:000228e0       __initmbctable             00000001400238e0 f   LIBCMTD:mbctype.obj
 0001:00022f70       __updatetmbcinfo           0000000140023f70 f   LIBCMTD:mbctype.obj
 0001:00023080       _setmbcp                   0000000140024080 f   LIBCMTD:mbctype.obj
 0001:00023370       _setmbcp_nolock            0000000140024370 f   LIBCMTD:mbctype.obj
 0001:000237c0       _chvalidator               00000001400247c0 f   LIBCMTD:isctype.obj
 0001:00023830       _chvalidator_l             0000000140024830 f   LIBCMTD:isctype.obj
 0001:00023940       _isctype_l                 0000000140024940 f   LIBCMTD:isctype.obj
 0001:00023b30       memcpy                     0000000140024b30 f   LIBCMTD:memcpy.obj
 0001:00023b30       memmove                    0000000140024b30 f   LIBCMTD:memcpy.obj
 0001:000240a0       _free_base                 00000001400250a0 f   LIBCMTD:free.obj
 0001:00024100       _realloc_base              0000000140025100 f   LIBCMTD:realloc.obj
 0001:00024220       _expand_base               0000000140025220 f   LIBCMTD:expand.obj
 0001:00024400       _CrtDbgReport              0000000140025400 f   LIBCMTD:dbgrpt.obj
 0001:00024480       _CrtDbgReportV             0000000140025480 f i LIBCMTD:dbgrpt.obj
 0001:000244e0       __crtMessageWindowA        00000001400254e0 f   LIBCMTD:dbgrpt.obj
 0001:00024b60       _callnewh                  0000000140025b60 f   LIBCMTD:handler.obj
 0001:00024ba0       _initp_heap_handler        0000000140025ba0 f   LIBCMTD:handler.obj
 0001:00024bc0       _heapchk                   0000000140025bc0 f   LIBCMTD:heapchk.obj
 0001:00024c00       _snprintf_s                0000000140025c00 f   LIBCMTD:sprintf.obj
 0001:00024c60       sprintf_s                  0000000140025c60 f   LIBCMTD:sprintf.obj
 0001:00024cb0       _heap_alloc_base           0000000140025cb0 f i LIBCMTD:malloc.obj
 0001:00024d20       _malloc_base               0000000140025d20 f   LIBCMTD:malloc.obj
 0001:00024dc0       _FindPESection             0000000140025dc0 f   LIBCMTD:pesect.obj
 0001:00024e70       _IsNonwritableInCurrentImage 0000000140025e70 f   LIBCMTD:pesect.obj
 0001:00024f00       _ValidateImageBase         0000000140025f00 f   LIBCMTD:pesect.obj
 0001:00024f80       _sopen_helper              0000000140025f80 f   LIBCMTD:open.obj
 0001:000252c0       _sopen_nolock              00000001400262c0 f   LIBCMTD:open.obj
 0001:00025360       _sopen_s                   0000000140026360 f   LIBCMTD:open.obj
 0001:000253b0       _mbsnbcmp                  00000001400263b0 f   LIBCMTD:mbsnbcmp.obj
 0001:000253e0       _mbsnbcmp_l                00000001400263e0 f   LIBCMTD:mbsnbcmp.obj
 0001:00025850       _mbsnbicmp                 0000000140026850 f   LIBCMTD:mbsnbicm.obj
 0001:00025880       _mbsnbicmp_l               0000000140026880 f   LIBCMTD:mbsnbicm.obj
 0001:00026020       _getbuf                    0000000140027020 f   LIBCMTD:_getbuf.obj
 0001:00026130       __isa_available_init       0000000140027130 f   LIBCMTD:cpu_disp.obj
 0001:00026470       _isatty                    0000000140027470 f   LIBCMTD:isatty.obj
 0001:00026580       _raise_exc_ex              0000000140027580 f   LIBCMTD:fpexcept.obj
 0001:00026c00       _raise_excf                0000000140027c00 f   LIBCMTD:fpexcept.obj
 0001:00026c60       _set_errno_from_matherr    0000000140027c60 f   LIBCMTD:fpexcept.obj
 0001:00026cb0       _clrfp                     0000000140027cb0 f   LIBCMTD:fpctrl.obj
 0001:00026ce0       _ctrlfp                    0000000140027ce0 f   LIBCMTD:fpctrl.obj
 0001:00026d90       _set_statfp                0000000140027d90 f   LIBCMTD:fpctrl.obj
 0001:00026dd0       _statfp                    0000000140027dd0 f   LIBCMTD:fpctrl.obj
 0001:00026e00       _matherr                   0000000140027e00 f   LIBCMTD:matherr.obj
 0001:00026e10       _isdigit_l                 0000000140027e10 f i LIBCMTD:_ctype.obj
 0001:00026eb0       isdigit                    0000000140027eb0 f i LIBCMTD:_ctype.obj
 0001:00026ef0       _tolower_l                 0000000140027ef0 f   LIBCMTD:tolower.obj
 0001:00027250       tolower                    0000000140028250 f   LIBCMTD:tolower.obj
 0001:000272a0       strcpy_s                   00000001400282a0 f   LIBCMTD:strcpy_s.obj
 0001:00027750       strlen                     0000000140028750 f   LIBCMTD:strlen.obj
 0001:00027800       strrchr                    0000000140028800 f   LIBCMTD:strrchr.obj
 0001:00027c20       _fptostr                   0000000140028c20 f   LIBCMTD:_fptostr.obj
 0001:00028080       __crt_atoflt_l             0000000140029080 f   LIBCMTD:atodbl.obj
 0001:00028220       _atodbl_l                  0000000140029220 f   LIBCMTD:atodbl.obj
 0001:000283a0       _atoflt_l                  00000001400293a0 f   LIBCMTD:atodbl.obj
 0001:000283d0       __dtold                    00000001400293d0 f   LIBCMTD:cfout.obj
 0001:00028580       _fltout2                   0000000140029580 f   LIBCMTD:cfout.obj
 0001:00028690       _fptrap                    0000000140029690 f   LIBCMTD:crt0fp.obj
 0001:000286b0       ?_inconsistency@@YAXXZ     00000001400296b0 f   LIBCMTD:hooks.obj
 0001:000286e0       ?terminate@@YAXXZ          00000001400296e0 f   LIBCMTD:hooks.obj
 0001:00028710       _initp_eh_hooks            0000000140029710 f   LIBCMTD:hooks.obj
 0001:00028740       __onexitinit               0000000140029740 f   LIBCMTD:onexit.obj
 0001:000287b0       _onexit                    00000001400297b0 f   LIBCMTD:onexit.obj
 0001:000289c0       atexit                     00000001400299c0 f   LIBCMTD:onexit.obj
 0001:00028a00       _initp_misc_purevirt       0000000140029a00 f   LIBCMTD:inithelp.obj
 0001:00028a20       _initp_misc_rand_s         0000000140029a20 f   LIBCMTD:rand_s.obj
 0001:00028b10       _ismbblead                 0000000140029b10 f   LIBCMTD:ismbbyte.obj
 0001:00028b40       wcscat_s                   0000000140029b40 f   LIBCMTD:wcscat_s.obj
 0001:00029170       wcsncpy_s                  000000014002a170 f   LIBCMTD:wcsncpy_s.obj
 0001:00029810       _isleadbyte_l              000000014002a810 f i LIBCMTD:_wctype.obj
 0001:00029870       isleadbyte                 000000014002a870 f i LIBCMTD:_wctype.obj
 0001:00029890       _mbtowc_l                  000000014002a890 f   LIBCMTD:mbtowc.obj
 0001:00029bd0       mbtowc                     000000014002abd0 f   LIBCMTD:mbtowc.obj
 0001:00029c00       _putwch_nolock             000000014002ac00 f   LIBCMTD:putwch.obj
 0001:00029c70       _flsbuf                    000000014002ac70 f   LIBCMTD:_flsbuf.obj
 0001:0002a010       _vsnwprintf_s              000000014002b010 f   LIBCMTD:vswprnc.obj
 0001:0002a060       _vsnwprintf_s_l            000000014002b060 f   LIBCMTD:vswprnc.obj
 0001:0002a610       _vswprintf_helper          000000014002b610 f   LIBCMTD:vswprnc.obj
 0001:0002a960       get_int64_arg              000000014002b960 f i LIBCMTD:woutput.obj
 0001:0002a9d0       get_int_arg                000000014002b9d0 f i LIBCMTD:woutput.obj
 0001:0002aa30       strcat_s                   000000014002ba30 f   LIBCMTD:strcat_s.obj
 0001:0002b040       _itoa_s                    000000014002c040 f   LIBCMTD:xtoas.obj
 0001:0002b670       _mbstowcs_l_helper         000000014002c670 f   LIBCMTD:mbstowcs.obj
 0001:0002bbe0       _mbstowcs_s_l              000000014002cbe0 f   LIBCMTD:mbstowcs.obj
 0001:0002c170       mbstowcs_s                 000000014002d170 f   LIBCMTD:mbstowcs.obj
 0001:0002c250       _wcstombs_l_helper         000000014002d250 f   LIBCMTD:wcstombs.obj
 0001:0002ca60       _wcstombs_s_l              000000014002da60 f   LIBCMTD:wcstombs.obj
 0001:0002cf60       wcstombs_s                 000000014002df60 f   LIBCMTD:wcstombs.obj
 0001:0002cfb0       _itow_s                    000000014002dfb0 f   LIBCMTD:xtows.obj
 0001:0002d600       _vsnprintf_helper          000000014002e600 f   LIBCMTD:vsnprnc.obj
 0001:0002d8e0       _vsnprintf_s               000000014002e8e0 f   LIBCMTD:vsnprnc.obj
 0001:0002d930       _vsnprintf_s_l             000000014002e930 f   LIBCMTD:vsnprnc.obj
 0001:0002ded0       _vsprintf_s_l              000000014002eed0 f   LIBCMTD:vsnprnc.obj
 0001:0002e260       __GSHandlerCheck_SEH       000000014002f260 f   LIBCMTD:gshandlerseh.obj
 0001:0002e320       __free_lconv_mon           000000014002f320 f   LIBCMTD:initmon.obj
 0001:0002e530       __free_lconv_num           000000014002f530 f   LIBCMTD:initnum.obj
 0001:0002e610       __free_lc_time             000000014002f610 f   LIBCMTD:inittime.obj
 0001:0002f550       _MallocaIsSizeInRange      0000000140030550 f i LIBCMTD:a_map.obj
 0001:0002f590       _MarkAllocaS               0000000140030590 f i LIBCMTD:a_map.obj
 0001:0002f5c0       __crtLCMapStringA          00000001400305c0 f   LIBCMTD:a_map.obj
 0001:0002f670       _freea                     0000000140030670 f i LIBCMTD:a_map.obj
 0001:0002f8c0       __crtGetStringTypeA        00000001400308c0 f   LIBCMTD:a_str.obj
 0001:0002f9e0       ?_GetEstablisherFrame@@YAPEA_KPEA_KPEAU_xDISPATCHER_CONTEXT@@PEBU_s_FuncInfo@@0@Z 00000001400309e0 f   LIBCMTD:trnsctrl.obj
 0001:0002fb50       ?_GetRangeOfTrysToCheck@@YAPEBU_s_TryBlockMapEntry@@PEA_KPEBU_s_FuncInfo@@HHPEAI2PEAU_xDISPATCHER_CONTEXT@@@Z 0000000140030b50 f   LIBCMTD:trnsctrl.obj
 0001:0002fd70       ?__FrameUnwindToEmptyState@@YAXPEA_KPEAU_xDISPATCHER_CONTEXT@@PEBU_s_FuncInfo@@@Z 0000000140030d70 f   LIBCMTD:trnsctrl.obj
 0001:0002fe10       ?__SehTransFilter@@YAHPEAU_EXCEPTION_POINTERS@@PEAUEHExceptionRecord@@PEA_KPEAU_CONTEXT@@PEAU_xDISPATCHER_CONTEXT@@PEBU_s_FuncInfo@@PEAH@Z 0000000140030e10 f   LIBCMTD:trnsctrl.obj
 0001:0002fed0       _CallSETranslator          0000000140030ed0 f   LIBCMTD:trnsctrl.obj
 0001:0002ff50       _CreateFrameInfo           0000000140030f50 f   LIBCMTD:trnsctrl.obj
 0001:0002ffd0       _FindAndUnlinkFrame        0000000140030fd0 f   LIBCMTD:trnsctrl.obj
 0001:00030060       _GetImageBase              0000000140031060 f   LIBCMTD:trnsctrl.obj
 0001:00030080       _GetThrowImageBase         0000000140031080 f   LIBCMTD:trnsctrl.obj
 0001:000300a0       _IsExceptionObjectToBeDestroyed 00000001400310a0 f   LIBCMTD:trnsctrl.obj
 0001:00030100       _SetImageBase              0000000140031100 f   LIBCMTD:trnsctrl.obj
 0001:00030120       _SetThrowImageBase         0000000140031120 f   LIBCMTD:trnsctrl.obj
 0001:00030140       _UnwindNestedFrames        0000000140031140 f   LIBCMTD:trnsctrl.obj
 0001:000302b0       __CxxFrameHandler3         00000001400312b0 f   LIBCMTD:trnsctrl.obj
 0001:00030370       _locterm                   0000000140031370 f   LIBCMTD:wsetloca.obj
 0001:000303c0       get_short_arg              00000001400313c0 f i LIBCMTD:output.obj
 0001:00030550       _wsopen_nolock             0000000140031550 f   LIBCMTD:wopen.obj
 0001:00031a00       strncmp                    0000000140032a00 f   LIBCMTD:strncmp.obj
 0001:00031a80       __ascii_strnicmp           0000000140032a80 f   LIBCMTD:strnicmp.obj
 0001:00031b60       _strnicmp                  0000000140032b60 f   LIBCMTD:strnicmp.obj
 0001:00031db0       _strnicmp_l                0000000140032db0 f   LIBCMTD:strnicmp.obj
 0001:00032170       _get_fpsr                  0000000140033170 f   LIBCMTD:fpsr.obj
 0001:00032180       _set_fpsr                  0000000140033180 f   LIBCMTD:fpsr.obj
 0001:0003218a       _fclrf                     000000014003318a f   LIBCMTD:fpsr.obj
 0001:0003219e       _frnd                      000000014003319e f   LIBCMTD:fpsr.obj
 0001:000321c0       _CopyMan                   00000001400331c0 f i LIBCMTD:intrncvt.obj
 0001:00032230       _FillZeroMan               0000000140033230 f i LIBCMTD:intrncvt.obj
 0001:00032270       _IncMan                    0000000140033270 f i LIBCMTD:intrncvt.obj
 0001:00032350       _IsZeroMan                 0000000140033350 f i LIBCMTD:intrncvt.obj
 0001:00032390       _RoundMan                  0000000140033390 f i LIBCMTD:intrncvt.obj
 0001:000324a0       _ShrMan                    00000001400334a0 f i LIBCMTD:intrncvt.obj
 0001:000325e0       _ZeroTail                  00000001400335e0 f i LIBCMTD:intrncvt.obj
 0001:00032690       __addl                     0000000140033690 f i LIBCMTD:intrncvt.obj
 0001:000326f0       _ld12cvt                   00000001400336f0 f i LIBCMTD:intrncvt.obj
 0001:00032a60       _ld12tod                   0000000140033a60 f   LIBCMTD:intrncvt.obj
 0001:00032a90       _ld12tof                   0000000140033a90 f   LIBCMTD:intrncvt.obj
 0001:00032ac0       __ld12mul                  0000000140033ac0 f i LIBCMTD:strgtold.obj
 0001:00033030       __multtenpow12             0000000140034030 f i LIBCMTD:strgtold.obj
 0001:00033160       __shl_12                   0000000140034160 f i LIBCMTD:strgtold.obj
 0001:00033200       __shr_12                   0000000140034200 f i LIBCMTD:strgtold.obj
 0001:000332a0       __strgtold12_l             00000001400342a0 f   LIBCMTD:strgtold.obj
 0001:00034080       $I10_OUTPUT                0000000140035080 f   LIBCMTD:x10fout.obj
 0001:00034940       __add_12                   0000000140035940 f i LIBCMTD:x10fout.obj
 0001:00034a20       abort                      0000000140035a20 f   LIBCMTD:abort.obj
 0001:00034ab0       GetTableIndexFromLocaleName 0000000140035ab0 f   LIBCMTD:winapinls.obj
 0001:00034b60       __crtDownlevelLocaleNameToLCID 0000000140035b60 f   LIBCMTD:winapinls.obj
 0001:00034bc0       __crtLCMapStringEx         0000000140035bc0 f   LIBCMTD:winapinls.obj
 0001:00034ca0       __wcsnicmp_ascii           0000000140035ca0 f   LIBCMTD:winapinls.obj
 0001:00034db0       __termconout               0000000140035db0 f   LIBCMTD:initcon.obj
 0001:00034de0       __initconout               0000000140035de0 f   LIBCMTD:initcon.obj
 0001:00034e30       _woutput_s_l               0000000140035e30 f   LIBCMTD:woutputs.obj
 0001:00036720       _get_printf_count_output   0000000140037720 f   LIBCMTD:printf.obj
 0001:00036750       _fputwc_nolock             0000000140037750 f   LIBCMTD:fputwc.obj
 0001:00036bb0       _output_s_l                0000000140037bb0 f   LIBCMTD:outputs.obj
 0001:00038790       __DestructExceptionObject  0000000140039790 f   LIBCMTD:frame.obj
 0001:00038880       ??0bad_exception@std@@QEAA@AEBV01@@Z 0000000140039880 f i LIBCMTD:frame.obj
 0001:000388c0       ??0bad_exception@std@@QEAA@PEBD@Z 00000001400398c0 f i LIBCMTD:frame.obj
 0001:00038900       ??1bad_exception@std@@UEAA@XZ 0000000140039900 f i LIBCMTD:frame.obj
 0001:00038930       ??_Gbad_exception@std@@UEAAPEAXI@Z 0000000140039930 f i LIBCMTD:frame.obj
 0001:00038930       ??_Ebad_exception@std@@UEAAPEAXI@Z 0000000140039930 f i LIBCMTD:frame.obj
 0001:00039900       __AdjustPointer            000000014003a900 f   LIBCMTD:frame.obj
 0001:00039980       __BuildCatchObject         000000014003a980 f   LIBCMTD:frame.obj
 0001:00039ac0       __BuildCatchObjectHelper   000000014003aac0 f   LIBCMTD:frame.obj
 0001:00039ef0       __CxxCallCatchBlock        000000014003aef0 f   LIBCMTD:frame.obj
 0001:0003a160       __FrameUnwindFilter        000000014003b160 f   LIBCMTD:frame.obj
 0001:0003a1f0       __FrameUnwindToState       000000014003b1f0 f   LIBCMTD:frame.obj
 0001:0003a450       __InternalCxxFrameHandler  000000014003b450 f   LIBCMTD:frame.obj
 0001:0003a870       __TypeMatch                000000014003b870 f   LIBCMTD:frame.obj
 0001:0003aa60       ?__GetCurrentState@@YAHPEA_KPEAU_xDISPATCHER_CONTEXT@@PEBU_s_FuncInfo@@@Z 000000014003ba60 f   LIBCMTD:ehstate.obj
 0001:0003aac0       ?__GetUnwindTryBlock@@YAHPEA_KPEAU_xDISPATCHER_CONTEXT@@PEBU_s_FuncInfo@@@Z 000000014003bac0 f   LIBCMTD:ehstate.obj
 0001:0003ab10       ?__SetState@@YAXPEA_KPEAU_xDISPATCHER_CONTEXT@@PEBU_s_FuncInfo@@H@Z 000000014003bb10 f   LIBCMTD:ehstate.obj
 0001:0003ab40       ?__SetUnwindTryBlock@@YAXPEA_KPEAU_xDISPATCHER_CONTEXT@@PEBU_s_FuncInfo@@H@Z 000000014003bb40 f   LIBCMTD:ehstate.obj
 0001:0003abb0       ?__StateFromControlPc@@YAHPEBU_s_FuncInfo@@PEAU_xDISPATCHER_CONTEXT@@@Z 000000014003bbb0 f   LIBCMTD:ehstate.obj
 0001:0003abe0       ?__StateFromIp@@YAHPEBU_s_FuncInfo@@PEAU_xDISPATCHER_CONTEXT@@_J@Z 000000014003bbe0 f   LIBCMTD:ehstate.obj
 0001:0003acd0       memcmp                     000000014003bcd0 f   LIBCMTD:memcmp.obj
 0001:0003ada0       _wctomb_s_l                000000014003bda0 f   LIBCMTD:wctomb.obj
 0001:0003b240       wctomb_s                   000000014003c240 f   LIBCMTD:wctomb.obj
 0001:0003b290       _chsize_nolock             000000014003c290 f   LIBCMTD:chsize.obj
 0001:0003b520       _get_fmode                 000000014003c520 f   LIBCMTD:setmode.obj
 0001:0003b5f0       _setmode_nolock            000000014003c5f0 f   LIBCMTD:setmode.obj
 0001:0003b930       __mtold12                  000000014003c930 f   LIBCMTD:mantold.obj
 0001:0003bac0       _flswbuf                   000000014003cac0 f   LIBCMTD:_flswbuf.obj
 0001:0003be70       ??3@YAXPEAX@Z              000000014003ce70 f   LIBCMTD:dbgdel.obj
 0001:0003bf50       strcmp                     000000014003cf50 f   LIBCMTD:strcmp.obj
 0001:0003bfc0       ?_ValidateExecute@@YAHP6A_JXZ@Z 000000014003cfc0 f   LIBCMTD:validate.obj
 0001:0003bff0       ?_ValidateWrite@@YAHPEAXI@Z 000000014003cff0 f   LIBCMTD:validate.obj
 0001:0003bff0       ?_ValidateRead@@YAHPEBXI@Z 000000014003cff0 f   LIBCMTD:validate.obj
 0001:0003c030       _CallSettingFrame          000000014003d030 f   LIBCMTD:handlers.obj
 0001:0003c070       _GetNextInstrOffset        000000014003d070 f   LIBCMTD:handlers.obj
 0001:0003c080       ??1type_info@@UEAA@XZ      000000014003d080 f   LIBCMTD:typinfo.obj
 0001:0003c0b0       ??8type_info@@QEBA_NAEBV0@@Z 000000014003d0b0 f   LIBCMTD:typinfo.obj
 0001:0003c100       ??_Etype_info@@UEAAPEAXI@Z 000000014003d100 f i LIBCMTD:typinfo.obj
 0001:0003c100       ??_Gtype_info@@UEAAPEAXI@Z 000000014003d100 f i LIBCMTD:typinfo.obj
 0001:0003c140       ??0exception@std@@QEAA@AEBQEBD@Z 000000014003d140 f   LIBCMTD:stdexcpt.obj
 0001:0003c190       ??0exception@std@@QEAA@AEBV01@@Z 000000014003d190 f   LIBCMTD:stdexcpt.obj
 0001:0003c1e0       ??1exception@std@@UEAA@XZ  000000014003d1e0 f   LIBCMTD:stdexcpt.obj
 0001:0003c210       ??4exception@std@@QEAAAEAV01@AEBV01@@Z 000000014003d210 f   LIBCMTD:stdexcpt.obj
 0001:0003c280       ??_Gexception@std@@UEAAPEAXI@Z 000000014003d280 f i LIBCMTD:stdexcpt.obj
 0001:0003c280       ??_Eexception@std@@UEAAPEAXI@Z 000000014003d280 f i LIBCMTD:stdexcpt.obj
 0001:0003c2c0       ?_Copy_str@exception@std@@AEAAXPEBD@Z 000000014003d2c0 f   LIBCMTD:stdexcpt.obj
 0001:0003c330       ?_Tidy@exception@std@@AEAAXXZ 000000014003d330 f   LIBCMTD:stdexcpt.obj
 0001:0003c370       ?what@exception@std@@UEBAPEBDXZ 000000014003d370 f   LIBCMTD:stdexcpt.obj
 0001:0003c3b0       _CxxThrowException         000000014003d3b0 f   LIBCMTD:throw.obj
 0001:0003c4d0       ?_Type_info_dtor@type_info@@CAXPEAV1@@Z 000000014003d4d0 f   LIBCMTD:typname.obj
 0001:0003c5e0       IsProcessorFeaturePresent  000000014003d5e0 f   kernel32:KERNEL32.dll
 0001:0003c5e6       RtlUnwindEx                000000014003d5e6 f   kernel32:KERNEL32.dll
 0002:00000000       __imp_GetModuleFileNameA   000000014003e000     kernel32:KERNEL32.dll
 0002:00000008       __imp_SetEndOfFile         000000014003e008     kernel32:KERNEL32.dll
 0002:00000010       __imp_RtlPcToFileHeader    000000014003e010     kernel32:KERNEL32.dll
 0002:00000018       __imp_LCMapStringW         000000014003e018     kernel32:KERNEL32.dll
 0002:00000020       __imp_CreateFileA          000000014003e020     kernel32:KERNEL32.dll
 0002:00000028       __imp_GetFileSizeEx        000000014003e028     kernel32:KERNEL32.dll
 0002:00000030       __imp_ReadFile             000000014003e030     kernel32:KERNEL32.dll
 0002:00000038       __imp_OutputDebugStringA   000000014003e038     kernel32:KERNEL32.dll
 0002:00000040       __imp_CloseHandle          000000014003e040     kernel32:KERNEL32.dll
 0002:00000048       __imp_QueryPerformanceCounter 000000014003e048     kernel32:KERNEL32.dll
 0002:00000050       __imp_QueryPerformanceFrequency 000000014003e050     kernel32:KERNEL32.dll
 0002:00000058       __imp_WaitForSingleObjectEx 000000014003e058     kernel32:KERNEL32.dll
 0002:00000060       __imp_CreateThread         000000014003e060     kernel32:KERNEL32.dll
 0002:00000068       __imp_VirtualAlloc         000000014003e068     kernel32:KERNEL32.dll
 0002:00000070       __imp_VirtualFree          000000014003e070     kernel32:KERNEL32.dll
 0002:00000078       __imp_GetProcAddress       000000014003e078     kernel32:KERNEL32.dll
 0002:00000080       __imp_CreateSemaphoreExA   000000014003e080     kernel32:KERNEL32.dll
 0002:00000088       __imp_LoadLibraryA         000000014003e088     kernel32:KERNEL32.dll
 0002:00000090       __imp_GetCommandLineA      000000014003e090     kernel32:KERNEL32.dll
 0002:00000098       __imp_IsDebuggerPresent    000000014003e098     kernel32:KERNEL32.dll
 0002:000000a0       __imp_EncodePointer        000000014003e0a0     kernel32:KERNEL32.dll
 0002:000000a8       __imp_DecodePointer        000000014003e0a8     kernel32:KERNEL32.dll
 0002:000000b0       __imp_IsProcessorFeaturePresent 000000014003e0b0     kernel32:KERNEL32.dll
 0002:000000b8       __imp_EnterCriticalSection 000000014003e0b8     kernel32:KERNEL32.dll
 0002:000000c0       __imp_LeaveCriticalSection 000000014003e0c0     kernel32:KERNEL32.dll
 0002:000000c8       __imp_GetLastError         000000014003e0c8     kernel32:KERNEL32.dll
 0002:000000d0       __imp_GetModuleFileNameW   000000014003e0d0     kernel32:KERNEL32.dll
 0002:000000d8       __imp_GetModuleHandleExW   000000014003e0d8     kernel32:KERNEL32.dll
 0002:000000e0       __imp_HeapSize             000000014003e0e0     kernel32:KERNEL32.dll
 0002:000000e8       __imp_HeapValidate         000000014003e0e8     kernel32:KERNEL32.dll
 0002:000000f0       __imp_GetSystemInfo        000000014003e0f0     kernel32:KERNEL32.dll
 0002:000000f8       __imp_RtlUnwindEx          000000014003e0f8     kernel32:KERNEL32.dll
 0002:00000100       __imp_MultiByteToWideChar  000000014003e100     kernel32:KERNEL32.dll
 0002:00000108       __imp_GetConsoleMode       000000014003e108     kernel32:KERNEL32.dll
 0002:00000110       __imp_ReadConsoleW         000000014003e110     kernel32:KERNEL32.dll
 0002:00000118       __imp_SetFilePointerEx     000000014003e118     kernel32:KERNEL32.dll
 0002:00000120       __imp_GetStdHandle         000000014003e120     kernel32:KERNEL32.dll
 0002:00000128       __imp_GetFileType          000000014003e128     kernel32:KERNEL32.dll
 0002:00000130       __imp_DeleteCriticalSection 000000014003e130     kernel32:KERNEL32.dll
 0002:00000138       __imp_GetStartupInfoW      000000014003e138     kernel32:KERNEL32.dll
 0002:00000140       __imp_SetLastError         000000014003e140     kernel32:KERNEL32.dll
 0002:00000148       __imp_GetCurrentThreadId   000000014003e148     kernel32:KERNEL32.dll
 0002:00000150       __imp_ExitProcess          000000014003e150     kernel32:KERNEL32.dll
 0002:00000158       __imp_AreFileApisANSI      000000014003e158     kernel32:KERNEL32.dll
 0002:00000160       __imp_WideCharToMultiByte  000000014003e160     kernel32:KERNEL32.dll
 0002:00000168       __imp_GetProcessHeap       000000014003e168     kernel32:KERNEL32.dll
 0002:00000170       __imp_WriteFile            000000014003e170     kernel32:KERNEL32.dll
 0002:00000178       __imp_GetCurrentProcessId  000000014003e178     kernel32:KERNEL32.dll
 0002:00000180       __imp_GetSystemTimeAsFileTime 000000014003e180     kernel32:KERNEL32.dll
 0002:00000188       __imp_GetEnvironmentStringsW 000000014003e188     kernel32:KERNEL32.dll
 0002:00000190       __imp_FreeEnvironmentStringsW 000000014003e190     kernel32:KERNEL32.dll
 0002:00000198       __imp_RtlCaptureContext    000000014003e198     kernel32:KERNEL32.dll
 0002:000001a0       __imp_RtlLookupFunctionEntry 000000014003e1a0     kernel32:KERNEL32.dll
 0002:000001a8       __imp_RtlVirtualUnwind     000000014003e1a8     kernel32:KERNEL32.dll
 0002:000001b0       __imp_UnhandledExceptionFilter 000000014003e1b0     kernel32:KERNEL32.dll
 0002:000001b8       __imp_SetUnhandledExceptionFilter 000000014003e1b8     kernel32:KERNEL32.dll
 0002:000001c0       __imp_InitializeCriticalSectionAndSpinCount 000000014003e1c0     kernel32:KERNEL32.dll
 0002:000001c8       __imp_GetCurrentProcess    000000014003e1c8     kernel32:KERNEL32.dll
 0002:000001d0       __imp_TerminateProcess     000000014003e1d0     kernel32:KERNEL32.dll
 0002:000001d8       __imp_TlsAlloc             000000014003e1d8     kernel32:KERNEL32.dll
 0002:000001e0       __imp_TlsGetValue          000000014003e1e0     kernel32:KERNEL32.dll
 0002:000001e8       __imp_TlsSetValue          000000014003e1e8     kernel32:KERNEL32.dll
 0002:000001f0       __imp_TlsFree              000000014003e1f0     kernel32:KERNEL32.dll
 0002:000001f8       __imp_GetModuleHandleW     000000014003e1f8     kernel32:KERNEL32.dll
 0002:00000200       __imp_SetStdHandle         000000014003e200     kernel32:KERNEL32.dll
 0002:00000208       __imp_FlushFileBuffers     000000014003e208     kernel32:KERNEL32.dll
 0002:00000210       __imp_GetConsoleCP         000000014003e210     kernel32:KERNEL32.dll
 0002:00000218       __imp_OutputDebugStringW   000000014003e218     kernel32:KERNEL32.dll
 0002:00000220       __imp_LoadLibraryExW       000000014003e220     kernel32:KERNEL32.dll
 0002:00000228       __imp_WriteConsoleW        000000014003e228     kernel32:KERNEL32.dll
 0002:00000230       __imp_IsValidCodePage      000000014003e230     kernel32:KERNEL32.dll
 0002:00000238       __imp_GetACP               000000014003e238     kernel32:KERNEL32.dll
 0002:00000240       __imp_GetOEMCP             000000014003e240     kernel32:KERNEL32.dll
 0002:00000248       __imp_GetCPInfo            000000014003e248     kernel32:KERNEL32.dll
 0002:00000250       __imp_HeapFree             000000014003e250     kernel32:KERNEL32.dll
 0002:00000258       __imp_HeapReAlloc          000000014003e258     kernel32:KERNEL32.dll
 0002:00000260       __imp_HeapQueryInformation 000000014003e260     kernel32:KERNEL32.dll
 0002:00000268       __imp_HeapAlloc            000000014003e268     kernel32:KERNEL32.dll
 0002:00000270       __imp_RaiseException       000000014003e270     kernel32:KERNEL32.dll
 0002:00000278       __imp_GetStringTypeW       000000014003e278     kernel32:KERNEL32.dll
 0002:00000280       __imp_CreateFileW          000000014003e280     kernel32:KERNEL32.dll
 0002:00000288       \177KERNEL32_NULL_THUNK_DATA 000000014003e288     kernel32:KERNEL32.dll
 0002:00000290       __imp_LoadCursorA          000000014003e290     user32:USER32.dll
 0002:00000298       __imp_GetDC                000000014003e298     user32:USER32.dll
 0002:000002a0       __imp_CreateWindowExA      000000014003e2a0     user32:USER32.dll
 0002:000002a8       __imp_RegisterClassA       000000014003e2a8     user32:USER32.dll
 0002:000002b0       __imp_DefWindowProcA       000000014003e2b0     user32:USER32.dll
 0002:000002b8       __imp_PeekMessageA         000000014003e2b8     user32:USER32.dll
 0002:000002c0       __imp_DispatchMessageA     000000014003e2c0     user32:USER32.dll
 0002:000002c8       __imp_TranslateMessage     000000014003e2c8     user32:USER32.dll
 0002:000002d0       __imp_wsprintfA            000000014003e2d0     user32:USER32.dll
 0002:000002d8       \177USER32_NULL_THUNK_DATA 000000014003e2d8     user32:USER32.dll
 0002:000002e0       __xc_a                     000000014003e2e0     LIBCMTD:crt0init.obj
 0002:000002e8       __xc_z                     000000014003e2e8     LIBCMTD:crt0init.obj
 0002:000002f0       __xi_a                     000000014003e2f0     LIBCMTD:crt0init.obj
 0002:00000328       __xi_z                     000000014003e328     LIBCMTD:crt0init.obj
 0002:00000330       __xp_a                     000000014003e330     LIBCMTD:crt0init.obj
 0002:00000350       __xp_z                     000000014003e350     LIBCMTD:crt0init.obj
 0002:00000358       __xt_a                     000000014003e358     LIBCMTD:crt0init.obj
 0002:00000360       __xt_z                     000000014003e360     LIBCMTD:crt0init.obj
 0002:00001c90       ??_C@_0BC@CEJOOBCO@Invalid?5Code?5Path?$AA@ 000000014003fc90     win32_dragon.obj
 0002:00001ca4       __real@00000000            000000014003fca4     win32_dragon.obj
 0002:00001ca8       __real@3a83126f            000000014003fca8     win32_dragon.obj
 0002:00001cac       __real@3e4ccccd            000000014003fcac     win32_dragon.obj
 0002:00001cb0       __real@3f000000            000000014003fcb0     win32_dragon.obj
 0002:00001cb4       __real@3f0ccccd            000000014003fcb4     win32_dragon.obj
 0002:00001cb8       __real@3f4ccccd            000000014003fcb8     win32_dragon.obj
 0002:00001cbc       __real@3f800000            000000014003fcbc     win32_dragon.obj
 0002:00001cc0       __real@3faaaaab            000000014003fcc0     win32_dragon.obj
 0002:00001cc4       __real@3fc00000            000000014003fcc4     win32_dragon.obj
 0002:00001cc8       __real@3fe66666            000000014003fcc8     win32_dragon.obj
 0002:00001ccc       __real@40000000            000000014003fccc     win32_dragon.obj
 0002:00001cd0       __real@40490fdb            000000014003fcd0     win32_dragon.obj
 0002:00001cd4       __real@40800000            000000014003fcd4     win32_dragon.obj
 0002:00001cd8       __real@40a00000            000000014003fcd8     win32_dragon.obj
 0002:00001cdc       __real@41800000            000000014003fcdc     win32_dragon.obj
 0002:00001ce0       __real@42b40000            000000014003fce0     win32_dragon.obj
 0002:00001ce4       __real@42c80000            000000014003fce4     win32_dragon.obj
 0002:00001ce8       __real@42f00000            000000014003fce8     win32_dragon.obj
 0002:00001cec       __real@43200000            000000014003fcec     win32_dragon.obj
 0002:00001cf0       __real@43340000            000000014003fcf0     win32_dragon.obj
 0002:00001cf4       __real@43f00000            000000014003fcf4     win32_dragon.obj
 0002:00001cf8       __real@44200000            000000014003fcf8     win32_dragon.obj
 0002:00001cfc       __real@bf800000            000000014003fcfc     win32_dragon.obj
 0002:00001d00       __xmm@80000000800000008000000080000000 000000014003fd00     win32_dragon.obj
 0002:00001d10       ??_C@_1CC@FADMNIL@?$AA?$CI?$AAs?$AAt?$AAr?$AAe?$AAa?$AAm?$AA?5?$AA?$CB?$AA?$DN?$AA?5?$AAN?$AAU?$AAL?$AAL?$AA?$CJ?$AA?$AA@ 000000014003fd10     LIBCMTD:fclose.obj
 0002:00001d34       ??_C@_15GANGMFKL@?$AA?$CF?$AAs?$AA?$AA@ 000000014003fd34     LIBCMTD:fclose.obj
 0002:00001d40       ??_C@_1FA@HHFEGMDA@?$AAf?$AA?3?$AA?2?$AAd?$AAd?$AA?2?$AAv?$AAc?$AAt?$AAo?$AAo?$AAl?$AAs?$AA?2?$AAc?$AAr?$AAt?$AA?2?$AAc?$AAr?$AAt?$AAw?$AA3?$AA2?$AA?2?$AAs?$AAt?$AAd?$AAi?$AAo?$AA?2?$AAf@ 000000014003fd40     LIBCMTD:fclose.obj
 0002:00001d90       ??_C@_1O@EGMJNCOI@?$AAf?$AAc?$AAl?$AAo?$AAs?$AAe?$AA?$AA@ 000000014003fd90     LIBCMTD:fclose.obj
 0002:00001da0       ??_C@_1BM@JMKHIAHP@?$AA?$CI?$AAs?$AAt?$AAr?$AA?5?$AA?$CB?$AA?$DN?$AA?5?$AAN?$AAU?$AAL?$AAL?$AA?$CJ?$AA?$AA@ 000000014003fda0     LIBCMTD:fclose.obj
 0002:00001dc0       ??_C@_1BO@JINCABEC@?$AA_?$AAf?$AAc?$AAl?$AAo?$AAs?$AAe?$AA_?$AAn?$AAo?$AAl?$AAo?$AAc?$AAk?$AA?$AA@ 000000014003fdc0     LIBCMTD:fclose.obj
 0002:00001de0       ??_C@_1BO@CLGIAEOJ@?$AA?$CI?$AAf?$AAi?$AAl?$AAe?$AA?5?$AA?$CB?$AA?$DN?$AA?5?$AAN?$AAU?$AAL?$AAL?$AA?$CJ?$AA?$AA@ 000000014003fde0     LIBCMTD:fopen.obj
 0002:00001e00       ??_C@_1EO@HOHPPGLK@?$AAf?$AA?3?$AA?2?$AAd?$AAd?$AA?2?$AAv?$AAc?$AAt?$AAo?$AAo?$AAl?$AAs?$AA?2?$AAc?$AAr?$AAt?$AA?2?$AAc?$AAr?$AAt?$AAw?$AA3?$AA2?$AA?2?$AAs?$AAt?$AAd?$AAi?$AAo?$AA?2?$AAf@ 000000014003fe00     LIBCMTD:fopen.obj
 0002:00001e50       ??_C@_1BA@HNEAFMNL@?$AA_?$AAf?$AAs?$AAo?$AAp?$AAe?$AAn?$AA?$AA@ 000000014003fe50     LIBCMTD:fopen.obj
 0002:00001e60       ??_C@_1BO@MJMKAKCJ@?$AA?$CI?$AAm?$AAo?$AAd?$AAe?$AA?5?$AA?$CB?$AA?$DN?$AA?5?$AAN?$AAU?$AAL?$AAL?$AA?$CJ?$AA?$AA@ 000000014003fe60     LIBCMTD:fopen.obj
 0002:00001e80       ??_C@_1CI@HBNALCBB@?$AA?$CI?$AA?$CK?$AAm?$AAo?$AAd?$AAe?$AA?5?$AA?$CB?$AA?$DN?$AA?5?$AA_?$AAT?$AA?$CI?$AA?8?$AA?2?$AA0?$AA?8?$AA?$CJ?$AA?$CJ?$AA?$AA@ 000000014003fe80     LIBCMTD:fopen.obj
 0002:00001eb0       ??_C@_1EO@KDKHJMND@?$AAf?$AA?3?$AA?2?$AAd?$AAd?$AA?2?$AAv?$AAc?$AAt?$AAo?$AAo?$AAl?$AAs?$AA?2?$AAc?$AAr?$AAt?$AA?2?$AAc?$AAr?$AAt?$AAw?$AA3?$AA2?$AA?2?$AAs?$AAt?$AAd?$AAi?$AAo?$AA?2?$AAf@ 000000014003feb0     LIBCMTD:fread.obj
 0002:00001f00       ??_C@_1BA@CMLCEIGG@?$AAf?$AAr?$AAe?$AAa?$AAd?$AA_?$AAs?$AA?$AA@ 000000014003ff00     LIBCMTD:fread.obj
 0002:00001f10       ??_C@_1CC@CGFEEBMC@?$AA?$CI?$AAb?$AAu?$AAf?$AAf?$AAe?$AAr?$AA?5?$AA?$CB?$AA?$DN?$AA?5?$AAN?$AAU?$AAL?$AAL?$AA?$CJ?$AA?$AA@ 000000014003ff10     LIBCMTD:fread.obj
 0002:00001f38       ??_C@_1CA@IDPOGFL@?$AA_?$AAf?$AAr?$AAe?$AAa?$AAd?$AA_?$AAn?$AAo?$AAl?$AAo?$AAc?$AAk?$AA_?$AAs?$AA?$AA@ 000000014003ff38     LIBCMTD:fread.obj
 0002:00001f60       ??_C@_1EA@FAMECDND@?$AAn?$AAu?$AAm?$AA?5?$AA?$DM?$AA?$DN?$AA?5?$AA?$CI?$AAS?$AAI?$AAZ?$AAE?$AA_?$AAM?$AAA?$AAX?$AA?5?$AA?1?$AA?5?$AAe?$AAl?$AAe?$AAm?$AAe?$AAn?$AAt?$AAS?$AAi?$AAz?$AAe?$AA?$CJ?$AA?$AA@ 000000014003ff60     LIBCMTD:fread.obj
 0002:00001fa0       ??_C@_1LG@DCNDJCHK@?$AA?$CI?$AA?$CC?$AAI?$AAn?$AAc?$AAo?$AAn?$AAs?$AAi?$AAs?$AAt?$AAe?$AAn?$AAt?$AA?5?$AAS?$AAt?$AAr?$AAe?$AAa?$AAm?$AA?5?$AAC?$AAo?$AAu?$AAn?$AAt?$AA?4?$AA?5?$AAF?$AAl?$AAu@ 000000014003ffa0     LIBCMTD:fread.obj
 0002:00002058       ??_C@_1DA@DKEFLDMG@?$AA?$CI?$AA?$CC?$AAb?$AAu?$AAf?$AAf?$AAe?$AAr?$AA?5?$AAt?$AAo?$AAo?$AA?5?$AAs?$AAm?$AAa?$AAl?$AAl?$AA?$CC?$AA?0?$AA?5?$AA0?$AA?$CJ?$AA?$AA@ 0000000140040058     LIBCMTD:fread.obj
 0002:00002090       ??_C@_1EO@OOGDMPHD@?$AAf?$AA?3?$AA?2?$AAd?$AAd?$AA?2?$AAv?$AAc?$AAt?$AAo?$AAo?$AAl?$AAs?$AA?2?$AAc?$AAr?$AAt?$AA?2?$AAc?$AAr?$AAt?$AAw?$AA3?$AA2?$AA?2?$AAs?$AAt?$AAd?$AAi?$AAo?$AA?2?$AAf@ 0000000140040090     LIBCMTD:fseek.obj
 0002:000020e0       ??_C@_1M@HCCOIONH@?$AAf?$AAs?$AAe?$AAe?$AAk?$AA?$AA@ 00000001400400e0     LIBCMTD:fseek.obj
 0002:000020f0       ??_C@_1IO@PMHBOLJK@?$AA?$CI?$AA?$CI?$AAw?$AAh?$AAe?$AAn?$AAc?$AAe?$AA?5?$AA?$DN?$AA?$DN?$AA?5?$AAS?$AAE?$AAE?$AAK?$AA_?$AAS?$AAE?$AAT?$AA?$CJ?$AA?5?$AA?$HM?$AA?$HM?$AA?5?$AA?$CI?$AAw?$AAh?$AAe?$AAn?$AAc?$AAe@ 00000001400400f0     LIBCMTD:fseek.obj
 0002:00002180       ??_C@_1EO@HNHOEHGA@?$AAf?$AA?3?$AA?2?$AAd?$AAd?$AA?2?$AAv?$AAc?$AAt?$AAo?$AAo?$AAl?$AAs?$AA?2?$AAc?$AAr?$AAt?$AA?2?$AAc?$AAr?$AAt?$AAw?$AA3?$AA2?$AA?2?$AAs?$AAt?$AAd?$AAi?$AAo?$AA?2?$AAf@ 0000000140040180     LIBCMTD:ftell.obj
 0002:000021d0       ??_C@_1M@CKCKPMNP@?$AAf?$AAt?$AAe?$AAl?$AAl?$AA?$AA@ 00000001400401d0     LIBCMTD:ftell.obj
 0002:000021e0       ??_C@_1BM@EPIDANEK@?$AA_?$AAf?$AAt?$AAe?$AAl?$AAl?$AA_?$AAn?$AAo?$AAl?$AAo?$AAc?$AAk?$AA?$AA@ 00000001400401e0     LIBCMTD:ftell.obj
 0002:000021fc       ??_C@_05KFMLJNHJ@ceilf?$AA@ 00000001400401fc     LIBCMTD:ceilf.obj
 0002:000022f0       _FPinit                    00000001400402f0     LIBCMTD:fpinit.obj
 0002:00002300       ??_C@_1FA@CKEACION@?$AAf?$AA?3?$AA?2?$AAd?$AAd?$AA?2?$AAv?$AAc?$AAt?$AAo?$AAo?$AAl?$AAs?$AA?2?$AAc?$AAr?$AAt?$AA?2?$AAc?$AAr?$AAt?$AAw?$AA3?$AA2?$AA?2?$AAs?$AAt?$AAd?$AAi?$AAo?$AA?2?$AAf@ 0000000140040300     LIBCMTD:fileno.obj
 0002:00002350       ??_C@_1BA@JGHIEKKM@?$AA_?$AAf?$AAi?$AAl?$AAe?$AAn?$AAo?$AA?$AA@ 0000000140040350     LIBCMTD:fileno.obj
 0002:00002360       ??_C@_0CH@FPHLCLAF@f?3?2dd?2vctools?2crt?2crtw32?2stdio?2_@ 0000000140040360     LIBCMTD:_file.obj
 0002:00002390       ??_C@_1FO@LPCLHKGE@?$AA?$CI?$AAf?$AAh?$AA?5?$AA?$DO?$AA?$DN?$AA?5?$AA0?$AA?5?$AA?$CG?$AA?$CG?$AA?5?$AA?$CI?$AAu?$AAn?$AAs?$AAi?$AAg?$AAn?$AAe?$AAd?$AA?$CJ?$AAf?$AAh?$AA?5?$AA?$DM?$AA?5?$AA?$CI?$AAu?$AAn?$AAs?$AAi@ 0000000140040390     LIBCMTD:close.obj
 0002:000023f0       ??_C@_1EO@EJLBBGEB@?$AAf?$AA?3?$AA?2?$AAd?$AAd?$AA?2?$AAv?$AAc?$AAt?$AAo?$AAo?$AAl?$AAs?$AA?2?$AAc?$AAr?$AAt?$AA?2?$AAc?$AAr?$AAt?$AAw?$AA3?$AA2?$AA?2?$AAl?$AAo?$AAw?$AAi?$AAo?$AA?2?$AAc@ 00000001400403f0     LIBCMTD:close.obj
 0002:00002440       ??_C@_1O@EDEJGJBM@?$AA_?$AAc?$AAl?$AAo?$AAs?$AAe?$AA?$AA@ 0000000140040440     LIBCMTD:close.obj
 0002:00002450       ??_C@_1CM@OKGMMMDH@?$AA?$CI?$AA_?$AAo?$AAs?$AAf?$AAi?$AAl?$AAe?$AA?$CI?$AAf?$AAh?$AA?$CJ?$AA?5?$AA?$CG?$AA?5?$AAF?$AAO?$AAP?$AAE?$AAN?$AA?$CJ?$AA?$AA@ 0000000140040450     LIBCMTD:close.obj
 0002:00002480       ??_C@_1JE@ECKHFIFP@?$AA?$CI?$AA?$CC?$AAI?$AAn?$AAv?$AAa?$AAl?$AAi?$AAd?$AA?5?$AAf?$AAi?$AAl?$AAe?$AA?5?$AAd?$AAe?$AAs?$AAc?$AAr?$AAi?$AAp?$AAt?$AAo?$AAr?$AA?4?$AA?5?$AAF?$AAi?$AAl?$AAe?$AA?5@ 0000000140040480     LIBCMTD:close.obj
 0002:00002518       ??_C@_1BO@KIJENGPH@?$AAs?$AAt?$AAr?$AAe?$AAa?$AAm?$AA?5?$AA?$CB?$AA?$DN?$AA?5?$AAN?$AAU?$AAL?$AAL?$AA?$AA@ 0000000140040518     LIBCMTD:_freebuf.obj
 0002:00002540       ??_C@_1FE@DBCNNJOP@?$AAf?$AA?3?$AA?2?$AAd?$AAd?$AA?2?$AAv?$AAc?$AAt?$AAo?$AAo?$AAl?$AAs?$AA?2?$AAc?$AAr?$AAt?$AA?2?$AAc?$AAr?$AAt?$AAw?$AA3?$AA2?$AA?2?$AAs?$AAt?$AAd?$AAi?$AAo?$AA?2?$AA_@ 0000000140040540     LIBCMTD:_freebuf.obj
 0002:000025b0       ??_C@_1BA@GLMCNLEM@?$AAW?$AAa?$AAr?$AAn?$AAi?$AAn?$AAg?$AA?$AA@ 00000001400405b0     LIBCMTD:dbgrptw.obj
 0002:000025c0       ??_C@_1M@ILHOPKA@?$AAE?$AAr?$AAr?$AAo?$AAr?$AA?$AA@ 00000001400405c0     LIBCMTD:dbgrptw.obj
 0002:000025d0       ??_C@_1CC@CGHMNGDG@?$AAA?$AAs?$AAs?$AAe?$AAr?$AAt?$AAi?$AAo?$AAn?$AA?5?$AAF?$AAa?$AAi?$AAl?$AAe?$AAd?$AA?$AA@ 00000001400405d0     LIBCMTD:dbgrptw.obj
 0002:000025f8       ??_C@_17LGKOMLJ@?$AA?4?$AA?4?$AA?4?$AA?$AA@ 00000001400405f8     LIBCMTD:dbgrptw.obj
 0002:00002600       ??_C@_1EO@JACJHHCK@?$AAf?$AA?3?$AA?2?$AAd?$AAd?$AA?2?$AAv?$AAc?$AAt?$AAo?$AAo?$AAl?$AAs?$AA?2?$AAc?$AAr?$AAt?$AA?2?$AAc?$AAr?$AAt?$AAw?$AA3?$AA2?$AA?2?$AAm?$AAi?$AAs?$AAc?$AA?2?$AAd?$AAb@ 0000000140040600     LIBCMTD:dbgrptw.obj
 0002:00002650       ??_C@_1CI@PGJIFDEK@?$AA_?$AA_?$AAc?$AAr?$AAt?$AAM?$AAe?$AAs?$AAs?$AAa?$AAg?$AAe?$AAW?$AAi?$AAn?$AAd?$AAo?$AAw?$AAW?$AA?$AA@ 0000000140040650     LIBCMTD:dbgrptw.obj
 0002:00002680       ??_C@_1GI@DEDNNLCI@?$AAw?$AAc?$AAs?$AAc?$AAp?$AAy?$AA_?$AAs?$AA?$CI?$AAs?$AAz?$AAE?$AAx?$AAe?$AAN?$AAa?$AAm?$AAe?$AA?0?$AA?5?$AA2?$AA6?$AA0?$AA?0?$AA?5?$AAL?$AA?$CC?$AA?$DM?$AAp?$AAr?$AAo?$AAg@ 0000000140040680     LIBCMTD:dbgrptw.obj
 0002:000026e8       ??_C@_1CO@EAEJAADC@?$AA?$DM?$AAp?$AAr?$AAo?$AAg?$AAr?$AAa?$AAm?$AA?5?$AAn?$AAa?$AAm?$AAe?$AA?5?$AAu?$AAn?$AAk?$AAn?$AAo?$AAw?$AAn?$AA?$DO?$AA?$AA@ 00000001400406e8     LIBCMTD:dbgrptw.obj
 0002:00002720       ??_C@_1NO@LECLLHOL@?$AAm?$AAe?$AAm?$AAc?$AAp?$AAy?$AA_?$AAs?$AA?$CI?$AAs?$AAz?$AAS?$AAh?$AAo?$AAr?$AAt?$AAP?$AAr?$AAo?$AAg?$AAN?$AAa?$AAm?$AAe?$AA?0?$AA?5?$AAs?$AAi?$AAz?$AAe?$AAo?$AAf@ 0000000140040720     LIBCMTD:dbgrptw.obj
 0002:00002800       ??_C@_1OG@PMPPFHAF@?$AA?6?$AA?6?$AAF?$AAo?$AAr?$AA?5?$AAi?$AAn?$AAf?$AAo?$AAr?$AAm?$AAa?$AAt?$AAi?$AAo?$AAn?$AA?5?$AAo?$AAn?$AA?5?$AAh?$AAo?$AAw?$AA?5?$AAy?$AAo?$AAu?$AAr?$AA?5?$AAp?$AAr@ 0000000140040800     LIBCMTD:dbgrptw.obj
 0002:000028e8       ??_C@_11LOCGONAA@?$AA?$AA@ 00000001400408e8     LIBCMTD:dbgrptw.obj
 0002:000028f0       ??_C@_1BK@PEDCIPMA@?$AAE?$AAx?$AAp?$AAr?$AAe?$AAs?$AAs?$AAi?$AAo?$AAn?$AA?3?$AA?5?$AA?$AA@ 00000001400408f0     LIBCMTD:dbgrptw.obj
 0002:0000290c       ??_C@_15IABLJNFO@?$AA?6?$AA?6?$AA?$AA@ 000000014004090c     LIBCMTD:dbgrptw.obj
 0002:00002918       ??_C@_1BA@GLLGCPCK@?$AA?6?$AAL?$AAi?$AAn?$AAe?$AA?3?$AA?5?$AA?$AA@ 0000000140040918     LIBCMTD:dbgrptw.obj
 0002:00002928       ??_C@_1BA@LNHECFIM@?$AA?6?$AAF?$AAi?$AAl?$AAe?$AA?3?$AA?5?$AA?$AA@ 0000000140040928     LIBCMTD:dbgrptw.obj
 0002:00002938       ??_C@_1BE@CGCJKGHI@?$AA?6?$AAM?$AAo?$AAd?$AAu?$AAl?$AAe?$AA?3?$AA?5?$AA?$AA@ 0000000140040938     LIBCMTD:dbgrptw.obj
 0002:00002950       ??_C@_1KM@HNMIBKJH@?$AAD?$AAe?$AAb?$AAu?$AAg?$AA?5?$AA?$CF?$AAs?$AA?$CB?$AA?6?$AA?6?$AAP?$AAr?$AAo?$AAg?$AAr?$AAa?$AAm?$AA?3?$AA?5?$AA?$CF?$AAs?$AA?$CF?$AAs?$AA?$CF?$AAs?$AA?$CF?$AAs?$AA?$CF?$AAs?$AA?$CF?$AAs@ 0000000140040950     LIBCMTD:dbgrptw.obj
 0002:00002a00       ??_C@_1BI@KALLJECN@?$AA?$CI?$AA?$CK?$AA_?$AAe?$AAr?$AAr?$AAn?$AAo?$AA?$CI?$AA?$CJ?$AA?$CJ?$AA?$AA@ 0000000140040a00     LIBCMTD:dbgrptw.obj
 0002:00002a20       ??_C@_1JI@EACPGHID@?$AAw?$AAc?$AAs?$AAc?$AAp?$AAy?$AA_?$AAs?$AA?$CI?$AAs?$AAz?$AAO?$AAu?$AAt?$AAM?$AAe?$AAs?$AAs?$AAa?$AAg?$AAe?$AA?0?$AA?5?$AA4?$AA0?$AA9?$AA6?$AA?0?$AA?5?$AAL?$AA?$CC?$AA_@ 0000000140040a20     LIBCMTD:dbgrptw.obj
 0002:00002ac0       ??_C@_1FG@BBOLDHGF@?$AA_?$AAC?$AAr?$AAt?$AAD?$AAb?$AAg?$AAR?$AAe?$AAp?$AAo?$AAr?$AAt?$AA?3?$AA?5?$AAS?$AAt?$AAr?$AAi?$AAn?$AAg?$AA?5?$AAt?$AAo?$AAo?$AA?5?$AAl?$AAo?$AAn?$AAg?$AA?5?$AAo@ 0000000140040ac0     LIBCMTD:dbgrptw.obj
 0002:00002b20       ??_C@_1EK@MBDPDCGA@?$AAM?$AAi?$AAc?$AAr?$AAo?$AAs?$AAo?$AAf?$AAt?$AA?5?$AAV?$AAi?$AAs?$AAu?$AAa?$AAl?$AA?5?$AAC?$AA?$CL?$AA?$CL?$AA?5?$AAR?$AAu?$AAn?$AAt?$AAi?$AAm?$AAe?$AA?5?$AAL?$AAi?$AAb@ 0000000140040b20     LIBCMTD:dbgrptw.obj
 0002:00002b98       ??_C@_04HJMOFLDF@Free?$AA@ 0000000140040b98     LIBCMTD:dbgheap.obj
 0002:00002ba0       ??_C@_06EFAGIKOH@Normal?$AA@ 0000000140040ba0     LIBCMTD:dbgheap.obj
 0002:00002ba8       ??_C@_03OGPFLFLO@CRT?$AA@  0000000140040ba8     LIBCMTD:dbgheap.obj
 0002:00002bac       ??_C@_06KMEJCCGM@Ignore?$AA@ 0000000140040bac     LIBCMTD:dbgheap.obj
 0002:00002bb4       ??_C@_06PJIGMIJB@Client?$AA@ 0000000140040bb4     LIBCMTD:dbgheap.obj
 0002:00002bc0       ??_C@_1CE@LJFEPPMP@?$AA_?$AAC?$AAr?$AAt?$AAC?$AAh?$AAe?$AAc?$AAk?$AAM?$AAe?$AAm?$AAo?$AAr?$AAy?$AA?$CI?$AA?$CJ?$AA?$AA@ 0000000140040bc0     LIBCMTD:dbgheap.obj
 0002:00002bf0       ??_C@_1FA@JKEKCOIC@?$AAf?$AA?3?$AA?2?$AAd?$AAd?$AA?2?$AAv?$AAc?$AAt?$AAo?$AAo?$AAl?$AAs?$AA?2?$AAc?$AAr?$AAt?$AA?2?$AAc?$AAr?$AAt?$AAw?$AA3?$AA2?$AA?2?$AAm?$AAi?$AAs?$AAc?$AA?2?$AAd?$AAb@ 0000000140040bf0     LIBCMTD:dbgheap.obj
 0002:00002c40       ??_C@_0DF@BBEGIFEK@Client?5hook?5allocation?5failure?5a@ 0000000140040c40     LIBCMTD:dbgheap.obj
 0002:00002c78       ??_C@_0CB@CCLOLAHO@Client?5hook?5allocation?5failure?4?6@ 0000000140040c78     LIBCMTD:dbgheap.obj
 0002:00002c9c       ??_C@_02DKCKIIND@?$CFs?$AA@ 0000000140040c9c     LIBCMTD:dbgheap.obj
 0002:00002ca0       ??_C@_0CF@BICKFLAF@Invalid?5allocation?5size?3?5?$CFIu?5byt@ 0000000140040ca0     LIBCMTD:dbgheap.obj
 0002:00002cc8       ??_C@_0DC@JEMAGEKG@Error?3?5memory?5allocation?3?5bad?5me@ 0000000140040cc8     LIBCMTD:dbgheap.obj
 0002:00002d00       ??_C@_0DI@KKJPDPGM@Client?5hook?5re?9allocation?5failur@ 0000000140040d00     LIBCMTD:dbgheap.obj
 0002:00002d38       ??_C@_0CE@DOFMDOL@Client?5hook?5re?9allocation?5failur@ 0000000140040d38     LIBCMTD:dbgheap.obj
 0002:00002d60       ??_C@_0ED@GPCPBAGP@Invalid?5allocation?5size?3?5?$CFIu?5byt@ 0000000140040d60     LIBCMTD:dbgheap.obj
 0002:00002db0       ??_C@_0FA@EFEIGJKG@Error?3?5memory?5allocation?3?5bad?5me@ 0000000140040db0     LIBCMTD:dbgheap.obj
 0002:00002e00       ??_C@_0EM@LGFLMAGJ@The?5Block?5at?50x?$CFp?5was?5allocated?5@ 0000000140040e00     LIBCMTD:dbgheap.obj
 0002:00002e50       ??_C@_1EE@GFOPCECE@?$AA_?$AAC?$AAr?$AAt?$AAI?$AAs?$AAV?$AAa?$AAl?$AAi?$AAd?$AAH?$AAe?$AAa?$AAp?$AAP?$AAo?$AAi?$AAn?$AAt?$AAe?$AAr?$AA?$CI?$AAp?$AAU?$AAs?$AAe?$AAr?$AAD?$AAa?$AAt?$AAa@ 0000000140040e50     LIBCMTD:dbgheap.obj
 0002:00002ea0       ??_C@_1IK@DCPKDGNH@?$AAp?$AAO?$AAl?$AAd?$AAB?$AAl?$AAo?$AAc?$AAk?$AA?9?$AA?$DO?$AAn?$AAL?$AAi?$AAn?$AAe?$AA?5?$AA?$DN?$AA?$DN?$AA?5?$AAI?$AAG?$AAN?$AAO?$AAR?$AAE?$AA_?$AAL?$AAI?$AAN?$AAE?$AA?5@ 0000000140040ea0     LIBCMTD:dbgheap.obj
 0002:00002f30       ??_C@_0DA@HFBKENN@Error?3?5possible?5heap?5corruption?5@ 0000000140040f30     LIBCMTD:dbgheap.obj
 0002:00002f60       ??_C@_1GE@PCKLOLAO@?$AAf?$AAR?$AAe?$AAa?$AAl?$AAl?$AAo?$AAc?$AA?5?$AA?$HM?$AA?$HM?$AA?5?$AA?$CI?$AA?$CB?$AAf?$AAR?$AAe?$AAa?$AAl?$AAl?$AAo?$AAc?$AA?5?$AA?$CG?$AA?$CG?$AA?5?$AAp?$AAN?$AAe?$AAw?$AAB?$AAl@ 0000000140040f60     LIBCMTD:dbgheap.obj
 0002:00002fc8       ??_C@_1DC@GEFKNOOL@?$AA_?$AAp?$AAL?$AAa?$AAs?$AAt?$AAB?$AAl?$AAo?$AAc?$AAk?$AA?5?$AA?$DN?$AA?$DN?$AA?5?$AAp?$AAO?$AAl?$AAd?$AAB?$AAl?$AAo?$AAc?$AAk?$AA?$AA@ 0000000140040fc8     LIBCMTD:dbgheap.obj
 0002:00003000       ??_C@_1DE@KOOKLFBB@?$AA_?$AAp?$AAF?$AAi?$AAr?$AAs?$AAt?$AAB?$AAl?$AAo?$AAc?$AAk?$AA?5?$AA?$DN?$AA?$DN?$AA?5?$AAp?$AAO?$AAl?$AAd?$AAB?$AAl?$AAo?$AAc?$AAk?$AA?$AA@ 0000000140041000     LIBCMTD:dbgheap.obj
 0002:00003038       ??_C@_1CE@CJACEFBA@?$AAp?$AAU?$AAs?$AAe?$AAr?$AAD?$AAa?$AAt?$AAa?$AA?5?$AA?$CB?$AA?$DN?$AA?5?$AAN?$AAU?$AAL?$AAL?$AA?$AA@ 0000000140041038     LIBCMTD:dbgheap.obj
 0002:00003060       ??_C@_0EJ@HEIBCIMJ@The?5Block?5at?50x?$CFp?5was?5allocated?5@ 0000000140041060     LIBCMTD:dbgheap.obj
 0002:000030b0       ??_C@_0BL@KEIPLFAC@Client?5hook?5free?5failure?4?6?$AA@ 00000001400410b0     LIBCMTD:dbgheap.obj
 0002:000030d0       ??_C@_1EO@LHDAJOCM@?$AA_?$AAB?$AAL?$AAO?$AAC?$AAK?$AA_?$AAT?$AAY?$AAP?$AAE?$AA_?$AAI?$AAS?$AA_?$AAV?$AAA?$AAL?$AAI?$AAD?$AA?$CI?$AAp?$AAH?$AAe?$AAa?$AAd?$AA?9?$AA?$DO?$AAn?$AAB?$AAl?$AAo@ 00000001400410d0     LIBCMTD:dbgheap.obj
 0002:00003120       ??_C@_0KI@JGFOHMEB@HEAP?5CORRUPTION?5DETECTED?3?5before@ 0000000140041120     LIBCMTD:dbgheap.obj
 0002:000031d0       ??_C@_0IK@PJCGLBOB@HEAP?5CORRUPTION?5DETECTED?3?5before@ 00000001400411d0     LIBCMTD:dbgheap.obj
 0002:00003260       ??_C@_0KE@MBMNHHHN@HEAP?5CORRUPTION?5DETECTED?3?5after?5@ 0000000140041260     LIBCMTD:dbgheap.obj
 0002:00003310       ??_C@_0IG@LEMBDCJK@HEAP?5CORRUPTION?5DETECTED?3?5after?5@ 0000000140041310     LIBCMTD:dbgheap.obj
 0002:000033a0       ??_C@_1HK@HPCBMDFG@?$AAp?$AAH?$AAe?$AAa?$AAd?$AA?9?$AA?$DO?$AAn?$AAL?$AAi?$AAn?$AAe?$AA?5?$AA?$DN?$AA?$DN?$AA?5?$AAI?$AAG?$AAN?$AAO?$AAR?$AAE?$AA_?$AAL?$AAI?$AAN?$AAE?$AA?5?$AA?$CG?$AA?$CG?$AA?5?$AAp@ 00000001400413a0     LIBCMTD:dbgheap.obj
 0002:00003420       ??_C@_1DM@ODCJIDCP@?$AAp?$AAH?$AAe?$AAa?$AAd?$AA?9?$AA?$DO?$AAn?$AAB?$AAl?$AAo?$AAc?$AAk?$AAU?$AAs?$AAe?$AA?5?$AA?$DN?$AA?$DN?$AA?5?$AAn?$AAB?$AAl?$AAo?$AAc?$AAk?$AAU?$AAs?$AAe?$AA?$AA@ 0000000140041420     LIBCMTD:dbgheap.obj
 0002:00003460       ??_C@_1CK@DMAGEMBG@?$AA_?$AAp?$AAL?$AAa?$AAs?$AAt?$AAB?$AAl?$AAo?$AAc?$AAk?$AA?5?$AA?$DN?$AA?$DN?$AA?5?$AAp?$AAH?$AAe?$AAa?$AAd?$AA?$AA@ 0000000140041460     LIBCMTD:dbgheap.obj
 0002:00003490       ??_C@_1CM@MMAADDMD@?$AA_?$AAp?$AAF?$AAi?$AAr?$AAs?$AAt?$AAB?$AAl?$AAo?$AAc?$AAk?$AA?5?$AA?$DN?$AA?$DN?$AA?5?$AAp?$AAH?$AAe?$AAa?$AAd?$AA?$AA@ 0000000140041490     LIBCMTD:dbgheap.obj
 0002:000034c0       ??_C@_1BG@MBKOGDLD@?$AA_?$AAm?$AAs?$AAi?$AAz?$AAe?$AA_?$AAd?$AAb?$AAg?$AA?$AA@ 00000001400414c0     LIBCMTD:dbgheap.obj
 0002:000034d8       ??_C@_0CE@MKKHMBMK@_heapchk?5fails?5with?5_HEAPBADBEGI@ 00000001400414d8     LIBCMTD:dbgheap.obj
 0002:00003500       ??_C@_0CD@CPKEAPBD@_heapchk?5fails?5with?5_HEAPBADNODE@ 0000000140041500     LIBCMTD:dbgheap.obj
 0002:00003528       ??_C@_0CC@MJGLGBDG@_heapchk?5fails?5with?5_HEAPBADEND?4@ 0000000140041528     LIBCMTD:dbgheap.obj
 0002:00003550       ??_C@_0CC@MFFCHFHO@_heapchk?5fails?5with?5_HEAPBADPTR?4@ 0000000140041550     LIBCMTD:dbgheap.obj
 0002:00003578       ??_C@_0CL@HNNNMKMJ@_heapchk?5fails?5with?5unknown?5retu@ 0000000140041578     LIBCMTD:dbgheap.obj
 0002:000035a8       ??_C@_07OHKEFPKJ@DAMAGED?$AA@ 00000001400415a8     LIBCMTD:dbgheap.obj
 0002:000035b0       ??_C@_0KA@IHNJJKPL@HEAP?5CORRUPTION?5DETECTED?3?5on?5top@ 00000001400415b0     LIBCMTD:dbgheap.obj
 0002:00003650       ??_C@_0IC@BBJIOOJH@HEAP?5CORRUPTION?5DETECTED?3?5on?5top@ 0000000140041650     LIBCMTD:dbgheap.obj
 0002:000036e0       ??_C@_0EG@DGJMPDBH@?$CFhs?5located?5at?50x?$CFp?5is?5?$CFIu?5bytes@ 00000001400416e0     LIBCMTD:dbgheap.obj
 0002:00003728       ??_C@_0CI@JMLBEDHJ@?$CFhs?5located?5at?50x?$CFp?5is?5?$CFIu?5bytes@ 0000000140041728     LIBCMTD:dbgheap.obj
 0002:00003750       ??_C@_1BHO@NNANJNF@?$AA?$CI?$AAf?$AAN?$AAe?$AAw?$AAB?$AAi?$AAt?$AAs?$AA?$DN?$AA?$DN?$AA_?$AAC?$AAR?$AAT?$AAD?$AAB?$AAG?$AA_?$AAR?$AAE?$AAP?$AAO?$AAR?$AAT?$AA_?$AAF?$AAL?$AAA?$AAG?$AA?$CJ?$AA?5@ 0000000140041750     LIBCMTD:dbgheap.obj
 0002:000038d0       ??_C@_1BO@GJFDNMNF@?$AA_?$AAC?$AAr?$AAt?$AAS?$AAe?$AAt?$AAD?$AAb?$AAg?$AAF?$AAl?$AAa?$AAg?$AA?$AA@ 00000001400418d0     LIBCMTD:dbgheap.obj
 0002:000038f0       ??_C@_1BM@MIMANDHC@?$AAs?$AAt?$AAa?$AAt?$AAe?$AA?5?$AA?$CB?$AA?$DN?$AA?5?$AAN?$AAU?$AAL?$AAL?$AA?$AA@ 00000001400418f0     LIBCMTD:dbgheap.obj
 0002:00003910       ??_C@_1CE@NJJKELF@?$AA_?$AAC?$AAr?$AAt?$AAM?$AAe?$AAm?$AAC?$AAh?$AAe?$AAc?$AAk?$AAp?$AAo?$AAi?$AAn?$AAt?$AA?$AA@ 0000000140041910     LIBCMTD:dbgheap.obj
 0002:00003938       ??_C@_0DP@LEFMFBOD@Bad?5memory?5block?5found?5at?50x?$CFp?4?6@ 0000000140041938     LIBCMTD:dbgheap.obj
 0002:00003978       ??_C@_0CB@EAAIGELO@Bad?5memory?5block?5found?5at?50x?$CFp?4?6@ 0000000140041978     LIBCMTD:dbgheap.obj
 0002:0000399c       ??_C@_05MKKEDADM@?$CF?42X?5?$AA@ 000000014004199c     LIBCMTD:dbgheap.obj
 0002:000039a8       ??_C@_1CG@LPFIACGM@?$AA_?$AAp?$AAr?$AAi?$AAn?$AAt?$AAM?$AAe?$AAm?$AAB?$AAl?$AAo?$AAc?$AAk?$AAD?$AAa?$AAt?$AAa?$AA?$AA@ 00000001400419a8     LIBCMTD:dbgheap.obj
 0002:000039d0       ??_C@_0BA@HJBKCELP@?5Data?3?5?$DM?$CFs?$DO?5?$CFs?6?$AA@ 00000001400419d0     LIBCMTD:dbgheap.obj
 0002:000039e0       ??_C@_0BE@KCIPKCIA@Dumping?5objects?5?9?$DO?6?$AA@ 00000001400419e0     LIBCMTD:dbgheap.obj
 0002:000039f8       ??_C@_0BE@OIEFNFL@?$CDFile?5Error?$CD?$CI?$CFd?$CJ?5?3?5?$AA@ 00000001400419f8     LIBCMTD:dbgheap.obj
 0002:00003a10       ??_C@_0L@JMEFFCCJ@?$CFhs?$CI?$CFd?$CJ?5?3?5?$AA@ 0000000140041a10     LIBCMTD:dbgheap.obj
 0002:00003a1c       ??_C@_06PKLGBFGM@?$HL?$CFld?$HN?5?$AA@ 0000000140041a1c     LIBCMTD:dbgheap.obj
 0002:00003a28       ??_C@_0DD@GHNAAKBB@client?5block?5at?50x?$CFp?0?5subtype?5?$CFx@ 0000000140041a28     LIBCMTD:dbgheap.obj
 0002:00003a60       ??_C@_0CH@FAGDDGPN@normal?5block?5at?50x?$CFp?0?5?$CFIu?5bytes?5@ 0000000140041a60     LIBCMTD:dbgheap.obj
 0002:00003a88       ??_C@_0DA@MDLBNIBM@crt?5block?5at?50x?$CFp?0?5subtype?5?$CFx?0?5?$CF@ 0000000140041a88     LIBCMTD:dbgheap.obj
 0002:00003ab8       ??_C@_0BH@GFGKJDCO@Object?5dump?5complete?4?6?$AA@ 0000000140041ab8     LIBCMTD:dbgheap.obj
 0002:00003ad0       ??_C@_0BI@JBFPOEJA@Detected?5memory?5leaks?$CB?6?$AA@ 0000000140041ad0     LIBCMTD:dbgheap.obj
 0002:00003ae8       ??_C@_0CI@CCALCGFN@f?3?2dd?2vctools?2crt?2crtw32?2stdio?2s@ 0000000140041ae8     LIBCMTD:stream.obj
 0002:00003b38       ??_C@_1CC@JBMDNKJP@?$AAf?$AAi?$AAl?$AAe?$AAn?$AAa?$AAm?$AAe?$AA?5?$AA?$CB?$AA?$DN?$AA?5?$AAN?$AAU?$AAL?$AAL?$AA?$AA@ 0000000140041b38     LIBCMTD:_open.obj
 0002:00003b60       ??_C@_1EO@FCBMLNIH@?$AAf?$AA?3?$AA?2?$AAd?$AAd?$AA?2?$AAv?$AAc?$AAt?$AAo?$AAo?$AAl?$AAs?$AA?2?$AAc?$AAr?$AAt?$AA?2?$AAc?$AAr?$AAt?$AAw?$AA3?$AA2?$AA?2?$AAs?$AAt?$AAd?$AAi?$AAo?$AA?2?$AA_@ 0000000140041b60     LIBCMTD:_open.obj
 0002:00003bb0       ??_C@_1BK@HGLMNMEC@?$AAm?$AAo?$AAd?$AAe?$AA?5?$AA?$CB?$AA?$DN?$AA?5?$AAN?$AAU?$AAL?$AAL?$AA?$AA@ 0000000140041bb0     LIBCMTD:_open.obj
 0002:00003bd0       ??_C@_1BI@MFCLPIBM@?$AAs?$AAt?$AAr?$AA?5?$AA?$CB?$AA?$DN?$AA?5?$AAN?$AAU?$AAL?$AAL?$AA?$AA@ 0000000140041bd0     LIBCMTD:_open.obj
 0002:00003be8       ??_C@_1DK@PKMJBLLN@?$AA?$CI?$AA?$CC?$AAI?$AAn?$AAv?$AAa?$AAl?$AAi?$AAd?$AA?5?$AAf?$AAi?$AAl?$AAe?$AA?5?$AAo?$AAp?$AAe?$AAn?$AA?5?$AAm?$AAo?$AAd?$AAe?$AA?$CC?$AA?0?$AA0?$AA?$CJ?$AA?$AA@ 0000000140041be8     LIBCMTD:_open.obj
 0002:00003c28       ??_C@_1BE@DONHJJKE@?$AA_?$AAo?$AAp?$AAe?$AAn?$AAf?$AAi?$AAl?$AAe?$AA?$AA@ 0000000140041c28     LIBCMTD:_open.obj
 0002:00003c40       ??_C@_1CI@KEDPFCAL@?$AA?$CI?$AA?$CK?$AAm?$AAo?$AAd?$AAe?$AA?5?$AA?$DN?$AA?$DN?$AA?5?$AA_?$AAT?$AA?$CI?$AA?8?$AA?2?$AA0?$AA?8?$AA?$CJ?$AA?$CJ?$AA?$AA@ 0000000140041c40     LIBCMTD:_open.obj
 0002:00003c70       ??_C@_1FC@KLDIFLFI@?$AAf?$AA?3?$AA?2?$AAd?$AAd?$AA?2?$AAv?$AAc?$AAt?$AAo?$AAo?$AAl?$AAs?$AA?2?$AAc?$AAr?$AAt?$AA?2?$AAc?$AAr?$AAt?$AAw?$AA3?$AA2?$AA?2?$AAs?$AAt?$AAd?$AAi?$AAo?$AA?2?$AA_@ 0000000140041c70     LIBCMTD:_filbuf.obj
 0002:00003cc8       ??_C@_1BA@IIKEPOGH@?$AA_?$AAf?$AAi?$AAl?$AAb?$AAu?$AAf?$AA?$AA@ 0000000140041cc8     LIBCMTD:_filbuf.obj
 0002:00003cd8       ??_C@_1BI@GKKCBDMD@?$AAd?$AAs?$AAt?$AA?5?$AA?$CB?$AA?$DN?$AA?5?$AAN?$AAU?$AAL?$AAL?$AA?$AA@ 0000000140041cd8     LIBCMTD:memcpy_s.obj
 0002:00003cf0       ??_C@_1FG@COJCEIPE@?$AAf?$AA?3?$AA?2?$AAd?$AAd?$AA?2?$AAv?$AAc?$AAt?$AAo?$AAo?$AAl?$AAs?$AA?2?$AAc?$AAr?$AAt?$AA?2?$AAc?$AAr?$AAt?$AAw?$AA3?$AA2?$AA?2?$AAs?$AAt?$AAr?$AAi?$AAn?$AAg?$AA?2@ 0000000140041cf0     LIBCMTD:memcpy_s.obj
 0002:00003d48       ??_C@_1BC@GKHDJMGB@?$AAm?$AAe?$AAm?$AAc?$AAp?$AAy?$AA_?$AAs?$AA?$AA@ 0000000140041d48     LIBCMTD:memcpy_s.obj
 0002:00003d60       ??_C@_1BI@DCHLDCPP@?$AAs?$AAr?$AAc?$AA?5?$AA?$CB?$AA?$DN?$AA?5?$AAN?$AAU?$AAL?$AAL?$AA?$AA@ 0000000140041d60     LIBCMTD:memcpy_s.obj
 0002:00003d78       ??_C@_1CK@DDKKOLAN@?$AAs?$AAi?$AAz?$AAe?$AAI?$AAn?$AAB?$AAy?$AAt?$AAe?$AAs?$AA?5?$AA?$DO?$AA?$DN?$AA?5?$AAc?$AAo?$AAu?$AAn?$AAt?$AA?$AA@ 0000000140041d78     LIBCMTD:memcpy_s.obj
 0002:00003db0       ??_C@_1EM@BALFJBIJ@?$AAf?$AA?3?$AA?2?$AAd?$AAd?$AA?2?$AAv?$AAc?$AAt?$AAo?$AAo?$AAl?$AAs?$AA?2?$AAc?$AAr?$AAt?$AA?2?$AAc?$AAr?$AAt?$AAw?$AA3?$AA2?$AA?2?$AAl?$AAo?$AAw?$AAi?$AAo?$AA?2?$AAr@ 0000000140041db0     LIBCMTD:read.obj
 0002:00003e00       ??_C@_1M@NHJOLLDM@?$AA_?$AAr?$AAe?$AAa?$AAd?$AA?$AA@ 0000000140041e00     LIBCMTD:read.obj
 0002:00003e10       ??_C@_1CC@HBLPFNKH@?$AA?$CI?$AAc?$AAn?$AAt?$AA?5?$AA?$DM?$AA?$DN?$AA?5?$AAI?$AAN?$AAT?$AA_?$AAM?$AAA?$AAX?$AA?$CJ?$AA?$AA@ 0000000140041e10     LIBCMTD:read.obj
 0002:00003e38       ??_C@_1BK@JJBHNDKJ@?$AA_?$AAr?$AAe?$AAa?$AAd?$AA_?$AAn?$AAo?$AAl?$AAo?$AAc?$AAk?$AA?$AA@ 0000000140041e38     LIBCMTD:read.obj
 0002:00003e58       ??_C@_1CG@OHLJHGGK@?$AA?$CI?$AAi?$AAn?$AAp?$AAu?$AAt?$AAb?$AAu?$AAf?$AA?5?$AA?$CB?$AA?$DN?$AA?5?$AAN?$AAU?$AAL?$AAL?$AA?$CJ?$AA?$AA@ 0000000140041e58     LIBCMTD:read.obj
 0002:00003e80       ??_C@_1CC@EEOLPHGO@?$AA?$CI?$AA?$CI?$AAc?$AAn?$AAt?$AA?5?$AA?$CG?$AA?5?$AA1?$AA?$CJ?$AA?5?$AA?$DN?$AA?$DN?$AA?5?$AA0?$AA?$CJ?$AA?$AA@ 0000000140041e80     LIBCMTD:read.obj
 0002:00003ea8       ??_C@_0CG@JHNDLPLJ@f?3?2dd?2vctools?2crt?2crtw32?2lowio?2r@ 0000000140041ea8     LIBCMTD:read.obj
 0002:00003ed0       ??_C@_1EO@CCHAPCBN@?$AAf?$AA?3?$AA?2?$AAd?$AAd?$AA?2?$AAv?$AAc?$AAt?$AAo?$AAo?$AAl?$AAs?$AA?2?$AAc?$AAr?$AAt?$AA?2?$AAc?$AAr?$AAt?$AAw?$AA3?$AA2?$AA?2?$AAl?$AAo?$AAw?$AAi?$AAo?$AA?2?$AAl@ 0000000140041ed0     LIBCMTD:lseek.obj
 0002:00003f20       ??_C@_1O@EDOIKGHF@?$AA_?$AAl?$AAs?$AAe?$AAe?$AAk?$AA?$AA@ 0000000140041f20     LIBCMTD:lseek.obj
 0002:00003f30       ??_C@_1DM@LMLOLGJ@?$AA?$CI?$AA?$CC?$AAI?$AAn?$AAv?$AAa?$AAl?$AAi?$AAd?$AA?5?$AAf?$AAi?$AAl?$AAe?$AA?5?$AAd?$AAe?$AAs?$AAc?$AAr?$AAi?$AAp?$AAt?$AAo?$AAr?$AA?$CC?$AA?0?$AA0?$AA?$CJ?$AA?$AA@ 0000000140041f30     LIBCMTD:lseek.obj
 0002:00003f70       ??_C@_1FE@NDDOFCDF@?$AAf?$AA?3?$AA?2?$AAd?$AAd?$AA?2?$AAv?$AAc?$AAt?$AAo?$AAo?$AAl?$AAs?$AA?2?$AAc?$AAr?$AAt?$AA?2?$AAc?$AAr?$AAt?$AAw?$AA3?$AA2?$AA?2?$AAl?$AAo?$AAw?$AAi?$AAo?$AA?2?$AAl@ 0000000140041f70     LIBCMTD:lseeki64.obj
 0002:00003fc8       ??_C@_1BE@KHFBJMNM@?$AA_?$AAl?$AAs?$AAe?$AAe?$AAk?$AAi?$AA6?$AA4?$AA?$AA@ 0000000140041fc8     LIBCMTD:lseeki64.obj
 0002:00003fe0       ??_C@_0CI@BIOGDJKL@f?3?2dd?2vctools?2crt?2crtw32?2lowio?2i@ 0000000140041fe0     LIBCMTD:ioinit.obj
 0002:00004020       __L_2_by_pi_bits           0000000140042020     LIBCMTD:L2_by_pi_bits.obj
 0002:000040c0       ??_C@_03BLEJJJBH@sin?$AA@  00000001400420c0     LIBCMTD:sincos_special.obj
 0002:000040c4       ??_C@_03LALBNOCG@cos?$AA@  00000001400420c4     LIBCMTD:sincos_special.obj
 0002:000040c8       ??_C@_03IIINPABG@tan?$AA@  00000001400420c8     LIBCMTD:sincos_special.obj
 0002:000040cc       ??_C@_04MHPLPEIA@tanf?$AA@ 00000001400420cc     LIBCMTD:sincos_special.obj
 0002:000040d8       ??_C@_1BI@ICGGMGLK@?$AAb?$AAu?$AAf?$AA?5?$AA?$CB?$AA?$DN?$AA?5?$AAN?$AAU?$AAL?$AAL?$AA?$AA@ 00000001400420d8     LIBCMTD:cvt.obj
[...]
 0004:00000ef4       $pdata$_flsbuf             000000014005aef4     LIBCMTD:_flsbuf.obj
 0004:00000f00       $pdata$_vsnwprintf_s       000000014005af00     LIBCMTD:vswprnc.obj
 0004:00000f0c       $pdata$_vsnwprintf_s_l     000000014005af0c     LIBCMTD:vswprnc.obj
 0004:00000f18       $pdata$_vswprintf_helper   000000014005af18     LIBCMTD:vswprnc.obj
 0004:00000f24       $pdata$get_int64_arg       000000014005af24     LIBCMTD:woutput.obj
 0004:00000f30       $pdata$get_int_arg         000000014005af30     LIBCMTD:woutput.obj
 0004:00000f3c       $pdata$strcat_s            000000014005af3c     LIBCMTD:strcat_s.obj
 0004:00000f48       $pdata$_itoa_s             000000014005af48     LIBCMTD:xtoas.obj
 0004:00000f54       $pdata$xtoa_s              000000014005af54     LIBCMTD:xtoas.obj
 0004:00000f60       $pdata$_mbstowcs_l_helper  000000014005af60     LIBCMTD:mbstowcs.obj
 0004:00000f6c       $pdata$_mbstowcs_s_l       000000014005af6c     LIBCMTD:mbstowcs.obj
 0004:00000f78       $pdata$mbstowcs_s          000000014005af78     LIBCMTD:mbstowcs.obj
 0004:00000f84       $pdata$?wcsncnt@@YA_KPEB_W_K@Z 000000014005af84     LIBCMTD:wcstombs.obj
 0004:00000f90       $pdata$_wcstombs_l_helper  000000014005af90     LIBCMTD:wcstombs.obj
 0004:00000f9c       $pdata$_wcstombs_s_l       000000014005af9c     LIBCMTD:wcstombs.obj
 0004:00000fa8       $pdata$wcstombs_s          000000014005afa8     LIBCMTD:wcstombs.obj
 0004:00000fb4       $pdata$_itow_s             000000014005afb4     LIBCMTD:xtows.obj
 0004:00000fc0       $pdata$xtow_s              000000014005afc0     LIBCMTD:xtows.obj
 0004:00000fcc       $pdata$_vsnprintf_helper   000000014005afcc     LIBCMTD:vsnprnc.obj
 0004:00000fd8       $pdata$_vsnprintf_s        000000014005afd8     LIBCMTD:vsnprnc.obj
 0004:00000fe4       $pdata$_vsnprintf_s_l      000000014005afe4     LIBCMTD:vsnprnc.obj
 0004:00000ff0       $pdata$_vsprintf_s_l       000000014005aff0     LIBCMTD:vsnprnc.obj
 0004:00000ffc       $pdata$__GSHandlerCheck_SEH 000000014005affc     LIBCMTD:gshandlerseh.obj
 0004:00001008       $pdata$__free_lconv_mon    000000014005b008     LIBCMTD:initmon.obj
 0004:00001014       $pdata$__free_lconv_num    000000014005b014     LIBCMTD:initnum.obj
 0004:00001020       $pdata$__free_lc_time      000000014005b020     LIBCMTD:inittime.obj
 0004:0000102c       $pdata$?__crtLCMapStringA_stat@@YAHPEAUlocaleinfo_struct@@PEB_WKPEBDHPEADHHH@Z 000000014005b02c     LIBCMTD:a_map.obj
 0004:00001038       $pdata$?strncnt@@YAHPEBDH@Z 000000014005b038     LIBCMTD:a_map.obj
 0004:00001044       $pdata$_MallocaIsSizeInRange 000000014005b044     LIBCMTD:a_map.obj
 0004:00001050       $pdata$__crtLCMapStringA   000000014005b050     LIBCMTD:a_map.obj
 0004:0000105c       $pdata$_freea              000000014005b05c     LIBCMTD:a_map.obj
 0004:00001068       $pdata$?__crtGetStringTypeA_stat@@YAHPEAUlocaleinfo_struct@@KPEBDHPEAGHH@Z 000000014005b068     LIBCMTD:a_str.obj
 0004:00001074       $pdata$__crtGetStringTypeA 000000014005b074     LIBCMTD:a_str.obj
 0004:00001080       $pdata$?_CatchTryBlock@@YAPEBU_s_TryBlockMapEntry@@PEBU_s_FuncInfo@@H@Z 000000014005b080     LIBCMTD:trnsctrl.obj
 0004:0000108c       $pdata$?_GetEstablisherFrame@@YAPEA_KPEA_KPEAU_xDISPATCHER_CONTEXT@@PEBU_s_FuncInfo@@0@Z 000000014005b08c     LIBCMTD:trnsctrl.obj
 0004:00001098       $pdata$?_GetRangeOfTrysToCheck@@YAPEBU_s_TryBlockMapEntry@@PEA_KPEBU_s_FuncInfo@@HHPEAI2PEAU_xDISPATCHER_CONTEXT@@@Z 000000014005b098     LIBCMTD:trnsctrl.obj
 0004:000010a4       $pdata$?__FrameUnwindToEmptyState@@YAXPEA_KPEAU_xDISPATCHER_CONTEXT@@PEBU_s_FuncInfo@@@Z 000000014005b0a4     LIBCMTD:trnsctrl.obj
 0004:000010b0       $pdata$?__SehTransFilter@@YAHPEAU_EXCEPTION_POINTERS@@PEAUEHExceptionRecord@@PEA_KPEAU_CONTEXT@@PEAU_xDISPATCHER_CONTEXT@@PEBU_s_FuncInfo@@PEAH@Z 000000014005b0b0     LIBCMTD:trnsctrl.obj
 0004:000010bc       $pdata$_CallSETranslator   000000014005b0bc     LIBCMTD:trnsctrl.obj
 0004:000010c8       $pdata$_CreateFrameInfo    000000014005b0c8     LIBCMTD:trnsctrl.obj
 0004:000010d4       $pdata$_FindAndUnlinkFrame 000000014005b0d4     LIBCMTD:trnsctrl.obj
 0004:000010e0       $pdata$_GetImageBase       000000014005b0e0     LIBCMTD:trnsctrl.obj
 0004:000010ec       $pdata$_GetThrowImageBase  000000014005b0ec     LIBCMTD:trnsctrl.obj
 0004:000010f8       $pdata$_IsExceptionObjectToBeDestroyed 000000014005b0f8     LIBCMTD:trnsctrl.obj
 0004:00001104       $pdata$_SetImageBase       000000014005b104     LIBCMTD:trnsctrl.obj
 0004:00001110       $pdata$_SetThrowImageBase  000000014005b110     LIBCMTD:trnsctrl.obj
 0004:0000111c       $pdata$_UnwindNestedFrames 000000014005b11c     LIBCMTD:trnsctrl.obj
 0004:00001128       $pdata$__CxxFrameHandler3  000000014005b128     LIBCMTD:trnsctrl.obj
 0004:00001134       $pdata$_locterm            000000014005b134     LIBCMTD:wsetloca.obj
 0004:00001140       $pdata$get_short_arg       000000014005b140     LIBCMTD:output.obj
 0004:0000114c       $pdata$__createFile        000000014005b14c     LIBCMTD:wopen.obj
 0004:00001158       $pdata$_wsopen_nolock      000000014005b158     LIBCMTD:wopen.obj
 0004:00001170       $pdata$__ascii_strnicmp    000000014005b170     LIBCMTD:strnicmp.obj
 0004:0000117c       $pdata$_strnicmp           000000014005b17c     LIBCMTD:strnicmp.obj
 0004:00001188       $pdata$_strnicmp_l         000000014005b188     LIBCMTD:strnicmp.obj
 0004:000011a0       $pdata$_CopyMan            000000014005b1a0     LIBCMTD:intrncvt.obj
 0004:000011ac       $pdata$_FillZeroMan        000000014005b1ac     LIBCMTD:intrncvt.obj
 0004:000011b8       $pdata$_IncMan             000000014005b1b8     LIBCMTD:intrncvt.obj
 0004:000011c4       $pdata$_IsZeroMan          000000014005b1c4     LIBCMTD:intrncvt.obj
 0004:000011d0       $pdata$_RoundMan           000000014005b1d0     LIBCMTD:intrncvt.obj
 0004:000011dc       $pdata$_ShrMan             000000014005b1dc     LIBCMTD:intrncvt.obj
 0004:000011e8       $pdata$_ZeroTail           000000014005b1e8     LIBCMTD:intrncvt.obj
 0004:000011f4       $pdata$__addl              000000014005b1f4     LIBCMTD:intrncvt.obj
 0004:00001200       $pdata$_ld12cvt            000000014005b200     LIBCMTD:intrncvt.obj
 0004:0000120c       $pdata$_ld12tod            000000014005b20c     LIBCMTD:intrncvt.obj
 0004:00001218       $pdata$_ld12tof            000000014005b218     LIBCMTD:intrncvt.obj
 0004:00001224       $pdata$__ld12mul           000000014005b224     LIBCMTD:strgtold.obj
 0004:00001230       $pdata$__multtenpow12      000000014005b230     LIBCMTD:strgtold.obj
 0004:0000123c       $pdata$__shl_12            000000014005b23c     LIBCMTD:strgtold.obj
 0004:00001248       $pdata$__shr_12            000000014005b248     LIBCMTD:strgtold.obj
 0004:00001254       $pdata$__strgtold12_l      000000014005b254     LIBCMTD:strgtold.obj
 0004:00001260       $pdata$$I10_OUTPUT         000000014005b260     LIBCMTD:x10fout.obj
 0004:0000126c       $pdata$__add_12            000000014005b26c     LIBCMTD:x10fout.obj
 0004:00001278       $pdata$abort               000000014005b278     LIBCMTD:abort.obj
 0004:00001284       $pdata$GetTableIndexFromLocaleName 000000014005b284     LIBCMTD:winapinls.obj
 0004:00001290       $pdata$__crtDownlevelLocaleNameToLCID 000000014005b290     LIBCMTD:winapinls.obj
 0004:0000129c       $pdata$__crtLCMapStringEx  000000014005b29c     LIBCMTD:winapinls.obj
 0004:000012a8       $pdata$__wcsnicmp_ascii    000000014005b2a8     LIBCMTD:winapinls.obj
 0004:000012b4       $pdata$__termconout        000000014005b2b4     LIBCMTD:initcon.obj
 0004:000012c0       $pdata$__initconout        000000014005b2c0     LIBCMTD:initcon.obj
 0004:000012cc       $pdata$_woutput_s_l        000000014005b2cc     LIBCMTD:woutputs.obj
 0004:000012d8       $pdata$write_char          000000014005b2d8     LIBCMTD:woutputs.obj
 0004:000012e4       $pdata$write_multi_char    000000014005b2e4     LIBCMTD:woutputs.obj
 0004:000012f0       $pdata$write_string        000000014005b2f0     LIBCMTD:woutputs.obj
 0004:000012fc       $pdata$_get_printf_count_output 000000014005b2fc     LIBCMTD:printf.obj
 0004:00001308       $pdata$_fputwc_nolock      000000014005b308     LIBCMTD:fputwc.obj
 0004:00001314       $pdata$_output_s_l         000000014005b314     LIBCMTD:outputs.obj
 0004:00001320       $pdata$write_char          000000014005b320     LIBCMTD:outputs.obj
 0004:0000132c       $pdata$write_multi_char    000000014005b32c     LIBCMTD:outputs.obj
 0004:00001338       $pdata$write_string        000000014005b338     LIBCMTD:outputs.obj
 0004:00001344       $pdata$__DestructExceptionObject 000000014005b344     LIBCMTD:frame.obj
 0004:00001350       $pdata$??0bad_exception@std@@QEAA@AEBV01@@Z 000000014005b350     LIBCMTD:frame.obj
 0004:0000135c       $pdata$??0bad_exception@std@@QEAA@PEBD@Z 000000014005b35c     LIBCMTD:frame.obj
 0004:00001368       $pdata$??1bad_exception@std@@UEAA@XZ 000000014005b368     LIBCMTD:frame.obj
 0004:00001374       $pdata$??_Gbad_exception@std@@UEAAPEAXI@Z 000000014005b374     LIBCMTD:frame.obj
 0004:00001380       $pdata$?CatchIt@@YAXPEAUEHExceptionRecord@@PEA_KPEAU_CONTEXT@@PEAU_xDISPATCHER_CONTEXT@@PEBU_s_FuncInfo@@PEBU_s_HandlerType@@PEBU_s_CatchableType@@PEBU_s_TryBlockMapEntry@@H1EE@Z 000000014005b380     LIBCMTD:frame.obj
 0004:0000138c       $pdata$?ExFilterRethrow@@YAHPEAU_EXCEPTION_POINTERS@@PEAUEHExceptionRecord@@PEAH@Z 000000014005b38c     LIBCMTD:frame.obj
 0004:00001398       $pdata$?FindHandler@@YAXPEAUEHExceptionRecord@@PEA_KPEAU_CONTEXT@@PEAU_xDISPATCHER_CONTEXT@@PEBU_s_FuncInfo@@EH1@Z 000000014005b398     LIBCMTD:frame.obj
 0004:000013a4       $pdata$?FindHandlerForForeignException@@YAXPEAUEHExceptionRecord@@PEA_KPEAU_CONTEXT@@PEAU_xDISPATCHER_CONTEXT@@PEBU_s_FuncInfo@@HH1@Z 000000014005b3a4     LIBCMTD:frame.obj
 0004:000013b0       $pdata$?IsInExceptionSpec@@YAEPEAUEHExceptionRecord@@PEBU_s_ESTypeList@@@Z 000000014005b3b0     LIBCMTD:frame.obj
 0004:000013bc       $pdata$?Is_bad_exception_allowed@@YAEPEBU_s_ESTypeList@@@Z 000000014005b3bc     LIBCMTD:frame.obj
 0004:000013c8       $pdata$?__RethrowException@@YAXPEAUEHExceptionRecord@@@Z 000000014005b3c8     LIBCMTD:frame.obj
 0004:000013d4       $pdata$__AdjustPointer     000000014005b3d4     LIBCMTD:frame.obj
 0004:000013e0       $pdata$__BuildCatchObject  000000014005b3e0     LIBCMTD:frame.obj
 0004:000013ec       $pdata$__BuildCatchObjectHelper 000000014005b3ec     LIBCMTD:frame.obj
 0004:000013f8       $pdata$__CxxCallCatchBlock 000000014005b3f8     LIBCMTD:frame.obj
 0004:00001404       $pdata$__FrameUnwindFilter 000000014005b404     LIBCMTD:frame.obj
 0004:00001410       $pdata$__FrameUnwindToState 000000014005b410     LIBCMTD:frame.obj
 0004:0000141c       $pdata$__InternalCxxFrameHandler 000000014005b41c     LIBCMTD:frame.obj
 0004:00001428       $pdata$__TypeMatch         000000014005b428     LIBCMTD:frame.obj
 0004:00001434       $pdata$?__GetCurrentState@@YAHPEA_KPEAU_xDISPATCHER_CONTEXT@@PEBU_s_FuncInfo@@@Z 000000014005b434     LIBCMTD:ehstate.obj
 0004:00001440       $pdata$?__GetUnwindTryBlock@@YAHPEA_KPEAU_xDISPATCHER_CONTEXT@@PEBU_s_FuncInfo@@@Z 000000014005b440     LIBCMTD:ehstate.obj
 0004:0000144c       $pdata$?__SetUnwindTryBlock@@YAXPEA_KPEAU_xDISPATCHER_CONTEXT@@PEBU_s_FuncInfo@@H@Z 000000014005b44c     LIBCMTD:ehstate.obj
 0004:00001458       $pdata$?__StateFromControlPc@@YAHPEBU_s_FuncInfo@@PEAU_xDISPATCHER_CONTEXT@@@Z 000000014005b458     LIBCMTD:ehstate.obj
 0004:00001464       $pdata$?__StateFromIp@@YAHPEBU_s_FuncInfo@@PEAU_xDISPATCHER_CONTEXT@@_J@Z 000000014005b464     LIBCMTD:ehstate.obj
 0004:0000147c       $pdata$_wctomb_s_l         000000014005b47c     LIBCMTD:wctomb.obj
 0004:00001488       $pdata$wctomb_s            000000014005b488     LIBCMTD:wctomb.obj
 0004:00001494       $pdata$_chsize_nolock      000000014005b494     LIBCMTD:chsize.obj
 0004:000014a0       $pdata$_get_fmode          000000014005b4a0     LIBCMTD:setmode.obj
 0004:000014ac       $pdata$_setmode_nolock     000000014005b4ac     LIBCMTD:setmode.obj
 0004:000014b8       $pdata$__mtold12           000000014005b4b8     LIBCMTD:mantold.obj
 0004:000014c4       $pdata$_flswbuf            000000014005b4c4     LIBCMTD:_flswbuf.obj
 0004:000014d0       $pdata$??3@YAXPEAX@Z       000000014005b4d0     LIBCMTD:dbgdel.obj
 0004:000014e8       $pdata$?_ValidateExecute@@YAHP6A_JXZ@Z 000000014005b4e8     LIBCMTD:validate.obj
 0004:000014f4       $pdata$?_ValidateRead@@YAHPEBXI@Z 000000014005b4f4     LIBCMTD:validate.obj
 0004:000014f4       $pdata$?_ValidateWrite@@YAHPEAXI@Z 000000014005b4f4     LIBCMTD:validate.obj
 0004:0000150c       $pdata$??1type_info@@UEAA@XZ 000000014005b50c     LIBCMTD:typinfo.obj
 0004:00001518       $pdata$??8type_info@@QEBA_NAEBV0@@Z 000000014005b518     LIBCMTD:typinfo.obj
 0004:00001524       $pdata$??_Gtype_info@@UEAAPEAXI@Z 000000014005b524     LIBCMTD:typinfo.obj
 0004:00001530       $pdata$??0exception@std@@QEAA@AEBQEBD@Z 000000014005b530     LIBCMTD:stdexcpt.obj
 0004:0000153c       $pdata$??0exception@std@@QEAA@AEBV01@@Z 000000014005b53c     LIBCMTD:stdexcpt.obj
 0004:00001548       $pdata$??1exception@std@@UEAA@XZ 000000014005b548     LIBCMTD:stdexcpt.obj
 0004:00001554       $pdata$??4exception@std@@QEAAAEAV01@AEBV01@@Z 000000014005b554     LIBCMTD:stdexcpt.obj
 0004:00001560       $pdata$??_Gexception@std@@UEAAPEAXI@Z 000000014005b560     LIBCMTD:stdexcpt.obj
 0004:0000156c       $pdata$?_Copy_str@exception@std@@AEAAXPEBD@Z 000000014005b56c     LIBCMTD:stdexcpt.obj
 0004:00001578       $pdata$?_Tidy@exception@std@@AEAAXXZ 000000014005b578     LIBCMTD:stdexcpt.obj
 0004:00001584       $pdata$?what@exception@std@@UEBAPEBDXZ 000000014005b584     LIBCMTD:stdexcpt.obj
 0004:00001590       $pdata$_CxxThrowException  000000014005b590     LIBCMTD:throw.obj
 0004:0000159c       $pdata$?_Type_info_dtor@type_info@@CAXPEAV1@@Z 000000014005b59c     LIBCMTD:typname.obj
 0004:000015a8       $pdata$_fsopen$fin$0       000000014005b5a8     LIBCMTD:fopen.obj
 0004:000015b4       $pdata$fread_s$fin$0       000000014005b5b4     LIBCMTD:fread.obj
 0004:000015c0       $pdata$fseek$fin$0         000000014005b5c0     LIBCMTD:fseek.obj
 0004:000015cc       $pdata$ftell$fin$0         000000014005b5cc     LIBCMTD:ftell.obj
 0004:000015cc       $pdata$fclose$fin$0        000000014005b5cc     LIBCMTD:ftell.obj
 0004:000015d8       $pdata$__tmainCRTStartup$filt$0 000000014005b5d8     LIBCMTD:wincrt0.obj
 0004:000015e4       $pdata$flsall$fin$0        000000014005b5e4     LIBCMTD:fflush.obj
 0004:000015f0       $pdata$flsall$fin$1        000000014005b5f0     LIBCMTD:fflush.obj
 0004:000015fc       $pdata$_CrtCheckMemory$fin$0 000000014005b5fc     LIBCMTD:dbgheap.obj
 0004:00001608       $pdata$?fin$0@?0??_CrtMemDumpAllObjectsSince_stat@@YAXPEBU_CrtMemState@@PEAUlocaleinfo_struct@@@Z@4HA 000000014005b608     LIBCMTD:dbgheap.obj
 0004:00001608       $pdata$_heap_alloc_dbg_impl$fin$0 000000014005b608     LIBCMTD:dbgheap.obj
 0004:00001608       $pdata$_CrtMemCheckpoint$fin$0 000000014005b608     LIBCMTD:dbgheap.obj
 0004:00001614       $pdata$_free_dbg$fin$0     000000014005b614     LIBCMTD:dbgheap.obj
 0004:00001620       $pdata$_realloc_dbg$fin$0  000000014005b620     LIBCMTD:dbgheap.obj
 0004:00001620       $pdata$_CrtSetDbgFlag$fin$0 000000014005b620     LIBCMTD:dbgheap.obj
 0004:00001620       $pdata$_msize_dbg$fin$0    000000014005b620     LIBCMTD:dbgheap.obj
 0004:00001620       $pdata$?fin$0@?0???3@YAXPEAX@Z@4HA 000000014005b620     LIBCMTD:dbgheap.obj
 0004:0000162c       $pdata$_getstream$fin$0    000000014005b62c     LIBCMTD:stream.obj
 0004:0000162c       $pdata$_fcloseall$fin$0    000000014005b62c     LIBCMTD:stream.obj
 0004:00001638       $pdata$_commit$fin$0       000000014005b638     LIBCMTD:lseeki64.obj
 0004:00001638       $pdata$_close$fin$0        000000014005b638     LIBCMTD:lseeki64.obj
 0004:00001638       $pdata$_write$fin$0        000000014005b638     LIBCMTD:lseeki64.obj
 0004:00001638       $pdata$_lseek$fin$0        000000014005b638     LIBCMTD:lseeki64.obj
 0004:00001638       $pdata$_read$fin$0         000000014005b638     LIBCMTD:lseeki64.obj
 0004:00001638       $pdata$_lseeki64$fin$0     000000014005b638     LIBCMTD:lseeki64.obj
 0004:00001644       $pdata$_ioinit$fin$0       000000014005b644     LIBCMTD:ioinit.obj
 0004:00001650       $pdata$_freefls$fin$0      000000014005b650     LIBCMTD:tidtable.obj
 0004:00001650       $pdata$_initptd$fin$0      000000014005b650     LIBCMTD:tidtable.obj
 0004:0000165c       $pdata$_initptd$fin$1      000000014005b65c     LIBCMTD:tidtable.obj
 0004:0000165c       $pdata$_freefls$fin$1      000000014005b65c     LIBCMTD:tidtable.obj
 0004:00001668       $pdata$doexit$fin$0        000000014005b668     LIBCMTD:crt0dat.obj
 0004:00001674       $pdata$__lock_fhandle$fin$0 000000014005b674     LIBCMTD:osfinfo.obj
 0004:00001674       $pdata$_mtinitlocknum$fin$0 000000014005b674     LIBCMTD:osfinfo.obj
 0004:00001680       $pdata$_alloc_osfhnd$fin$0 000000014005b680     LIBCMTD:osfinfo.obj
 0004:0000168c       $pdata$_alloc_osfhnd$fin$1 000000014005b68c     LIBCMTD:osfinfo.obj
 0004:00001698       $pdata$raise$fin$0         000000014005b698     LIBCMTD:winsig.obj
 0004:000016a4       $pdata$_VCrtDbgReportA$fin$0 000000014005b6a4     LIBCMTD:dbgrptt.obj
 0004:000016b0       $pdata$_VCrtDbgReportA$fin$1 000000014005b6b0     LIBCMTD:dbgrptt.obj
 0004:000016bc       $pdata$_VCrtDbgReportW$fin$0 000000014005b6bc     LIBCMTD:dbgrptt.obj
 0004:000016c8       $pdata$_VCrtDbgReportW$fin$1 000000014005b6c8     LIBCMTD:dbgrptt.obj
 0004:000016d4       $pdata$?dtor$0@?0??getSystemCP@@YAHH@Z@4HA 000000014005b6d4     LIBCMTD:mbctype.obj
 0004:000016e0       $pdata$__updatetmbcinfo$fin$0 000000014005b6e0     LIBCMTD:mbctype.obj
 0004:000016e0       $pdata$_setmbcp$fin$0      000000014005b6e0     LIBCMTD:mbctype.obj
 0004:000016ec       $pdata$_IsNonwritableInCurrentImage$filt$0 000000014005b6ec     LIBCMTD:pesect.obj
 0004:000016f8       $pdata$_sopen_helper$fin$0 000000014005b6f8     LIBCMTD:open.obj
 0004:00001704       $pdata$_ctrlfp$filt$0      000000014005b704     LIBCMTD:fpctrl.obj
 0004:00001710       $pdata$__BuildCatchObject$filt$0 000000014005b710     LIBCMTD:hooks.obj
 0004:00001710       $pdata$__BuildCatchObjectHelper$filt$0 000000014005b710     LIBCMTD:hooks.obj
 0004:00001710       $pdata$?filt$0@?0??terminate@@YAXXZ@4HA 000000014005b710     LIBCMTD:hooks.obj
 0004:00001710       $pdata$?filt$0@?0??_inconsistency@@YAXXZ@4HA 000000014005b710     LIBCMTD:hooks.obj
 0004:00001710       $pdata$?filt$0@?0??__crtIsBadReadPtr@@YAHPEBX_K@Z@4HA 000000014005b710     LIBCMTD:hooks.obj
 0004:0000171c       $pdata$_onexit$fin$0       000000014005b71c     LIBCMTD:onexit.obj
 0004:00001728       $pdata$?dtor$0@?0??x_ismbbtype_l@@YAHPEAUlocaleinfo_struct@@IHH@Z@4HA 000000014005b728     LIBCMTD:ismbbyte.obj
 0004:00001734       $pdata$_CallSETranslator$filt$0 000000014005b734     LIBCMTD:trnsctrl.obj
 0004:00001740       $pdata$_locterm$fin$0      000000014005b740     LIBCMTD:wsetloca.obj
 0004:00001740       $pdata$__updatetlocinfo$fin$0 000000014005b740     LIBCMTD:wsetloca.obj
 0004:0000174c       $pdata$__CxxCallCatchBlock$filt$0 000000014005b74c     LIBCMTD:frame.obj
 0004:00001758       $pdata$__CxxCallCatchBlock$fin$1 000000014005b758     LIBCMTD:frame.obj
 0004:00001764       $pdata$__DestructExceptionObject$filt$0 000000014005b764     LIBCMTD:frame.obj
 0004:00001770       $pdata$__FrameUnwindToState$filt$0 000000014005b770     LIBCMTD:frame.obj
 0004:0000177c       $pdata$__FrameUnwindToState$fin$1 000000014005b77c     LIBCMTD:frame.obj
 0004:00001788       $pdata$?fin$0@?0??_Type_info_dtor@type_info@@CAXPEAV1@@Z@4HA 000000014005b788     LIBCMTD:typname.obj
