 win32_dragon

 Timestamp is 5b63e9ad (Fri Aug 03 01:35:41 2018)

 Preferred load address is 0000000140000000

 Start         Length     Name                   Class
 0001:00000000 0003520cH .text$mn                CODE
 0001:00035210 000006bbH .text$x                 CODE
 0002:00000000 000002c0H .idata$5                DATA
 0002:000002c0 00000008H .CRT$XCA                DATA
 0002:000002c8 00000008H .CRT$XCZ                DATA
 0002:000002d0 00000008H .CRT$XIA                DATA
 0002:000002d8 00000020H .CRT$XIC                DATA
 0002:000002f8 00000008H .CRT$XIY                DATA
 0002:00000300 00000008H .CRT$XIZ                DATA
 0002:00000308 00000008H .CRT$XPA                DATA
 0002:00000310 00000010H .CRT$XPX                DATA
 0002:00000320 00000008H .CRT$XPXA               DATA
 0002:00000328 00000008H .CRT$XPZ                DATA
 0002:00000330 00000008H .CRT$XTA                DATA
 0002:00000338 00000008H .CRT$XTZ                DATA
 0002:00000340 0000d080H .rdata                  DATA
 0002:0000d3c0 00000054H .rdata$debug            DATA
 0002:0000d418 0000016cH .rdata$r                DATA
 0002:0000d588 00000008H .rtc$IAA                DATA
 0002:0000d590 00000008H .rtc$IZZ                DATA
 0002:0000d598 00000008H .rtc$TAA                DATA
 0002:0000d5a0 00000008H .rtc$TZZ                DATA
 0002:0000d5a8 00000cccH .xdata                  DATA
 0002:0000e278 00000084H .xdata$x                DATA
 0002:0000e2fc 00000000H .edata                  DATA
 0002:0000e2fc 00000028H .idata$2                DATA
 0002:0000e324 00000014H .idata$3                DATA
 0002:0000e338 000002c0H .idata$4                DATA
 0002:0000e5f8 0000063eH .idata$6                DATA
 0003:00000000 00001718H .data                   DATA
 0003:00001718 00000070H .data$r                 DATA
 0003:000017a0 000090c8H .bss                    DATA
 0004:00000000 00001560H .pdata                  DATA

  Address         Publics by Value              Rva+Base               Lib:Object

 0000:00000000       ___safe_se_handler_count   0000000000000000     <absolute>
 0000:00000000       __guard_fids_table         0000000000000000     <absolute>
 0000:00000000       __guard_flags              0000000000000000     <absolute>
 0000:00000000       __guard_fids_count         0000000000000000     <absolute>
 0000:00000000       ___safe_se_handler_table   0000000000000000     <absolute>
 0000:00000000       __ImageBase                0000000140000000     <linker-defined>
 0001:00000000       WinMain                    0000000140001000 f   win32_dragon.obj
 0001:00006ae0       ?ThreadProc@@YAKPEAX@Z     0000000140007ae0 f   win32_dragon.obj
 0001:00006b30       ?DebugReportCallback@@YAIIW4VkDebugReportObjectTypeEXT@@_K1HPEBD2PEAX@Z 0000000140007b30 f   win32_dragon.obj
 0001:00006be0       ?GetThreadId@@YAIXZ        0000000140007be0 f i win32_dragon.obj
 0001:00006c10       ?InitArena@@YA?AUmem_arena@@PEAX_K@Z 0000000140007c10 f i win32_dragon.obj
 0001:00006c70       ?SafeTruncateU64@@YAI_K@Z  0000000140007c70 f i win32_dragon.obj
 0001:00006ca0       _fclose_nolock             0000000140007ca0 f   LIBCMTD:fclose.obj
 0001:00006df0       fclose                     0000000140007df0 f   LIBCMTD:fclose.obj
 0001:00006ef0       _fsopen                    0000000140007ef0 f   LIBCMTD:fopen.obj
 0001:000071b0       fopen                      00000001400081b0 f   LIBCMTD:fopen.obj
 0001:000071e0       _fread_nolock_s            00000001400081e0 f   LIBCMTD:fread.obj
 0001:00007b30       fread                      0000000140008b30 f   LIBCMTD:fread.obj
 0001:00007b80       fread_s                    0000000140008b80 f   LIBCMTD:fread.obj
 0001:00007cd0       _fseek_nolock              0000000140008cd0 f   LIBCMTD:fseek.obj
 0001:00007df0       fseek                      0000000140008df0 f   LIBCMTD:fseek.obj
 0001:00007fa0       _ftell_nolock              0000000140008fa0 f   LIBCMTD:ftell.obj
 0001:00008660       ftell                      0000000140009660 f   LIBCMTD:ftell.obj
 0001:00008750       free                       0000000140009750 f   LIBCMTD:dbgfree.obj
 0001:00008770       malloc                     0000000140009770 f   LIBCMTD:dbgmalloc.obj
 0001:000087b0       __GSHandlerCheck           00000001400097b0 f   LIBCMTD:gshandler.obj
 0001:000087f0       __GSHandlerCheckCommon     00000001400097f0 f   LIBCMTD:gshandler.obj
 0001:00008900       _alloca_probe              0000000140009900 f   LIBCMTD:chkstk.obj
 0001:00008900       __chkstk                   0000000140009900 f   LIBCMTD:chkstk.obj
 0001:00008960       __security_check_cookie    0000000140009960 f   LIBCMTD:amdsecgs.obj
 0001:00008980       _fpmath                    0000000140009980 f   LIBCMTD:fpinit.obj
 0001:000089a0       _cfltcvt_init              00000001400099a0 f   LIBCMTD:fpinit.obj
 0001:00008ab0       WinMainCRTStartup          0000000140009ab0 f   LIBCMTD:wincrt0.obj
 0001:00008d00       _call_reportfault          0000000140009d00 f   LIBCMTD:invarg.obj
 0001:00008e30       _initp_misc_invarg         0000000140009e30 f   LIBCMTD:invarg.obj
 0001:00008e50       _invalid_parameter         0000000140009e50 f   LIBCMTD:invarg.obj
 0001:00008ee0       _invoke_watson             0000000140009ee0 f   LIBCMTD:invarg.obj
 0001:00008f40       _fileno                    0000000140009f40 f   LIBCMTD:fileno.obj
 0001:00009000       __initstdio                000000014000a000 f   LIBCMTD:_file.obj
 0001:00009100       __endstdio                 000000014000a100 f   LIBCMTD:_file.obj
 0001:00009140       __iob_func                 000000014000a140 f   LIBCMTD:_file.obj
 0001:00009150       _lock_file                 000000014000a150 f   LIBCMTD:_file.obj
 0001:000091e0       _lock_file2                000000014000a1e0 f   LIBCMTD:_file.obj
 0001:00009230       _unlock_file               000000014000a230 f   LIBCMTD:_file.obj
 0001:000092c0       _unlock_file2              000000014000a2c0 f   LIBCMTD:_file.obj
 0001:00009310       _close                     000000014000a310 f   LIBCMTD:close.obj
 0001:00009590       _close_nolock              000000014000a590 f   LIBCMTD:close.obj
 0001:000096a0       __doserrno                 000000014000a6a0 f   LIBCMTD:dosmap.obj
 0001:000096d0       _dosmaperr                 000000014000a6d0 f   LIBCMTD:dosmap.obj
 0001:00009700       _errno                     000000014000a700 f   LIBCMTD:dosmap.obj
 0001:00009730       _get_errno_from_oserr      000000014000a730 f   LIBCMTD:dosmap.obj
 0001:000097c0       _freebuf                   000000014000a7c0 f   LIBCMTD:_freebuf.obj
 0001:00009880       _fflush_nolock             000000014000a880 f   LIBCMTD:fflush.obj
 0001:00009900       _flush                     000000014000a900 f   LIBCMTD:fflush.obj
 0001:000099f0       _flushall                  000000014000a9f0 f   LIBCMTD:fflush.obj
 0001:00009b80       _CrtDbgReportW             000000014000ab80 f   LIBCMTD:dbgrptw.obj
 0001:00009c00       _CrtDbgReportWV            000000014000ac00 f i LIBCMTD:dbgrptw.obj
 0001:00009c60       __crtMessageWindowW        000000014000ac60 f   LIBCMTD:dbgrptw.obj
 0001:0000a2e0       _invoke_watson_if_error    000000014000b2e0 f i LIBCMTD:dbgrptw.obj
 0001:0000a330       _invoke_watson_if_oneof    000000014000b330 f i LIBCMTD:dbgrptw.obj
 0001:0000a3a0       ??0_LocaleUpdate@@QEAA@PEAUlocaleinfo_struct@@@Z 000000014000b3a0 f i LIBCMTD:dbgheap.obj
 0001:0000a4e0       ??1_LocaleUpdate@@QEAA@XZ  000000014000b4e0 f i LIBCMTD:dbgheap.obj
 0001:0000a520       ?GetLocaleT@_LocaleUpdate@@QEAAPEAUlocaleinfo_struct@@XZ 000000014000b520 f i LIBCMTD:dbgheap.obj
 0001:0000aa60       _CrtCheckMemory            000000014000ba60 f   LIBCMTD:dbgheap.obj
 0001:0000b000       _CrtDumpMemoryLeaks        000000014000c000 f   LIBCMTD:dbgheap.obj
 0001:0000b0c0       _CrtGetCheckCount          000000014000c0c0 f   LIBCMTD:dbgheap.obj
 0001:0000b0d0       _CrtIsValidHeapPointer     000000014000c0d0 f   LIBCMTD:dbgheap.obj
 0001:0000b130       _CrtIsValidPointer         000000014000c130 f   LIBCMTD:dbgheap.obj
 0001:0000b170       _CrtMemCheckpoint          000000014000c170 f   LIBCMTD:dbgheap.obj
 0001:0000b400       _CrtMemDumpAllObjectsSince 000000014000c400 f   LIBCMTD:dbgheap.obj
 0001:0000b450       _CrtSetCheckCount          000000014000c450 f   LIBCMTD:dbgheap.obj
 0001:0000b470       _CrtSetDbgFlag             000000014000c470 f   LIBCMTD:dbgheap.obj
 0001:0000b5b0       _calloc_dbg                000000014000c5b0 f   LIBCMTD:dbgheap.obj
 0001:0000b630       _calloc_dbg_impl           000000014000c630 f   LIBCMTD:dbgheap.obj
 0001:0000b6e0       _free_dbg                  000000014000c6e0 f   LIBCMTD:dbgheap.obj
 0001:0000b720       _free_dbg_nolock           000000014000c720 f   LIBCMTD:dbgheap.obj
 0001:0000c2b0       _malloc_dbg                000000014000d2b0 f   LIBCMTD:dbgheap.obj
 0001:0000c300       _msize_dbg                 000000014000d300 f   LIBCMTD:dbgheap.obj
 0001:0000c550       _nh_malloc_dbg             000000014000d550 f   LIBCMTD:dbgheap.obj
 0001:0000c8e0       _realloc_dbg               000000014000d8e0 f   LIBCMTD:dbgheap.obj
 0001:0000d250       __C_specific_handler       000000014000e250 f   LIBCMTD:chandler.obj
 0001:0000d670       _getstream                 000000014000e670 f   LIBCMTD:stream.obj
 0001:0000d8b0       _openfile                  000000014000e8b0 f   LIBCMTD:_open.obj
 0001:0000e390       _local_unwind              000000014000f390 f   LIBCMTD:jmpuwind.obj
 0001:0000e3c0       _NLG_Notify                000000014000f3c0 f   LIBCMTD:jmpuwind.obj
 0001:0000e3e0       __NLG_Dispatch2            000000014000f3e0 f   LIBCMTD:jmpuwind.obj
 0001:0000e3f0       __NLG_Return2              000000014000f3f0 f   LIBCMTD:jmpuwind.obj
 0001:0000e400       _filbuf                    000000014000f400 f   LIBCMTD:_filbuf.obj
 0001:0000e720       memcpy_s                   000000014000f720 f   LIBCMTD:memcpy_s.obj
 0001:0000e9a0       memset                     000000014000f9a0 f   LIBCMTD:memset.obj
 0001:0000ebd0       _read                      000000014000fbd0 f   LIBCMTD:read.obj
 0001:0000ef30       _read_nolock               000000014000ff30 f   LIBCMTD:read.obj
 0001:00010a90       _lseek                     0000000140011a90 f   LIBCMTD:lseek.obj
 0001:00010d30       _lseek_nolock              0000000140011d30 f   LIBCMTD:lseek.obj
 0001:00010ec0       _lseeki64                  0000000140011ec0 f   LIBCMTD:lseeki64.obj
 0001:00011170       _lseeki64_nolock           0000000140012170 f   LIBCMTD:lseeki64.obj
 0001:00011290       _ioinit                    0000000140012290 f   LIBCMTD:ioinit.obj
 0001:00011870       __raise_securityfailure    0000000140012870 f   LIBCMTD:gs_report.obj
 0001:000118c0       __report_gsfailure         00000001400128c0 f   LIBCMTD:gs_report.obj
 0001:000119a0       __report_rangecheckfailure 00000001400129a0 f   LIBCMTD:gs_report.obj
 0001:000119c0       __report_securityfailure   00000001400129c0 f   LIBCMTD:gs_report.obj
 0001:00011a60       ?strrchr@@YAPEADPEADH@Z    0000000140012a60 f i LIBCMTD:cvt.obj
 0001:00011a80       _cfltcvt                   0000000140012a80 f   LIBCMTD:cvt.obj
 0001:00011ad0       _cfltcvt_l                 0000000140012ad0 f   LIBCMTD:cvt.obj
 0001:00011bf0       _cftoa_l                   0000000140012bf0 f   LIBCMTD:cvt.obj
 0001:000126f0       _cftoe                     00000001400136f0 f   LIBCMTD:cvt.obj
 0001:00012d10       _cftoe_l                   0000000140013d10 f   LIBCMTD:cvt.obj
 0001:00013410       _cftof_l                   0000000140014410 f   LIBCMTD:cvt.obj
 0001:000136f0       _cftog_l                   00000001400146f0 f   LIBCMTD:cvt.obj
 0001:00013ab0       _cropzeros                 0000000140014ab0 f   LIBCMTD:cvt.obj
 0001:00013ad0       _cropzeros_l               0000000140014ad0 f   LIBCMTD:cvt.obj
 0001:00013c50       _fassign                   0000000140014c50 f   LIBCMTD:cvt.obj
 0001:00013c80       _fassign_l                 0000000140014c80 f   LIBCMTD:cvt.obj
 0001:00013cf0       _forcdecpt                 0000000140014cf0 f   LIBCMTD:cvt.obj
 0001:00013d10       _forcdecpt_l               0000000140014d10 f   LIBCMTD:cvt.obj
 0001:00013e10       _positive                  0000000140014e10 f   LIBCMTD:cvt.obj
 0001:00013ea0       _initp_misc_cfltcvt_tab    0000000140014ea0 f   LIBCMTD:cmiscdat.obj
 0001:00013ef0       ?__CxxUnhandledExceptionFilter@@YAJPEAU_EXCEPTION_POINTERS@@@Z 0000000140014ef0 f   LIBCMTD:unhandld.obj
 0001:00013f70       __CxxSetUnhandledExceptionFilter 0000000140014f70 f   LIBCMTD:unhandld.obj
 0001:00013f90       _XcptFilter                0000000140014f90 f   LIBCMTD:winxfltr.obj
 0001:000142c0       _freefls                   00000001400152c0 f   LIBCMTD:tidtable.obj
 0001:000144d0       _getptd                    00000001400154d0 f   LIBCMTD:tidtable.obj
 0001:00014500       _getptd_noexit             0000000140015500 f   LIBCMTD:tidtable.obj
 0001:000145d0       _initptd                   00000001400155d0 f   LIBCMTD:tidtable.obj
 0001:00014700       _mtinit                    0000000140015700 f   LIBCMTD:tidtable.obj
 0001:000147c0       _mtterm                    00000001400157c0 f   LIBCMTD:tidtable.obj
 0001:000147f0       __copy_path_to_wide_string 00000001400157f0 f   LIBCMTD:crt0dat.obj
 0001:00014a70       __crtCorExitProcess        0000000140015a70 f   LIBCMTD:crt0dat.obj
 0001:00014ac0       __crtExitProcess           0000000140015ac0 f   LIBCMTD:crt0dat.obj
 0001:00014ae0       __freeCrtMemory            0000000140015ae0 f   LIBCMTD:crt0dat.obj
 0001:00014d10       _amsg_exit                 0000000140015d10 f   LIBCMTD:crt0dat.obj
 0001:00014d40       _c_exit                    0000000140015d40 f   LIBCMTD:crt0dat.obj
 0001:00014d60       _cexit                     0000000140015d60 f   LIBCMTD:crt0dat.obj
 0001:00014d80       _cinit                     0000000140015d80 f   LIBCMTD:crt0dat.obj
 0001:00014e30       _exit                      0000000140015e30 f   LIBCMTD:crt0dat.obj
 0001:00014e50       _init_pointers             0000000140015e50 f   LIBCMTD:crt0dat.obj
 0001:00014f00       _initterm_e                0000000140015f00 f   LIBCMTD:crt0dat.obj
 0001:00014f60       _lockexit                  0000000140015f60 f   LIBCMTD:crt0dat.obj
 0001:00014f80       _unlockexit                0000000140015f80 f   LIBCMTD:crt0dat.obj
 0001:000151b0       exit                       00000001400161b0 f   LIBCMTD:crt0dat.obj
 0001:000151d0       _heap_init                 00000001400161d0 f   LIBCMTD:heapinit.obj
 0001:00015200       _set_pgmptr                0000000140016200 f i LIBCMTD:stdargv.obj
 0001:00015220       _setargv                   0000000140016220 f   LIBCMTD:stdargv.obj
 0001:00015880       _setenvp                   0000000140016880 f   LIBCMTD:stdenvp.obj
 0001:00015a90       _FF_MSGBANNER              0000000140016a90 f   LIBCMTD:crt0msg.obj
 0001:00015ae0       _GET_RTERRMSG              0000000140016ae0 f   LIBCMTD:crt0msg.obj
 0001:00015b40       _NMSG_WRITE                0000000140016b40 f   LIBCMTD:crt0msg.obj
 0001:00015f70       __set_app_type             0000000140016f70 f   LIBCMTD:errmode.obj
 0001:00015f80       _set_error_mode            0000000140016f80 f   LIBCMTD:errmode.obj
 0001:00016090       __security_init_cookie     0000000140017090 f   LIBCMTD:gs_support.obj
 0001:000161b0       _RTC_Initialize            00000001400171b0 f   LIBCMTD:initsect.obj
 0001:000161f0       _RTC_Terminate             00000001400171f0 f   LIBCMTD:initsect.obj
 0001:00016230       __crtGetEnvironmentStringsA 0000000140017230 f   LIBCMTD:a_env.obj
 0001:00016410       __crtCaptureCurrentContext 0000000140017410 f   LIBCMTD:winapisupp.obj
 0001:000164b0       __crtCapturePreviousContext 00000001400174b0 f   LIBCMTD:winapisupp.obj
 0001:00016570       __crtFlsAlloc              0000000140017570 f   LIBCMTD:winapisupp.obj
 0001:000165c0       __crtFlsFree               00000001400175c0 f   LIBCMTD:winapisupp.obj
 0001:00016610       __crtFlsGetValue           0000000140017610 f   LIBCMTD:winapisupp.obj
 0001:00016660       __crtFlsSetValue           0000000140017660 f   LIBCMTD:winapisupp.obj
 0001:000166c0       __crtGetShowWindowMode     00000001400176c0 f   LIBCMTD:winapisupp.obj
 0001:00016700       __crtInitializeCriticalSectionEx 0000000140017700 f   LIBCMTD:winapisupp.obj
 0001:00016770       __crtIsPackagedApp         0000000140017770 f   LIBCMTD:winapisupp.obj
 0001:000167b0       __crtLoadWinApiPointers    00000001400177b0 f   LIBCMTD:winapisupp.obj
 0001:00016da0       __crtSetUnhandledExceptionFilter 0000000140017da0 f   LIBCMTD:winapisupp.obj
 0001:00016dc0       __crtTerminateProcess      0000000140017dc0 f   LIBCMTD:winapisupp.obj
 0001:00016de0       __crtUnhandledException    0000000140017de0 f   LIBCMTD:winapisupp.obj
 0001:00016e10       _wincmdln                  0000000140017e10 f   LIBCMTD:wincmdln.obj
 0001:00016f20       _CrtDefaultAllocHook       0000000140017f20 f   LIBCMTD:dbghook.obj
 0001:00016f40       __crt_debugger_hook        0000000140017f40 f   LIBCMTD:dbghook.obj
 0001:00016f50       _fcloseall                 0000000140017f50 f   LIBCMTD:closeall.obj
 0001:00017050       _lock                      0000000140018050 f   LIBCMTD:mlock.obj
 0001:000170b0       _mtdeletelocks             00000001400180b0 f   LIBCMTD:mlock.obj
 0001:000171d0       _mtinitlocknum             00000001400181d0 f   LIBCMTD:mlock.obj
 0001:000172d0       _mtinitlocks               00000001400182d0 f   LIBCMTD:mlock.obj
 0001:00017370       _unlock                    0000000140018370 f   LIBCMTD:mlock.obj
 0001:000173a0       __lock_fhandle             00000001400183a0 f   LIBCMTD:osfinfo.obj
 0001:00017470       _alloc_osfhnd              0000000140018470 f   LIBCMTD:osfinfo.obj
 0001:00017750       _free_osfhnd               0000000140018750 f   LIBCMTD:osfinfo.obj
 0001:00017880       _get_osfhandle             0000000140018880 f   LIBCMTD:osfinfo.obj
 0001:00017a80       _set_osfhnd                0000000140018a80 f   LIBCMTD:osfinfo.obj
 0001:00017b90       _unlock_fhandle            0000000140018b90 f   LIBCMTD:osfinfo.obj
 0001:00017bd0       _commit                    0000000140018bd0 f   LIBCMTD:commit.obj
 0001:00017e60       _write                     0000000140018e60 f   LIBCMTD:write.obj
 0001:00018100       _write_nolock              0000000140019100 f   LIBCMTD:write.obj
 0001:00019240       wcscpy_s                   000000014001a240 f   LIBCMTD:wcscpy_s.obj
 0001:000196f0       wcslen                     000000014001a6f0 f   LIBCMTD:wcslen.obj
 0001:00019740       _snwprintf_s               000000014001a740 f   LIBCMTD:swprintf.obj
 0001:000197a0       __get_sigabrt              000000014001a7a0 f   LIBCMTD:winsig.obj
 0001:000197c0       _initp_misc_winsig         000000014001a7c0 f   LIBCMTD:winsig.obj
 0001:00019800       raise                      000000014001a800 f   LIBCMTD:winsig.obj
 0001:00019c70       __crtMessageBoxW           000000014001ac70 f   LIBCMTD:crtmboxw.obj
 0001:0001a0e0       __crtMessageBoxWaitThreadW 000000014001b0e0 f   LIBCMTD:crtmboxw.obj
 0001:0001a130       _CrtDbgBreak               000000014001b130 f   LIBCMTD:dbgrptt.obj
 0001:0001a140       _VCrtDbgReportA            000000014001b140 f   LIBCMTD:dbgrptt.obj
 0001:0001ab10       _VCrtDbgReportW            000000014001bb10 f   LIBCMTD:dbgrptt.obj
 0001:0001b650       __addlocaleref             000000014001c650 f   LIBCMTD:localref.obj
 0001:0001b7a0       __freetlocinfo             000000014001c7a0 f   LIBCMTD:localref.obj
 0001:0001bb50       __removelocaleref          000000014001cb50 f   LIBCMTD:localref.obj
 0001:0001bcb0       __updatetlocinfo           000000014001ccb0 f   LIBCMTD:localref.obj
 0001:0001bd50       _updatetlocinfoEx_nolock   000000014001cd50 f   LIBCMTD:localref.obj
 0001:0001bdf0       __initmbctable             000000014001cdf0 f   LIBCMTD:mbctype.obj
 0001:0001c480       __updatetmbcinfo           000000014001d480 f   LIBCMTD:mbctype.obj
 0001:0001c590       _setmbcp                   000000014001d590 f   LIBCMTD:mbctype.obj
 0001:0001c880       _setmbcp_nolock            000000014001d880 f   LIBCMTD:mbctype.obj
 0001:0001ccd0       _chvalidator               000000014001dcd0 f   LIBCMTD:isctype.obj
 0001:0001cd40       _chvalidator_l             000000014001dd40 f   LIBCMTD:isctype.obj
 0001:0001ce50       _isctype_l                 000000014001de50 f   LIBCMTD:isctype.obj
 0001:0001d040       memcpy                     000000014001e040 f   LIBCMTD:memcpy.obj
 0001:0001d040       memmove                    000000014001e040 f   LIBCMTD:memcpy.obj
 0001:0001d5b0       _free_base                 000000014001e5b0 f   LIBCMTD:free.obj
 0001:0001d610       _realloc_base              000000014001e610 f   LIBCMTD:realloc.obj
 0001:0001d730       _expand_base               000000014001e730 f   LIBCMTD:expand.obj
 0001:0001d910       _CrtDbgReport              000000014001e910 f   LIBCMTD:dbgrpt.obj
 0001:0001d990       _CrtDbgReportV             000000014001e990 f i LIBCMTD:dbgrpt.obj
 0001:0001d9f0       __crtMessageWindowA        000000014001e9f0 f   LIBCMTD:dbgrpt.obj
 0001:0001e070       _callnewh                  000000014001f070 f   LIBCMTD:handler.obj
 0001:0001e0b0       _initp_heap_handler        000000014001f0b0 f   LIBCMTD:handler.obj
 0001:0001e0d0       _heapchk                   000000014001f0d0 f   LIBCMTD:heapchk.obj
 0001:0001e110       _snprintf_s                000000014001f110 f   LIBCMTD:sprintf.obj
 0001:0001e170       sprintf_s                  000000014001f170 f   LIBCMTD:sprintf.obj
 0001:0001e1c0       _heap_alloc_base           000000014001f1c0 f i LIBCMTD:malloc.obj
 0001:0001e230       _malloc_base               000000014001f230 f   LIBCMTD:malloc.obj
 0001:0001e2d0       _FindPESection             000000014001f2d0 f   LIBCMTD:pesect.obj
 0001:0001e380       _IsNonwritableInCurrentImage 000000014001f380 f   LIBCMTD:pesect.obj
 0001:0001e410       _ValidateImageBase         000000014001f410 f   LIBCMTD:pesect.obj
 0001:0001e490       _sopen_helper              000000014001f490 f   LIBCMTD:open.obj
 0001:0001e7d0       _sopen_nolock              000000014001f7d0 f   LIBCMTD:open.obj
 0001:0001e870       _sopen_s                   000000014001f870 f   LIBCMTD:open.obj
 0001:0001e8c0       _mbsnbcmp                  000000014001f8c0 f   LIBCMTD:mbsnbcmp.obj
 0001:0001e8f0       _mbsnbcmp_l                000000014001f8f0 f   LIBCMTD:mbsnbcmp.obj
 0001:0001ed60       _mbsnbicmp                 000000014001fd60 f   LIBCMTD:mbsnbicm.obj
 0001:0001ed90       _mbsnbicmp_l               000000014001fd90 f   LIBCMTD:mbsnbicm.obj
 0001:0001f530       _getbuf                    0000000140020530 f   LIBCMTD:_getbuf.obj
 0001:0001f640       __isa_available_init       0000000140020640 f   LIBCMTD:cpu_disp.obj
 0001:0001f980       _isatty                    0000000140020980 f   LIBCMTD:isatty.obj
 0001:0001fa90       _isdigit_l                 0000000140020a90 f i LIBCMTD:_ctype.obj
 0001:0001fb30       isdigit                    0000000140020b30 f i LIBCMTD:_ctype.obj
 0001:0001fb70       _tolower_l                 0000000140020b70 f   LIBCMTD:tolower.obj
 0001:0001fed0       tolower                    0000000140020ed0 f   LIBCMTD:tolower.obj
 0001:0001ff20       strcpy_s                   0000000140020f20 f   LIBCMTD:strcpy_s.obj
 0001:000203d0       strlen                     00000001400213d0 f   LIBCMTD:strlen.obj
 0001:00020480       strrchr                    0000000140021480 f   LIBCMTD:strrchr.obj
 0001:000208a0       _fptostr                   00000001400218a0 f   LIBCMTD:_fptostr.obj
 0001:00020d00       __crt_atoflt_l             0000000140021d00 f   LIBCMTD:atodbl.obj
 0001:00020ea0       _atodbl_l                  0000000140021ea0 f   LIBCMTD:atodbl.obj
 0001:00021020       _atoflt_l                  0000000140022020 f   LIBCMTD:atodbl.obj
 0001:00021050       __dtold                    0000000140022050 f   LIBCMTD:cfout.obj
 0001:00021200       _fltout2                   0000000140022200 f   LIBCMTD:cfout.obj
 0001:00021310       _fptrap                    0000000140022310 f   LIBCMTD:crt0fp.obj
 0001:00021330       ?_inconsistency@@YAXXZ     0000000140022330 f   LIBCMTD:hooks.obj
 0001:00021360       ?terminate@@YAXXZ          0000000140022360 f   LIBCMTD:hooks.obj
 0001:00021390       _initp_eh_hooks            0000000140022390 f   LIBCMTD:hooks.obj
 0001:000213c0       __onexitinit               00000001400223c0 f   LIBCMTD:onexit.obj
 0001:00021430       _onexit                    0000000140022430 f   LIBCMTD:onexit.obj
 0001:00021640       atexit                     0000000140022640 f   LIBCMTD:onexit.obj
 0001:00021680       _initp_misc_purevirt       0000000140022680 f   LIBCMTD:inithelp.obj
 0001:000216a0       _initp_misc_rand_s         00000001400226a0 f   LIBCMTD:rand_s.obj
 0001:00021790       _ismbblead                 0000000140022790 f   LIBCMTD:ismbbyte.obj
 0001:000217c0       wcscat_s                   00000001400227c0 f   LIBCMTD:wcscat_s.obj
 0001:00021df0       wcsncpy_s                  0000000140022df0 f   LIBCMTD:wcsncpy_s.obj
 0001:00022490       _isleadbyte_l              0000000140023490 f i LIBCMTD:_wctype.obj
 0001:000224f0       isleadbyte                 00000001400234f0 f i LIBCMTD:_wctype.obj
 0001:00022510       _mbtowc_l                  0000000140023510 f   LIBCMTD:mbtowc.obj
 0001:00022850       mbtowc                     0000000140023850 f   LIBCMTD:mbtowc.obj
 0001:00022880       _putwch_nolock             0000000140023880 f   LIBCMTD:putwch.obj
 0001:000228f0       _flsbuf                    00000001400238f0 f   LIBCMTD:_flsbuf.obj
 0001:00022c90       _vsnwprintf_s              0000000140023c90 f   LIBCMTD:vswprnc.obj
 0001:00022ce0       _vsnwprintf_s_l            0000000140023ce0 f   LIBCMTD:vswprnc.obj
 0001:00023290       _vswprintf_helper          0000000140024290 f   LIBCMTD:vswprnc.obj
 0001:000235e0       get_int64_arg              00000001400245e0 f i LIBCMTD:woutput.obj
 0001:00023650       get_int_arg                0000000140024650 f i LIBCMTD:woutput.obj
 0001:000236b0       strcat_s                   00000001400246b0 f   LIBCMTD:strcat_s.obj
 0001:00023cc0       _itoa_s                    0000000140024cc0 f   LIBCMTD:xtoas.obj
 0001:000242f0       _mbstowcs_l_helper         00000001400252f0 f   LIBCMTD:mbstowcs.obj
 0001:00024860       _mbstowcs_s_l              0000000140025860 f   LIBCMTD:mbstowcs.obj
 0001:00024df0       mbstowcs_s                 0000000140025df0 f   LIBCMTD:mbstowcs.obj
 0001:00024ed0       _wcstombs_l_helper         0000000140025ed0 f   LIBCMTD:wcstombs.obj
 0001:000256e0       _wcstombs_s_l              00000001400266e0 f   LIBCMTD:wcstombs.obj
 0001:00025be0       wcstombs_s                 0000000140026be0 f   LIBCMTD:wcstombs.obj
 0001:00025c30       _itow_s                    0000000140026c30 f   LIBCMTD:xtows.obj
 0001:00026280       _vsnprintf_helper          0000000140027280 f   LIBCMTD:vsnprnc.obj
 0001:00026560       _vsnprintf_s               0000000140027560 f   LIBCMTD:vsnprnc.obj
 0001:000265b0       _vsnprintf_s_l             00000001400275b0 f   LIBCMTD:vsnprnc.obj
 0001:00026b50       _vsprintf_s_l              0000000140027b50 f   LIBCMTD:vsnprnc.obj
 0001:00026ee0       __GSHandlerCheck_SEH       0000000140027ee0 f   LIBCMTD:gshandlerseh.obj
 0001:00026fa0       __free_lconv_mon           0000000140027fa0 f   LIBCMTD:initmon.obj
 0001:000271b0       __free_lconv_num           00000001400281b0 f   LIBCMTD:initnum.obj
 0001:00027290       __free_lc_time             0000000140028290 f   LIBCMTD:inittime.obj
 0001:000281d0       _MallocaIsSizeInRange      00000001400291d0 f i LIBCMTD:a_map.obj
 0001:00028210       _MarkAllocaS               0000000140029210 f i LIBCMTD:a_map.obj
 0001:00028240       __crtLCMapStringA          0000000140029240 f   LIBCMTD:a_map.obj
 0001:000282f0       _freea                     00000001400292f0 f i LIBCMTD:a_map.obj
 0001:00028540       __crtGetStringTypeA        0000000140029540 f   LIBCMTD:a_str.obj
 0001:00028660       ?_GetEstablisherFrame@@YAPEA_KPEA_KPEAU_xDISPATCHER_CONTEXT@@PEBU_s_FuncInfo@@0@Z 0000000140029660 f   LIBCMTD:trnsctrl.obj
 0001:000287d0       ?_GetRangeOfTrysToCheck@@YAPEBU_s_TryBlockMapEntry@@PEA_KPEBU_s_FuncInfo@@HHPEAI2PEAU_xDISPATCHER_CONTEXT@@@Z 00000001400297d0 f   LIBCMTD:trnsctrl.obj
 0001:000289f0       ?__FrameUnwindToEmptyState@@YAXPEA_KPEAU_xDISPATCHER_CONTEXT@@PEBU_s_FuncInfo@@@Z 00000001400299f0 f   LIBCMTD:trnsctrl.obj
 0001:00028a90       ?__SehTransFilter@@YAHPEAU_EXCEPTION_POINTERS@@PEAUEHExceptionRecord@@PEA_KPEAU_CONTEXT@@PEAU_xDISPATCHER_CONTEXT@@PEBU_s_FuncInfo@@PEAH@Z 0000000140029a90 f   LIBCMTD:trnsctrl.obj
 0001:00028b50       _CallSETranslator          0000000140029b50 f   LIBCMTD:trnsctrl.obj
 0001:00028bd0       _CreateFrameInfo           0000000140029bd0 f   LIBCMTD:trnsctrl.obj
 0001:00028c50       _FindAndUnlinkFrame        0000000140029c50 f   LIBCMTD:trnsctrl.obj
 0001:00028ce0       _GetImageBase              0000000140029ce0 f   LIBCMTD:trnsctrl.obj
 0001:00028d00       _GetThrowImageBase         0000000140029d00 f   LIBCMTD:trnsctrl.obj
 0001:00028d20       _IsExceptionObjectToBeDestroyed 0000000140029d20 f   LIBCMTD:trnsctrl.obj
 0001:00028d80       _SetImageBase              0000000140029d80 f   LIBCMTD:trnsctrl.obj
 0001:00028da0       _SetThrowImageBase         0000000140029da0 f   LIBCMTD:trnsctrl.obj
 0001:00028dc0       _UnwindNestedFrames        0000000140029dc0 f   LIBCMTD:trnsctrl.obj
 0001:00028f30       __CxxFrameHandler3         0000000140029f30 f   LIBCMTD:trnsctrl.obj
 0001:00028ff0       _locterm                   0000000140029ff0 f   LIBCMTD:wsetloca.obj
 0001:00029040       get_short_arg              000000014002a040 f i LIBCMTD:output.obj
 0001:000291d0       _wsopen_nolock             000000014002a1d0 f   LIBCMTD:wopen.obj
 0001:0002a680       strncmp                    000000014002b680 f   LIBCMTD:strncmp.obj
 0001:0002a700       __ascii_strnicmp           000000014002b700 f   LIBCMTD:strnicmp.obj
 0001:0002a7e0       _strnicmp                  000000014002b7e0 f   LIBCMTD:strnicmp.obj
 0001:0002aa30       _strnicmp_l                000000014002ba30 f   LIBCMTD:strnicmp.obj
 0001:0002ade0       _CopyMan                   000000014002bde0 f i LIBCMTD:intrncvt.obj
 0001:0002ae50       _FillZeroMan               000000014002be50 f i LIBCMTD:intrncvt.obj
 0001:0002ae90       _IncMan                    000000014002be90 f i LIBCMTD:intrncvt.obj
 0001:0002af70       _IsZeroMan                 000000014002bf70 f i LIBCMTD:intrncvt.obj
 0001:0002afb0       _RoundMan                  000000014002bfb0 f i LIBCMTD:intrncvt.obj
 0001:0002b0c0       _ShrMan                    000000014002c0c0 f i LIBCMTD:intrncvt.obj
 0001:0002b200       _ZeroTail                  000000014002c200 f i LIBCMTD:intrncvt.obj
 0001:0002b2b0       __addl                     000000014002c2b0 f i LIBCMTD:intrncvt.obj
 0001:0002b310       _ld12cvt                   000000014002c310 f i LIBCMTD:intrncvt.obj
 0001:0002b680       _ld12tod                   000000014002c680 f   LIBCMTD:intrncvt.obj
 0001:0002b6b0       _ld12tof                   000000014002c6b0 f   LIBCMTD:intrncvt.obj
 0001:0002b6e0       __ld12mul                  000000014002c6e0 f i LIBCMTD:strgtold.obj
 0001:0002bc50       __multtenpow12             000000014002cc50 f i LIBCMTD:strgtold.obj
 0001:0002bd80       __shl_12                   000000014002cd80 f i LIBCMTD:strgtold.obj
 0001:0002be20       __shr_12                   000000014002ce20 f i LIBCMTD:strgtold.obj
 0001:0002bec0       __strgtold12_l             000000014002cec0 f   LIBCMTD:strgtold.obj
 0001:0002cca0       $I10_OUTPUT                000000014002dca0 f   LIBCMTD:x10fout.obj
 0001:0002d560       __add_12                   000000014002e560 f i LIBCMTD:x10fout.obj
 0001:0002d640       abort                      000000014002e640 f   LIBCMTD:abort.obj
 0001:0002d6d0       GetTableIndexFromLocaleName 000000014002e6d0 f   LIBCMTD:winapinls.obj
 0001:0002d780       __crtDownlevelLocaleNameToLCID 000000014002e780 f   LIBCMTD:winapinls.obj
 0001:0002d7e0       __crtLCMapStringEx         000000014002e7e0 f   LIBCMTD:winapinls.obj
 0001:0002d8c0       __wcsnicmp_ascii           000000014002e8c0 f   LIBCMTD:winapinls.obj
 0001:0002d9d0       __termconout               000000014002e9d0 f   LIBCMTD:initcon.obj
 0001:0002da00       __initconout               000000014002ea00 f   LIBCMTD:initcon.obj
 0001:0002da50       _woutput_s_l               000000014002ea50 f   LIBCMTD:woutputs.obj
 0001:0002f340       _get_printf_count_output   0000000140030340 f   LIBCMTD:printf.obj
 0001:0002f370       _fputwc_nolock             0000000140030370 f   LIBCMTD:fputwc.obj
 0001:0002f7d0       _output_s_l                00000001400307d0 f   LIBCMTD:outputs.obj
 0001:000313b0       __DestructExceptionObject  00000001400323b0 f   LIBCMTD:frame.obj
 0001:000314a0       ??0bad_exception@std@@QEAA@AEBV01@@Z 00000001400324a0 f i LIBCMTD:frame.obj
 0001:000314e0       ??0bad_exception@std@@QEAA@PEBD@Z 00000001400324e0 f i LIBCMTD:frame.obj
 0001:00031520       ??1bad_exception@std@@UEAA@XZ 0000000140032520 f i LIBCMTD:frame.obj
 0001:00031550       ??_Ebad_exception@std@@UEAAPEAXI@Z 0000000140032550 f i LIBCMTD:frame.obj
 0001:00031550       ??_Gbad_exception@std@@UEAAPEAXI@Z 0000000140032550 f i LIBCMTD:frame.obj
 0001:00032520       __AdjustPointer            0000000140033520 f   LIBCMTD:frame.obj
 0001:000325a0       __BuildCatchObject         00000001400335a0 f   LIBCMTD:frame.obj
 0001:000326e0       __BuildCatchObjectHelper   00000001400336e0 f   LIBCMTD:frame.obj
 0001:00032b10       __CxxCallCatchBlock        0000000140033b10 f   LIBCMTD:frame.obj
 0001:00032d80       __FrameUnwindFilter        0000000140033d80 f   LIBCMTD:frame.obj
 0001:00032e10       __FrameUnwindToState       0000000140033e10 f   LIBCMTD:frame.obj
 0001:00033070       __InternalCxxFrameHandler  0000000140034070 f   LIBCMTD:frame.obj
 0001:00033490       __TypeMatch                0000000140034490 f   LIBCMTD:frame.obj
 0001:00033680       ?__GetCurrentState@@YAHPEA_KPEAU_xDISPATCHER_CONTEXT@@PEBU_s_FuncInfo@@@Z 0000000140034680 f   LIBCMTD:ehstate.obj
 0001:000336e0       ?__GetUnwindTryBlock@@YAHPEA_KPEAU_xDISPATCHER_CONTEXT@@PEBU_s_FuncInfo@@@Z 00000001400346e0 f   LIBCMTD:ehstate.obj
 0001:00033730       ?__SetState@@YAXPEA_KPEAU_xDISPATCHER_CONTEXT@@PEBU_s_FuncInfo@@H@Z 0000000140034730 f   LIBCMTD:ehstate.obj
 0001:00033760       ?__SetUnwindTryBlock@@YAXPEA_KPEAU_xDISPATCHER_CONTEXT@@PEBU_s_FuncInfo@@H@Z 0000000140034760 f   LIBCMTD:ehstate.obj
 0001:000337d0       ?__StateFromControlPc@@YAHPEBU_s_FuncInfo@@PEAU_xDISPATCHER_CONTEXT@@@Z 00000001400347d0 f   LIBCMTD:ehstate.obj
 0001:00033800       ?__StateFromIp@@YAHPEBU_s_FuncInfo@@PEAU_xDISPATCHER_CONTEXT@@_J@Z 0000000140034800 f   LIBCMTD:ehstate.obj
 0001:000338f0       memcmp                     00000001400348f0 f   LIBCMTD:memcmp.obj
 0001:000339c0       _wctomb_s_l                00000001400349c0 f   LIBCMTD:wctomb.obj
 0001:00033e60       wctomb_s                   0000000140034e60 f   LIBCMTD:wctomb.obj
 0001:00033eb0       _chsize_nolock             0000000140034eb0 f   LIBCMTD:chsize.obj
 0001:00034140       _get_fmode                 0000000140035140 f   LIBCMTD:setmode.obj
 0001:00034210       _setmode_nolock            0000000140035210 f   LIBCMTD:setmode.obj
 0001:00034550       __mtold12                  0000000140035550 f   LIBCMTD:mantold.obj
 0001:000346e0       _flswbuf                   00000001400356e0 f   LIBCMTD:_flswbuf.obj
 0001:00034a90       ??3@YAXPEAX@Z              0000000140035a90 f   LIBCMTD:dbgdel.obj
 0001:00034b70       strcmp                     0000000140035b70 f   LIBCMTD:strcmp.obj
 0001:00034be0       ?_ValidateExecute@@YAHP6A_JXZ@Z 0000000140035be0 f   LIBCMTD:validate.obj
 0001:00034c10       ?_ValidateRead@@YAHPEBXI@Z 0000000140035c10 f   LIBCMTD:validate.obj
 0001:00034c10       ?_ValidateWrite@@YAHPEAXI@Z 0000000140035c10 f   LIBCMTD:validate.obj
 0001:00034c50       _CallSettingFrame          0000000140035c50 f   LIBCMTD:handlers.obj
 0001:00034c90       _GetNextInstrOffset        0000000140035c90 f   LIBCMTD:handlers.obj
 0001:00034ca0       ??1type_info@@UEAA@XZ      0000000140035ca0 f   LIBCMTD:typinfo.obj
 0001:00034cd0       ??8type_info@@QEBA_NAEBV0@@Z 0000000140035cd0 f   LIBCMTD:typinfo.obj
 0001:00034d20       ??_Gtype_info@@UEAAPEAXI@Z 0000000140035d20 f i LIBCMTD:typinfo.obj
 0001:00034d20       ??_Etype_info@@UEAAPEAXI@Z 0000000140035d20 f i LIBCMTD:typinfo.obj
 0001:00034d60       ??0exception@std@@QEAA@AEBQEBD@Z 0000000140035d60 f   LIBCMTD:stdexcpt.obj
 0001:00034db0       ??0exception@std@@QEAA@AEBV01@@Z 0000000140035db0 f   LIBCMTD:stdexcpt.obj
 0001:00034e00       ??1exception@std@@UEAA@XZ  0000000140035e00 f   LIBCMTD:stdexcpt.obj
 0001:00034e30       ??4exception@std@@QEAAAEAV01@AEBV01@@Z 0000000140035e30 f   LIBCMTD:stdexcpt.obj
 0001:00034ea0       ??_Eexception@std@@UEAAPEAXI@Z 0000000140035ea0 f i LIBCMTD:stdexcpt.obj
 0001:00034ea0       ??_Gexception@std@@UEAAPEAXI@Z 0000000140035ea0 f i LIBCMTD:stdexcpt.obj
 0001:00034ee0       ?_Copy_str@exception@std@@AEAAXPEBD@Z 0000000140035ee0 f   LIBCMTD:stdexcpt.obj
 0001:00034f50       ?_Tidy@exception@std@@AEAAXXZ 0000000140035f50 f   LIBCMTD:stdexcpt.obj
 0001:00034f90       ?what@exception@std@@UEBAPEBDXZ 0000000140035f90 f   LIBCMTD:stdexcpt.obj
 0001:00034fd0       _CxxThrowException         0000000140035fd0 f   LIBCMTD:throw.obj
 0001:000350f0       ?_Type_info_dtor@type_info@@CAXPEAV1@@Z 00000001400360f0 f   LIBCMTD:typname.obj
 0001:00035200       IsProcessorFeaturePresent  0000000140036200 f   kernel32:KERNEL32.dll
 0001:00035206       RtlUnwindEx                0000000140036206 f   kernel32:KERNEL32.dll
 0002:00000000       __imp_GetCurrentProcessId  0000000140037000     kernel32:KERNEL32.dll
 0002:00000008       __imp_SetEndOfFile         0000000140037008     kernel32:KERNEL32.dll
 0002:00000010       __imp_RaiseException       0000000140037010     kernel32:KERNEL32.dll
 0002:00000018       __imp_RtlPcToFileHeader    0000000140037018     kernel32:KERNEL32.dll
 0002:00000020       __imp_CreateFileA          0000000140037020     kernel32:KERNEL32.dll
 0002:00000028       __imp_GetFileSizeEx        0000000140037028     kernel32:KERNEL32.dll
 0002:00000030       __imp_ReadFile             0000000140037030     kernel32:KERNEL32.dll
 0002:00000038       __imp_OutputDebugStringA   0000000140037038     kernel32:KERNEL32.dll
 0002:00000040       __imp_CloseHandle          0000000140037040     kernel32:KERNEL32.dll
 0002:00000048       __imp_WaitForSingleObjectEx 0000000140037048     kernel32:KERNEL32.dll
 0002:00000050       __imp_CreateThread         0000000140037050     kernel32:KERNEL32.dll
 0002:00000058       __imp_VirtualAlloc         0000000140037058     kernel32:KERNEL32.dll
 0002:00000060       __imp_VirtualFree          0000000140037060     kernel32:KERNEL32.dll
 0002:00000068       __imp_GetProcAddress       0000000140037068     kernel32:KERNEL32.dll
 0002:00000070       __imp_CreateSemaphoreExA   0000000140037070     kernel32:KERNEL32.dll
 0002:00000078       __imp_LoadLibraryA         0000000140037078     kernel32:KERNEL32.dll
 0002:00000080       __imp_GetCommandLineA      0000000140037080     kernel32:KERNEL32.dll
 0002:00000088       __imp_IsDebuggerPresent    0000000140037088     kernel32:KERNEL32.dll
 0002:00000090       __imp_EncodePointer        0000000140037090     kernel32:KERNEL32.dll
 0002:00000098       __imp_DecodePointer        0000000140037098     kernel32:KERNEL32.dll
 0002:000000a0       __imp_IsProcessorFeaturePresent 00000001400370a0     kernel32:KERNEL32.dll
 0002:000000a8       __imp_EnterCriticalSection 00000001400370a8     kernel32:KERNEL32.dll
 0002:000000b0       __imp_LeaveCriticalSection 00000001400370b0     kernel32:KERNEL32.dll
 0002:000000b8       __imp_GetLastError         00000001400370b8     kernel32:KERNEL32.dll
 0002:000000c0       __imp_GetModuleFileNameW   00000001400370c0     kernel32:KERNEL32.dll
 0002:000000c8       __imp_GetModuleHandleExW   00000001400370c8     kernel32:KERNEL32.dll
 0002:000000d0       __imp_HeapSize             00000001400370d0     kernel32:KERNEL32.dll
 0002:000000d8       __imp_HeapValidate         00000001400370d8     kernel32:KERNEL32.dll
 0002:000000e0       __imp_GetSystemInfo        00000001400370e0     kernel32:KERNEL32.dll
 0002:000000e8       __imp_RtlUnwindEx          00000001400370e8     kernel32:KERNEL32.dll
 0002:000000f0       __imp_MultiByteToWideChar  00000001400370f0     kernel32:KERNEL32.dll
 0002:000000f8       __imp_GetConsoleMode       00000001400370f8     kernel32:KERNEL32.dll
 0002:00000100       __imp_ReadConsoleW         0000000140037100     kernel32:KERNEL32.dll
 0002:00000108       __imp_SetFilePointerEx     0000000140037108     kernel32:KERNEL32.dll
 0002:00000110       __imp_GetStdHandle         0000000140037110     kernel32:KERNEL32.dll
 0002:00000118       __imp_GetFileType          0000000140037118     kernel32:KERNEL32.dll
 0002:00000120       __imp_DeleteCriticalSection 0000000140037120     kernel32:KERNEL32.dll
 0002:00000128       __imp_GetStartupInfoW      0000000140037128     kernel32:KERNEL32.dll
 0002:00000130       __imp_SetLastError         0000000140037130     kernel32:KERNEL32.dll
 0002:00000138       __imp_GetCurrentThreadId   0000000140037138     kernel32:KERNEL32.dll
 0002:00000140       __imp_ExitProcess          0000000140037140     kernel32:KERNEL32.dll
 0002:00000148       __imp_AreFileApisANSI      0000000140037148     kernel32:KERNEL32.dll
 0002:00000150       __imp_WideCharToMultiByte  0000000140037150     kernel32:KERNEL32.dll
 0002:00000158       __imp_GetProcessHeap       0000000140037158     kernel32:KERNEL32.dll
 0002:00000160       __imp_GetModuleFileNameA   0000000140037160     kernel32:KERNEL32.dll
 0002:00000168       __imp_WriteFile            0000000140037168     kernel32:KERNEL32.dll
 0002:00000170       __imp_QueryPerformanceCounter 0000000140037170     kernel32:KERNEL32.dll
 0002:00000178       __imp_GetSystemTimeAsFileTime 0000000140037178     kernel32:KERNEL32.dll
 0002:00000180       __imp_GetEnvironmentStringsW 0000000140037180     kernel32:KERNEL32.dll
 0002:00000188       __imp_FreeEnvironmentStringsW 0000000140037188     kernel32:KERNEL32.dll
 0002:00000190       __imp_RtlCaptureContext    0000000140037190     kernel32:KERNEL32.dll
 0002:00000198       __imp_RtlLookupFunctionEntry 0000000140037198     kernel32:KERNEL32.dll
 0002:000001a0       __imp_RtlVirtualUnwind     00000001400371a0     kernel32:KERNEL32.dll
 0002:000001a8       __imp_UnhandledExceptionFilter 00000001400371a8     kernel32:KERNEL32.dll
 0002:000001b0       __imp_SetUnhandledExceptionFilter 00000001400371b0     kernel32:KERNEL32.dll
 0002:000001b8       __imp_InitializeCriticalSectionAndSpinCount 00000001400371b8     kernel32:KERNEL32.dll
 0002:000001c0       __imp_GetCurrentProcess    00000001400371c0     kernel32:KERNEL32.dll
 0002:000001c8       __imp_TerminateProcess     00000001400371c8     kernel32:KERNEL32.dll
 0002:000001d0       __imp_TlsAlloc             00000001400371d0     kernel32:KERNEL32.dll
 0002:000001d8       __imp_TlsGetValue          00000001400371d8     kernel32:KERNEL32.dll
 0002:000001e0       __imp_TlsSetValue          00000001400371e0     kernel32:KERNEL32.dll
 0002:000001e8       __imp_TlsFree              00000001400371e8     kernel32:KERNEL32.dll
 0002:000001f0       __imp_GetModuleHandleW     00000001400371f0     kernel32:KERNEL32.dll
 0002:000001f8       __imp_SetStdHandle         00000001400371f8     kernel32:KERNEL32.dll
 0002:00000200       __imp_FlushFileBuffers     0000000140037200     kernel32:KERNEL32.dll
 0002:00000208       __imp_GetConsoleCP         0000000140037208     kernel32:KERNEL32.dll
 0002:00000210       __imp_OutputDebugStringW   0000000140037210     kernel32:KERNEL32.dll
 0002:00000218       __imp_LoadLibraryExW       0000000140037218     kernel32:KERNEL32.dll
 0002:00000220       __imp_WriteConsoleW        0000000140037220     kernel32:KERNEL32.dll
 0002:00000228       __imp_IsValidCodePage      0000000140037228     kernel32:KERNEL32.dll
 0002:00000230       __imp_GetACP               0000000140037230     kernel32:KERNEL32.dll
 0002:00000238       __imp_GetOEMCP             0000000140037238     kernel32:KERNEL32.dll
 0002:00000240       __imp_GetCPInfo            0000000140037240     kernel32:KERNEL32.dll
 0002:00000248       __imp_HeapFree             0000000140037248     kernel32:KERNEL32.dll
 0002:00000250       __imp_HeapReAlloc          0000000140037250     kernel32:KERNEL32.dll
 0002:00000258       __imp_HeapQueryInformation 0000000140037258     kernel32:KERNEL32.dll
 0002:00000260       __imp_HeapAlloc            0000000140037260     kernel32:KERNEL32.dll
 0002:00000268       __imp_GetStringTypeW       0000000140037268     kernel32:KERNEL32.dll
 0002:00000270       __imp_CreateFileW          0000000140037270     kernel32:KERNEL32.dll
 0002:00000278       __imp_LCMapStringW         0000000140037278     kernel32:KERNEL32.dll
 0002:00000280       \177KERNEL32_NULL_THUNK_DATA 0000000140037280     kernel32:KERNEL32.dll
 0002:00000288       __imp_LoadCursorA          0000000140037288     user32:USER32.dll
 0002:00000290       __imp_GetDC                0000000140037290     user32:USER32.dll
 0002:00000298       __imp_CreateWindowExA      0000000140037298     user32:USER32.dll
 0002:000002a0       __imp_RegisterClassA       00000001400372a0     user32:USER32.dll
 0002:000002a8       __imp_DefWindowProcA       00000001400372a8     user32:USER32.dll
 0002:000002b0       __imp_wsprintfA            00000001400372b0     user32:USER32.dll
 0002:000002b8       \177USER32_NULL_THUNK_DATA 00000001400372b8     user32:USER32.dll
 0002:000002c0       __xc_a                     00000001400372c0     LIBCMTD:crt0init.obj
 0002:000002c8       __xc_z                     00000001400372c8     LIBCMTD:crt0init.obj
 0002:000002d0       __xi_a                     00000001400372d0     LIBCMTD:crt0init.obj
 0002:00000300       __xi_z                     0000000140037300     LIBCMTD:crt0init.obj
 0002:00000308       __xp_a                     0000000140037308     LIBCMTD:crt0init.obj
 0002:00000328       __xp_z                     0000000140037328     LIBCMTD:crt0init.obj
 0002:00000330       __xt_a                     0000000140037330     LIBCMTD:crt0init.obj
 0002:00000338       __xt_z                     0000000140037338     LIBCMTD:crt0init.obj
 0002:00001b44       __real@3f800000            0000000140038b44     win32_dragon.obj
 0002:00001b48       ??_C@_1CC@FADMNIL@?$AA?$CI?$AAs?$AAt?$AAr?$AAe?$AAa?$AAm?$AA?5?$AA?$CB?$AA?$DN?$AA?5?$AAN?$AAU?$AAL?$AAL?$AA?$CJ?$AA?$AA@ 0000000140038b48     LIBCMTD:fclose.obj
 0002:00001b6c       ??_C@_15GANGMFKL@?$AA?$CF?$AAs?$AA?$AA@ 0000000140038b6c     LIBCMTD:fclose.obj
 0002:00001b80       ??_C@_1FA@HHFEGMDA@?$AAf?$AA?3?$AA?2?$AAd?$AAd?$AA?2?$AAv?$AAc?$AAt?$AAo?$AAo?$AAl?$AAs?$AA?2?$AAc?$AAr?$AAt?$AA?2?$AAc?$AAr?$AAt?$AAw?$AA3?$AA2?$AA?2?$AAs?$AAt?$AAd?$AAi?$AAo?$AA?2?$AAf@ 0000000140038b80     LIBCMTD:fclose.obj
 0002:00001bd0       ??_C@_1O@EGMJNCOI@?$AAf?$AAc?$AAl?$AAo?$AAs?$AAe?$AA?$AA@ 0000000140038bd0     LIBCMTD:fclose.obj
 0002:00001be0       ??_C@_1BM@JMKHIAHP@?$AA?$CI?$AAs?$AAt?$AAr?$AA?5?$AA?$CB?$AA?$DN?$AA?5?$AAN?$AAU?$AAL?$AAL?$AA?$CJ?$AA?$AA@ 0000000140038be0     LIBCMTD:fclose.obj
 0002:00001c00       ??_C@_1BO@JINCABEC@?$AA_?$AAf?$AAc?$AAl?$AAo?$AAs?$AAe?$AA_?$AAn?$AAo?$AAl?$AAo?$AAc?$AAk?$AA?$AA@ 0000000140038c00     LIBCMTD:fclose.obj
 0002:00001c20       ??_C@_1BO@CLGIAEOJ@?$AA?$CI?$AAf?$AAi?$AAl?$AAe?$AA?5?$AA?$CB?$AA?$DN?$AA?5?$AAN?$AAU?$AAL?$AAL?$AA?$CJ?$AA?$AA@ 0000000140038c20     LIBCMTD:fopen.obj
 0002:00001c40       ??_C@_1EO@HOHPPGLK@?$AAf?$AA?3?$AA?2?$AAd?$AAd?$AA?2?$AAv?$AAc?$AAt?$AAo?$AAo?$AAl?$AAs?$AA?2?$AAc?$AAr?$AAt?$AA?2?$AAc?$AAr?$AAt?$AAw?$AA3?$AA2?$AA?2?$AAs?$AAt?$AAd?$AAi?$AAo?$AA?2?$AAf@ 0000000140038c40     LIBCMTD:fopen.obj
 0002:00001c90       ??_C@_1BA@HNEAFMNL@?$AA_?$AAf?$AAs?$AAo?$AAp?$AAe?$AAn?$AA?$AA@ 0000000140038c90     LIBCMTD:fopen.obj
 0002:00001ca0       ??_C@_1BO@MJMKAKCJ@?$AA?$CI?$AAm?$AAo?$AAd?$AAe?$AA?5?$AA?$CB?$AA?$DN?$AA?5?$AAN?$AAU?$AAL?$AAL?$AA?$CJ?$AA?$AA@ 0000000140038ca0     LIBCMTD:fopen.obj
 0002:00001cc0       ??_C@_1CI@HBNALCBB@?$AA?$CI?$AA?$CK?$AAm?$AAo?$AAd?$AAe?$AA?5?$AA?$CB?$AA?$DN?$AA?5?$AA_?$AAT?$AA?$CI?$AA?8?$AA?2?$AA0?$AA?8?$AA?$CJ?$AA?$CJ?$AA?$AA@ 0000000140038cc0     LIBCMTD:fopen.obj
 0002:00001cf0       ??_C@_1EO@KDKHJMND@?$AAf?$AA?3?$AA?2?$AAd?$AAd?$AA?2?$AAv?$AAc?$AAt?$AAo?$AAo?$AAl?$AAs?$AA?2?$AAc?$AAr?$AAt?$AA?2?$AAc?$AAr?$AAt?$AAw?$AA3?$AA2?$AA?2?$AAs?$AAt?$AAd?$AAi?$AAo?$AA?2?$AAf@ 0000000140038cf0     LIBCMTD:fread.obj
 0002:00001d40       ??_C@_1BA@CMLCEIGG@?$AAf?$AAr?$AAe?$AAa?$AAd?$AA_?$AAs?$AA?$AA@ 0000000140038d40     LIBCMTD:fread.obj
 0002:00001d50       ??_C@_1CC@CGFEEBMC@?$AA?$CI?$AAb?$AAu?$AAf?$AAf?$AAe?$AAr?$AA?5?$AA?$CB?$AA?$DN?$AA?5?$AAN?$AAU?$AAL?$AAL?$AA?$CJ?$AA?$AA@ 0000000140038d50     LIBCMTD:fread.obj
 0002:00001d78       ??_C@_1CA@IDPOGFL@?$AA_?$AAf?$AAr?$AAe?$AAa?$AAd?$AA_?$AAn?$AAo?$AAl?$AAo?$AAc?$AAk?$AA_?$AAs?$AA?$AA@ 0000000140038d78     LIBCMTD:fread.obj
 0002:00001da0       ??_C@_1EA@FAMECDND@?$AAn?$AAu?$AAm?$AA?5?$AA?$DM?$AA?$DN?$AA?5?$AA?$CI?$AAS?$AAI?$AAZ?$AAE?$AA_?$AAM?$AAA?$AAX?$AA?5?$AA?1?$AA?5?$AAe?$AAl?$AAe?$AAm?$AAe?$AAn?$AAt?$AAS?$AAi?$AAz?$AAe?$AA?$CJ?$AA?$AA@ 0000000140038da0     LIBCMTD:fread.obj
 0002:00001de0       ??_C@_1LG@DCNDJCHK@?$AA?$CI?$AA?$CC?$AAI?$AAn?$AAc?$AAo?$AAn?$AAs?$AAi?$AAs?$AAt?$AAe?$AAn?$AAt?$AA?5?$AAS?$AAt?$AAr?$AAe?$AAa?$AAm?$AA?5?$AAC?$AAo?$AAu?$AAn?$AAt?$AA?4?$AA?5?$AAF?$AAl?$AAu@ 0000000140038de0     LIBCMTD:fread.obj
 0002:00001e98       ??_C@_1DA@DKEFLDMG@?$AA?$CI?$AA?$CC?$AAb?$AAu?$AAf?$AAf?$AAe?$AAr?$AA?5?$AAt?$AAo?$AAo?$AA?5?$AAs?$AAm?$AAa?$AAl?$AAl?$AA?$CC?$AA?0?$AA?5?$AA0?$AA?$CJ?$AA?$AA@ 0000000140038e98     LIBCMTD:fread.obj
 0002:00001ed0       ??_C@_1EO@OOGDMPHD@?$AAf?$AA?3?$AA?2?$AAd?$AAd?$AA?2?$AAv?$AAc?$AAt?$AAo?$AAo?$AAl?$AAs?$AA?2?$AAc?$AAr?$AAt?$AA?2?$AAc?$AAr?$AAt?$AAw?$AA3?$AA2?$AA?2?$AAs?$AAt?$AAd?$AAi?$AAo?$AA?2?$AAf@ 0000000140038ed0     LIBCMTD:fseek.obj
 0002:00001f20       ??_C@_1M@HCCOIONH@?$AAf?$AAs?$AAe?$AAe?$AAk?$AA?$AA@ 0000000140038f20     LIBCMTD:fseek.obj
 0002:00001f30       ??_C@_1IO@PMHBOLJK@?$AA?$CI?$AA?$CI?$AAw?$AAh?$AAe?$AAn?$AAc?$AAe?$AA?5?$AA?$DN?$AA?$DN?$AA?5?$AAS?$AAE?$AAE?$AAK?$AA_?$AAS?$AAE?$AAT?$AA?$CJ?$AA?5?$AA?$HM?$AA?$HM?$AA?5?$AA?$CI?$AAw?$AAh?$AAe?$AAn?$AAc?$AAe@ 0000000140038f30     LIBCMTD:fseek.obj
 0002:00001fc0       ??_C@_1EO@HNHOEHGA@?$AAf?$AA?3?$AA?2?$AAd?$AAd?$AA?2?$AAv?$AAc?$AAt?$AAo?$AAo?$AAl?$AAs?$AA?2?$AAc?$AAr?$AAt?$AA?2?$AAc?$AAr?$AAt?$AAw?$AA3?$AA2?$AA?2?$AAs?$AAt?$AAd?$AAi?$AAo?$AA?2?$AAf@ 0000000140038fc0     LIBCMTD:ftell.obj
 0002:00002010       ??_C@_1M@CKCKPMNP@?$AAf?$AAt?$AAe?$AAl?$AAl?$AA?$AA@ 0000000140039010     LIBCMTD:ftell.obj
 0002:00002020       ??_C@_1BM@EPIDANEK@?$AA_?$AAf?$AAt?$AAe?$AAl?$AAl?$AA_?$AAn?$AAo?$AAl?$AAo?$AAc?$AAk?$AA?$AA@ 0000000140039020     LIBCMTD:ftell.obj
 0002:00002040       _FPinit                    0000000140039040     LIBCMTD:fpinit.obj
 0002:00002050       ??_C@_1FA@CKEACION@?$AAf?$AA?3?$AA?2?$AAd?$AAd?$AA?2?$AAv?$AAc?$AAt?$AAo?$AAo?$AAl?$AAs?$AA?2?$AAc?$AAr?$AAt?$AA?2?$AAc?$AAr?$AAt?$AAw?$AA3?$AA2?$AA?2?$AAs?$AAt?$AAd?$AAi?$AAo?$AA?2?$AAf@ 0000000140039050     LIBCMTD:fileno.obj
 0002:000020a0       ??_C@_1BA@JGHIEKKM@?$AA_?$AAf?$AAi?$AAl?$AAe?$AAn?$AAo?$AA?$AA@ 00000001400390a0     LIBCMTD:fileno.obj
 0002:000020b0       ??_C@_0CH@FPHLCLAF@f?3?2dd?2vctools?2crt?2crtw32?2stdio?2_@ 00000001400390b0     LIBCMTD:_file.obj
 0002:000020e0       ??_C@_1FO@LPCLHKGE@?$AA?$CI?$AAf?$AAh?$AA?5?$AA?$DO?$AA?$DN?$AA?5?$AA0?$AA?5?$AA?$CG?$AA?$CG?$AA?5?$AA?$CI?$AAu?$AAn?$AAs?$AAi?$AAg?$AAn?$AAe?$AAd?$AA?$CJ?$AAf?$AAh?$AA?5?$AA?$DM?$AA?5?$AA?$CI?$AAu?$AAn?$AAs?$AAi@ 00000001400390e0     LIBCMTD:close.obj
 0002:00002140       ??_C@_1EO@EJLBBGEB@?$AAf?$AA?3?$AA?2?$AAd?$AAd?$AA?2?$AAv?$AAc?$AAt?$AAo?$AAo?$AAl?$AAs?$AA?2?$AAc?$AAr?$AAt?$AA?2?$AAc?$AAr?$AAt?$AAw?$AA3?$AA2?$AA?2?$AAl?$AAo?$AAw?$AAi?$AAo?$AA?2?$AAc@ 0000000140039140     LIBCMTD:close.obj
 0002:00002190       ??_C@_1O@EDEJGJBM@?$AA_?$AAc?$AAl?$AAo?$AAs?$AAe?$AA?$AA@ 0000000140039190     LIBCMTD:close.obj
 0002:000021a0       ??_C@_1CM@OKGMMMDH@?$AA?$CI?$AA_?$AAo?$AAs?$AAf?$AAi?$AAl?$AAe?$AA?$CI?$AAf?$AAh?$AA?$CJ?$AA?5?$AA?$CG?$AA?5?$AAF?$AAO?$AAP?$AAE?$AAN?$AA?$CJ?$AA?$AA@ 00000001400391a0     LIBCMTD:close.obj
 0002:000021d0       ??_C@_1JE@ECKHFIFP@?$AA?$CI?$AA?$CC?$AAI?$AAn?$AAv?$AAa?$AAl?$AAi?$AAd?$AA?5?$AAf?$AAi?$AAl?$AAe?$AA?5?$AAd?$AAe?$AAs?$AAc?$AAr?$AAi?$AAp?$AAt?$AAo?$AAr?$AA?4?$AA?5?$AAF?$AAi?$AAl?$AAe?$AA?5@ 00000001400391d0     LIBCMTD:close.obj
 0002:00002268       ??_C@_1BO@KIJENGPH@?$AAs?$AAt?$AAr?$AAe?$AAa?$AAm?$AA?5?$AA?$CB?$AA?$DN?$AA?5?$AAN?$AAU?$AAL?$AAL?$AA?$AA@ 0000000140039268     LIBCMTD:_freebuf.obj
 0002:00002290       ??_C@_1FE@DBCNNJOP@?$AAf?$AA?3?$AA?2?$AAd?$AAd?$AA?2?$AAv?$AAc?$AAt?$AAo?$AAo?$AAl?$AAs?$AA?2?$AAc?$AAr?$AAt?$AA?2?$AAc?$AAr?$AAt?$AAw?$AA3?$AA2?$AA?2?$AAs?$AAt?$AAd?$AAi?$AAo?$AA?2?$AA_@ 0000000140039290     LIBCMTD:_freebuf.obj
 0002:00002300       ??_C@_1BA@GLMCNLEM@?$AAW?$AAa?$AAr?$AAn?$AAi?$AAn?$AAg?$AA?$AA@ 0000000140039300     LIBCMTD:dbgrptw.obj
 0002:00002310       ??_C@_1M@ILHOPKA@?$AAE?$AAr?$AAr?$AAo?$AAr?$AA?$AA@ 0000000140039310     LIBCMTD:dbgrptw.obj
 0002:00002320       ??_C@_1CC@CGHMNGDG@?$AAA?$AAs?$AAs?$AAe?$AAr?$AAt?$AAi?$AAo?$AAn?$AA?5?$AAF?$AAa?$AAi?$AAl?$AAe?$AAd?$AA?$AA@ 0000000140039320     LIBCMTD:dbgrptw.obj
 0002:00002348       ??_C@_17LGKOMLJ@?$AA?4?$AA?4?$AA?4?$AA?$AA@ 0000000140039348     LIBCMTD:dbgrptw.obj
 0002:00002350       ??_C@_1EO@JACJHHCK@?$AAf?$AA?3?$AA?2?$AAd?$AAd?$AA?2?$AAv?$AAc?$AAt?$AAo?$AAo?$AAl?$AAs?$AA?2?$AAc?$AAr?$AAt?$AA?2?$AAc?$AAr?$AAt?$AAw?$AA3?$AA2?$AA?2?$AAm?$AAi?$AAs?$AAc?$AA?2?$AAd?$AAb@ 0000000140039350     LIBCMTD:dbgrptw.obj
 0002:000023a0       ??_C@_1CI@PGJIFDEK@?$AA_?$AA_?$AAc?$AAr?$AAt?$AAM?$AAe?$AAs?$AAs?$AAa?$AAg?$AAe?$AAW?$AAi?$AAn?$AAd?$AAo?$AAw?$AAW?$AA?$AA@ 00000001400393a0     LIBCMTD:dbgrptw.obj
 0002:000023d0       ??_C@_1GI@DEDNNLCI@?$AAw?$AAc?$AAs?$AAc?$AAp?$AAy?$AA_?$AAs?$AA?$CI?$AAs?$AAz?$AAE?$AAx?$AAe?$AAN?$AAa?$AAm?$AAe?$AA?0?$AA?5?$AA2?$AA6?$AA0?$AA?0?$AA?5?$AAL?$AA?$CC?$AA?$DM?$AAp?$AAr?$AAo?$AAg@ 00000001400393d0     LIBCMTD:dbgrptw.obj
 0002:00002438       ??_C@_1CO@EAEJAADC@?$AA?$DM?$AAp?$AAr?$AAo?$AAg?$AAr?$AAa?$AAm?$AA?5?$AAn?$AAa?$AAm?$AAe?$AA?5?$AAu?$AAn?$AAk?$AAn?$AAo?$AAw?$AAn?$AA?$DO?$AA?$AA@ 0000000140039438     LIBCMTD:dbgrptw.obj
 0002:00002470       ??_C@_1NO@LECLLHOL@?$AAm?$AAe?$AAm?$AAc?$AAp?$AAy?$AA_?$AAs?$AA?$CI?$AAs?$AAz?$AAS?$AAh?$AAo?$AAr?$AAt?$AAP?$AAr?$AAo?$AAg?$AAN?$AAa?$AAm?$AAe?$AA?0?$AA?5?$AAs?$AAi?$AAz?$AAe?$AAo?$AAf@ 0000000140039470     LIBCMTD:dbgrptw.obj
 0002:00002550       ??_C@_1OG@PMPPFHAF@?$AA?6?$AA?6?$AAF?$AAo?$AAr?$AA?5?$AAi?$AAn?$AAf?$AAo?$AAr?$AAm?$AAa?$AAt?$AAi?$AAo?$AAn?$AA?5?$AAo?$AAn?$AA?5?$AAh?$AAo?$AAw?$AA?5?$AAy?$AAo?$AAu?$AAr?$AA?5?$AAp?$AAr@ 0000000140039550     LIBCMTD:dbgrptw.obj
 0002:00002638       ??_C@_11LOCGONAA@?$AA?$AA@ 0000000140039638     LIBCMTD:dbgrptw.obj
 0002:00002640       ??_C@_1BK@PEDCIPMA@?$AAE?$AAx?$AAp?$AAr?$AAe?$AAs?$AAs?$AAi?$AAo?$AAn?$AA?3?$AA?5?$AA?$AA@ 0000000140039640     LIBCMTD:dbgrptw.obj
 0002:0000265c       ??_C@_15IABLJNFO@?$AA?6?$AA?6?$AA?$AA@ 000000014003965c     LIBCMTD:dbgrptw.obj
 0002:00002668       ??_C@_1BA@GLLGCPCK@?$AA?6?$AAL?$AAi?$AAn?$AAe?$AA?3?$AA?5?$AA?$AA@ 0000000140039668     LIBCMTD:dbgrptw.obj
 0002:00002678       ??_C@_1BA@LNHECFIM@?$AA?6?$AAF?$AAi?$AAl?$AAe?$AA?3?$AA?5?$AA?$AA@ 0000000140039678     LIBCMTD:dbgrptw.obj
 0002:00002688       ??_C@_1BE@CGCJKGHI@?$AA?6?$AAM?$AAo?$AAd?$AAu?$AAl?$AAe?$AA?3?$AA?5?$AA?$AA@ 0000000140039688     LIBCMTD:dbgrptw.obj
 0002:000026a0       ??_C@_1KM@HNMIBKJH@?$AAD?$AAe?$AAb?$AAu?$AAg?$AA?5?$AA?$CF?$AAs?$AA?$CB?$AA?6?$AA?6?$AAP?$AAr?$AAo?$AAg?$AAr?$AAa?$AAm?$AA?3?$AA?5?$AA?$CF?$AAs?$AA?$CF?$AAs?$AA?$CF?$AAs?$AA?$CF?$AAs?$AA?$CF?$AAs?$AA?$CF?$AAs@ 00000001400396a0     LIBCMTD:dbgrptw.obj
 0002:00002750       ??_C@_1BI@KALLJECN@?$AA?$CI?$AA?$CK?$AA_?$AAe?$AAr?$AAr?$AAn?$AAo?$AA?$CI?$AA?$CJ?$AA?$CJ?$AA?$AA@ 0000000140039750     LIBCMTD:dbgrptw.obj
 0002:00002770       ??_C@_1JI@EACPGHID@?$AAw?$AAc?$AAs?$AAc?$AAp?$AAy?$AA_?$AAs?$AA?$CI?$AAs?$AAz?$AAO?$AAu?$AAt?$AAM?$AAe?$AAs?$AAs?$AAa?$AAg?$AAe?$AA?0?$AA?5?$AA4?$AA0?$AA9?$AA6?$AA?0?$AA?5?$AAL?$AA?$CC?$AA_@ 0000000140039770     LIBCMTD:dbgrptw.obj
 0002:00002810       ??_C@_1FG@BBOLDHGF@?$AA_?$AAC?$AAr?$AAt?$AAD?$AAb?$AAg?$AAR?$AAe?$AAp?$AAo?$AAr?$AAt?$AA?3?$AA?5?$AAS?$AAt?$AAr?$AAi?$AAn?$AAg?$AA?5?$AAt?$AAo?$AAo?$AA?5?$AAl?$AAo?$AAn?$AAg?$AA?5?$AAo@ 0000000140039810     LIBCMTD:dbgrptw.obj
 0002:00002870       ??_C@_1EK@MBDPDCGA@?$AAM?$AAi?$AAc?$AAr?$AAo?$AAs?$AAo?$AAf?$AAt?$AA?5?$AAV?$AAi?$AAs?$AAu?$AAa?$AAl?$AA?5?$AAC?$AA?$CL?$AA?$CL?$AA?5?$AAR?$AAu?$AAn?$AAt?$AAi?$AAm?$AAe?$AA?5?$AAL?$AAi?$AAb@ 0000000140039870     LIBCMTD:dbgrptw.obj
 0002:000028e8       ??_C@_04HJMOFLDF@Free?$AA@ 00000001400398e8     LIBCMTD:dbgheap.obj
 0002:000028f0       ??_C@_06EFAGIKOH@Normal?$AA@ 00000001400398f0     LIBCMTD:dbgheap.obj
 0002:000028f8       ??_C@_03OGPFLFLO@CRT?$AA@  00000001400398f8     LIBCMTD:dbgheap.obj
 0002:000028fc       ??_C@_06KMEJCCGM@Ignore?$AA@ 00000001400398fc     LIBCMTD:dbgheap.obj
 0002:00002904       ??_C@_06PJIGMIJB@Client?$AA@ 0000000140039904     LIBCMTD:dbgheap.obj
 0002:00002910       ??_C@_1CE@LJFEPPMP@?$AA_?$AAC?$AAr?$AAt?$AAC?$AAh?$AAe?$AAc?$AAk?$AAM?$AAe?$AAm?$AAo?$AAr?$AAy?$AA?$CI?$AA?$CJ?$AA?$AA@ 0000000140039910     LIBCMTD:dbgheap.obj
 0002:00002940       ??_C@_1FA@JKEKCOIC@?$AAf?$AA?3?$AA?2?$AAd?$AAd?$AA?2?$AAv?$AAc?$AAt?$AAo?$AAo?$AAl?$AAs?$AA?2?$AAc?$AAr?$AAt?$AA?2?$AAc?$AAr?$AAt?$AAw?$AA3?$AA2?$AA?2?$AAm?$AAi?$AAs?$AAc?$AA?2?$AAd?$AAb@ 0000000140039940     LIBCMTD:dbgheap.obj
 0002:00002990       ??_C@_0DF@BBEGIFEK@Client?5hook?5allocation?5failure?5a@ 0000000140039990     LIBCMTD:dbgheap.obj
 0002:000029c8       ??_C@_0CB@CCLOLAHO@Client?5hook?5allocation?5failure?4?6@ 00000001400399c8     LIBCMTD:dbgheap.obj
 0002:000029ec       ??_C@_02DKCKIIND@?$CFs?$AA@ 00000001400399ec     LIBCMTD:dbgheap.obj
 0002:000029f0       ??_C@_0CF@BICKFLAF@Invalid?5allocation?5size?3?5?$CFIu?5byt@ 00000001400399f0     LIBCMTD:dbgheap.obj
 0002:00002a18       ??_C@_0DC@JEMAGEKG@Error?3?5memory?5allocation?3?5bad?5me@ 0000000140039a18     LIBCMTD:dbgheap.obj
 0002:00002a50       ??_C@_0DI@KKJPDPGM@Client?5hook?5re?9allocation?5failur@ 0000000140039a50     LIBCMTD:dbgheap.obj
 0002:00002a88       ??_C@_0CE@DOFMDOL@Client?5hook?5re?9allocation?5failur@ 0000000140039a88     LIBCMTD:dbgheap.obj
 0002:00002ab0       ??_C@_0ED@GPCPBAGP@Invalid?5allocation?5size?3?5?$CFIu?5byt@ 0000000140039ab0     LIBCMTD:dbgheap.obj
 0002:00002b00       ??_C@_0FA@EFEIGJKG@Error?3?5memory?5allocation?3?5bad?5me@ 0000000140039b00     LIBCMTD:dbgheap.obj
 0002:00002b50       ??_C@_0EM@LGFLMAGJ@The?5Block?5at?50x?$CFp?5was?5allocated?5@ 0000000140039b50     LIBCMTD:dbgheap.obj
 0002:00002ba0       ??_C@_1EE@GFOPCECE@?$AA_?$AAC?$AAr?$AAt?$AAI?$AAs?$AAV?$AAa?$AAl?$AAi?$AAd?$AAH?$AAe?$AAa?$AAp?$AAP?$AAo?$AAi?$AAn?$AAt?$AAe?$AAr?$AA?$CI?$AAp?$AAU?$AAs?$AAe?$AAr?$AAD?$AAa?$AAt?$AAa@ 0000000140039ba0     LIBCMTD:dbgheap.obj
 0002:00002bf0       ??_C@_1IK@DCPKDGNH@?$AAp?$AAO?$AAl?$AAd?$AAB?$AAl?$AAo?$AAc?$AAk?$AA?9?$AA?$DO?$AAn?$AAL?$AAi?$AAn?$AAe?$AA?5?$AA?$DN?$AA?$DN?$AA?5?$AAI?$AAG?$AAN?$AAO?$AAR?$AAE?$AA_?$AAL?$AAI?$AAN?$AAE?$AA?5@ 0000000140039bf0     LIBCMTD:dbgheap.obj
 0002:00002c80       ??_C@_0DA@HFBKENN@Error?3?5possible?5heap?5corruption?5@ 0000000140039c80     LIBCMTD:dbgheap.obj
 0002:00002cb0       ??_C@_1GE@PCKLOLAO@?$AAf?$AAR?$AAe?$AAa?$AAl?$AAl?$AAo?$AAc?$AA?5?$AA?$HM?$AA?$HM?$AA?5?$AA?$CI?$AA?$CB?$AAf?$AAR?$AAe?$AAa?$AAl?$AAl?$AAo?$AAc?$AA?5?$AA?$CG?$AA?$CG?$AA?5?$AAp?$AAN?$AAe?$AAw?$AAB?$AAl@ 0000000140039cb0     LIBCMTD:dbgheap.obj
 0002:00002d18       ??_C@_1DC@GEFKNOOL@?$AA_?$AAp?$AAL?$AAa?$AAs?$AAt?$AAB?$AAl?$AAo?$AAc?$AAk?$AA?5?$AA?$DN?$AA?$DN?$AA?5?$AAp?$AAO?$AAl?$AAd?$AAB?$AAl?$AAo?$AAc?$AAk?$AA?$AA@ 0000000140039d18     LIBCMTD:dbgheap.obj
 0002:00002d50       ??_C@_1DE@KOOKLFBB@?$AA_?$AAp?$AAF?$AAi?$AAr?$AAs?$AAt?$AAB?$AAl?$AAo?$AAc?$AAk?$AA?5?$AA?$DN?$AA?$DN?$AA?5?$AAp?$AAO?$AAl?$AAd?$AAB?$AAl?$AAo?$AAc?$AAk?$AA?$AA@ 0000000140039d50     LIBCMTD:dbgheap.obj
 0002:00002d88       ??_C@_1CE@CJACEFBA@?$AAp?$AAU?$AAs?$AAe?$AAr?$AAD?$AAa?$AAt?$AAa?$AA?5?$AA?$CB?$AA?$DN?$AA?5?$AAN?$AAU?$AAL?$AAL?$AA?$AA@ 0000000140039d88     LIBCMTD:dbgheap.obj
 0002:00002db0       ??_C@_0EJ@HEIBCIMJ@The?5Block?5at?50x?$CFp?5was?5allocated?5@ 0000000140039db0     LIBCMTD:dbgheap.obj
 0002:00002e00       ??_C@_0BL@KEIPLFAC@Client?5hook?5free?5failure?4?6?$AA@ 0000000140039e00     LIBCMTD:dbgheap.obj
 0002:00002e20       ??_C@_1EO@LHDAJOCM@?$AA_?$AAB?$AAL?$AAO?$AAC?$AAK?$AA_?$AAT?$AAY?$AAP?$AAE?$AA_?$AAI?$AAS?$AA_?$AAV?$AAA?$AAL?$AAI?$AAD?$AA?$CI?$AAp?$AAH?$AAe?$AAa?$AAd?$AA?9?$AA?$DO?$AAn?$AAB?$AAl?$AAo@ 0000000140039e20     LIBCMTD:dbgheap.obj
 0002:00002e70       ??_C@_0KI@JGFOHMEB@HEAP?5CORRUPTION?5DETECTED?3?5before@ 0000000140039e70     LIBCMTD:dbgheap.obj
 0002:00002f20       ??_C@_0IK@PJCGLBOB@HEAP?5CORRUPTION?5DETECTED?3?5before@ 0000000140039f20     LIBCMTD:dbgheap.obj
 0002:00002fb0       ??_C@_0KE@MBMNHHHN@HEAP?5CORRUPTION?5DETECTED?3?5after?5@ 0000000140039fb0     LIBCMTD:dbgheap.obj
 0002:00003060       ??_C@_0IG@LEMBDCJK@HEAP?5CORRUPTION?5DETECTED?3?5after?5@ 000000014003a060     LIBCMTD:dbgheap.obj
 0002:000030f0       ??_C@_1HK@HPCBMDFG@?$AAp?$AAH?$AAe?$AAa?$AAd?$AA?9?$AA?$DO?$AAn?$AAL?$AAi?$AAn?$AAe?$AA?5?$AA?$DN?$AA?$DN?$AA?5?$AAI?$AAG?$AAN?$AAO?$AAR?$AAE?$AA_?$AAL?$AAI?$AAN?$AAE?$AA?5?$AA?$CG?$AA?$CG?$AA?5?$AAp@ 000000014003a0f0     LIBCMTD:dbgheap.obj
 0002:00003170       ??_C@_1DM@ODCJIDCP@?$AAp?$AAH?$AAe?$AAa?$AAd?$AA?9?$AA?$DO?$AAn?$AAB?$AAl?$AAo?$AAc?$AAk?$AAU?$AAs?$AAe?$AA?5?$AA?$DN?$AA?$DN?$AA?5?$AAn?$AAB?$AAl?$AAo?$AAc?$AAk?$AAU?$AAs?$AAe?$AA?$AA@ 000000014003a170     LIBCMTD:dbgheap.obj
 0002:000031b0       ??_C@_1CK@DMAGEMBG@?$AA_?$AAp?$AAL?$AAa?$AAs?$AAt?$AAB?$AAl?$AAo?$AAc?$AAk?$AA?5?$AA?$DN?$AA?$DN?$AA?5?$AAp?$AAH?$AAe?$AAa?$AAd?$AA?$AA@ 000000014003a1b0     LIBCMTD:dbgheap.obj
 0002:000031e0       ??_C@_1CM@MMAADDMD@?$AA_?$AAp?$AAF?$AAi?$AAr?$AAs?$AAt?$AAB?$AAl?$AAo?$AAc?$AAk?$AA?5?$AA?$DN?$AA?$DN?$AA?5?$AAp?$AAH?$AAe?$AAa?$AAd?$AA?$AA@ 000000014003a1e0     LIBCMTD:dbgheap.obj
 0002:00003210       ??_C@_1BG@MBKOGDLD@?$AA_?$AAm?$AAs?$AAi?$AAz?$AAe?$AA_?$AAd?$AAb?$AAg?$AA?$AA@ 000000014003a210     LIBCMTD:dbgheap.obj
 0002:00003228       ??_C@_0CE@MKKHMBMK@_heapchk?5fails?5with?5_HEAPBADBEGI@ 000000014003a228     LIBCMTD:dbgheap.obj
 0002:00003250       ??_C@_0CD@CPKEAPBD@_heapchk?5fails?5with?5_HEAPBADNODE@ 000000014003a250     LIBCMTD:dbgheap.obj
 0002:00003278       ??_C@_0CC@MJGLGBDG@_heapchk?5fails?5with?5_HEAPBADEND?4@ 000000014003a278     LIBCMTD:dbgheap.obj
 0002:000032a0       ??_C@_0CC@MFFCHFHO@_heapchk?5fails?5with?5_HEAPBADPTR?4@ 000000014003a2a0     LIBCMTD:dbgheap.obj
 0002:000032c8       ??_C@_0CL@HNNNMKMJ@_heapchk?5fails?5with?5unknown?5retu@ 000000014003a2c8     LIBCMTD:dbgheap.obj
 0002:000032f8       ??_C@_07OHKEFPKJ@DAMAGED?$AA@ 000000014003a2f8     LIBCMTD:dbgheap.obj
 0002:00003300       ??_C@_0KA@IHNJJKPL@HEAP?5CORRUPTION?5DETECTED?3?5on?5top@ 000000014003a300     LIBCMTD:dbgheap.obj
 0002:000033a0       ??_C@_0IC@BBJIOOJH@HEAP?5CORRUPTION?5DETECTED?3?5on?5top@ 000000014003a3a0     LIBCMTD:dbgheap.obj
 0002:00003430       ??_C@_0EG@DGJMPDBH@?$CFhs?5located?5at?50x?$CFp?5is?5?$CFIu?5bytes@ 000000014003a430     LIBCMTD:dbgheap.obj
 0002:00003478       ??_C@_0CI@JMLBEDHJ@?$CFhs?5located?5at?50x?$CFp?5is?5?$CFIu?5bytes@ 000000014003a478     LIBCMTD:dbgheap.obj
 0002:000034a0       ??_C@_1BHO@NNANJNF@?$AA?$CI?$AAf?$AAN?$AAe?$AAw?$AAB?$AAi?$AAt?$AAs?$AA?$DN?$AA?$DN?$AA_?$AAC?$AAR?$AAT?$AAD?$AAB?$AAG?$AA_?$AAR?$AAE?$AAP?$AAO?$AAR?$AAT?$AA_?$AAF?$AAL?$AAA?$AAG?$AA?$CJ?$AA?5@ 000000014003a4a0     LIBCMTD:dbgheap.obj
 0002:00003620       ??_C@_1BO@GJFDNMNF@?$AA_?$AAC?$AAr?$AAt?$AAS?$AAe?$AAt?$AAD?$AAb?$AAg?$AAF?$AAl?$AAa?$AAg?$AA?$AA@ 000000014003a620     LIBCMTD:dbgheap.obj
 0002:00003640       ??_C@_1BM@MIMANDHC@?$AAs?$AAt?$AAa?$AAt?$AAe?$AA?5?$AA?$CB?$AA?$DN?$AA?5?$AAN?$AAU?$AAL?$AAL?$AA?$AA@ 000000014003a640     LIBCMTD:dbgheap.obj
 0002:00003660       ??_C@_1CE@NJJKELF@?$AA_?$AAC?$AAr?$AAt?$AAM?$AAe?$AAm?$AAC?$AAh?$AAe?$AAc?$AAk?$AAp?$AAo?$AAi?$AAn?$AAt?$AA?$AA@ 000000014003a660     LIBCMTD:dbgheap.obj
 0002:00003688       ??_C@_0DP@LEFMFBOD@Bad?5memory?5block?5found?5at?50x?$CFp?4?6@ 000000014003a688     LIBCMTD:dbgheap.obj
 0002:000036c8       ??_C@_0CB@EAAIGELO@Bad?5memory?5block?5found?5at?50x?$CFp?4?6@ 000000014003a6c8     LIBCMTD:dbgheap.obj
 0002:000036ec       ??_C@_05MKKEDADM@?$CF?42X?5?$AA@ 000000014003a6ec     LIBCMTD:dbgheap.obj
 0002:000036f8       ??_C@_1CG@LPFIACGM@?$AA_?$AAp?$AAr?$AAi?$AAn?$AAt?$AAM?$AAe?$AAm?$AAB?$AAl?$AAo?$AAc?$AAk?$AAD?$AAa?$AAt?$AAa?$AA?$AA@ 000000014003a6f8     LIBCMTD:dbgheap.obj
 0002:00003720       ??_C@_0BA@HJBKCELP@?5Data?3?5?$DM?$CFs?$DO?5?$CFs?6?$AA@ 000000014003a720     LIBCMTD:dbgheap.obj
 0002:00003730       ??_C@_0BE@KCIPKCIA@Dumping?5objects?5?9?$DO?6?$AA@ 000000014003a730     LIBCMTD:dbgheap.obj
 0002:00003748       ??_C@_0BE@OIEFNFL@?$CDFile?5Error?$CD?$CI?$CFd?$CJ?5?3?5?$AA@ 000000014003a748     LIBCMTD:dbgheap.obj
 0002:00003760       ??_C@_0L@JMEFFCCJ@?$CFhs?$CI?$CFd?$CJ?5?3?5?$AA@ 000000014003a760     LIBCMTD:dbgheap.obj
 0002:0000376c       ??_C@_06PKLGBFGM@?$HL?$CFld?$HN?5?$AA@ 000000014003a76c     LIBCMTD:dbgheap.obj
 0002:00003778       ??_C@_0DD@GHNAAKBB@client?5block?5at?50x?$CFp?0?5subtype?5?$CFx@ 000000014003a778     LIBCMTD:dbgheap.obj
 0002:000037b0       ??_C@_0CH@FAGDDGPN@normal?5block?5at?50x?$CFp?0?5?$CFIu?5bytes?5@ 000000014003a7b0     LIBCMTD:dbgheap.obj
 0002:000037d8       ??_C@_0DA@MDLBNIBM@crt?5block?5at?50x?$CFp?0?5subtype?5?$CFx?0?5?$CF@ 000000014003a7d8     LIBCMTD:dbgheap.obj
 0002:00003808       ??_C@_0BH@GFGKJDCO@Object?5dump?5complete?4?6?$AA@ 000000014003a808     LIBCMTD:dbgheap.obj
 0002:00003820       ??_C@_0BI@JBFPOEJA@Detected?5memory?5leaks?$CB?6?$AA@ 000000014003a820     LIBCMTD:dbgheap.obj
 0002:00003838       ??_C@_0CI@CCALCGFN@f?3?2dd?2vctools?2crt?2crtw32?2stdio?2s@ 000000014003a838     LIBCMTD:stream.obj
 0002:00003888       ??_C@_1CC@JBMDNKJP@?$AAf?$AAi?$AAl?$AAe?$AAn?$AAa?$AAm?$AAe?$AA?5?$AA?$CB?$AA?$DN?$AA?5?$AAN?$AAU?$AAL?$AAL?$AA?$AA@ 000000014003a888     LIBCMTD:_open.obj
 0002:000038b0       ??_C@_1EO@FCBMLNIH@?$AAf?$AA?3?$AA?2?$AAd?$AAd?$AA?2?$AAv?$AAc?$AAt?$AAo?$AAo?$AAl?$AAs?$AA?2?$AAc?$AAr?$AAt?$AA?2?$AAc?$AAr?$AAt?$AAw?$AA3?$AA2?$AA?2?$AAs?$AAt?$AAd?$AAi?$AAo?$AA?2?$AA_@ 000000014003a8b0     LIBCMTD:_open.obj
 0002:00003900       ??_C@_1BK@HGLMNMEC@?$AAm?$AAo?$AAd?$AAe?$AA?5?$AA?$CB?$AA?$DN?$AA?5?$AAN?$AAU?$AAL?$AAL?$AA?$AA@ 000000014003a900     LIBCMTD:_open.obj
 0002:00003920       ??_C@_1BI@MFCLPIBM@?$AAs?$AAt?$AAr?$AA?5?$AA?$CB?$AA?$DN?$AA?5?$AAN?$AAU?$AAL?$AAL?$AA?$AA@ 000000014003a920     LIBCMTD:_open.obj
 0002:00003938       ??_C@_1DK@PKMJBLLN@?$AA?$CI?$AA?$CC?$AAI?$AAn?$AAv?$AAa?$AAl?$AAi?$AAd?$AA?5?$AAf?$AAi?$AAl?$AAe?$AA?5?$AAo?$AAp?$AAe?$AAn?$AA?5?$AAm?$AAo?$AAd?$AAe?$AA?$CC?$AA?0?$AA0?$AA?$CJ?$AA?$AA@ 000000014003a938     LIBCMTD:_open.obj
 0002:00003978       ??_C@_1BE@DONHJJKE@?$AA_?$AAo?$AAp?$AAe?$AAn?$AAf?$AAi?$AAl?$AAe?$AA?$AA@ 000000014003a978     LIBCMTD:_open.obj
 0002:00003990       ??_C@_1CI@KEDPFCAL@?$AA?$CI?$AA?$CK?$AAm?$AAo?$AAd?$AAe?$AA?5?$AA?$DN?$AA?$DN?$AA?5?$AA_?$AAT?$AA?$CI?$AA?8?$AA?2?$AA0?$AA?8?$AA?$CJ?$AA?$CJ?$AA?$AA@ 000000014003a990     LIBCMTD:_open.obj
 0002:000039c0       ??_C@_1FC@KLDIFLFI@?$AAf?$AA?3?$AA?2?$AAd?$AAd?$AA?2?$AAv?$AAc?$AAt?$AAo?$AAo?$AAl?$AAs?$AA?2?$AAc?$AAr?$AAt?$AA?2?$AAc?$AAr?$AAt?$AAw?$AA3?$AA2?$AA?2?$AAs?$AAt?$AAd?$AAi?$AAo?$AA?2?$AA_@ 000000014003a9c0     LIBCMTD:_filbuf.obj
 0002:00003a18       ??_C@_1BA@IIKEPOGH@?$AA_?$AAf?$AAi?$AAl?$AAb?$AAu?$AAf?$AA?$AA@ 000000014003aa18     LIBCMTD:_filbuf.obj
 0002:00003a28       ??_C@_1BI@GKKCBDMD@?$AAd?$AAs?$AAt?$AA?5?$AA?$CB?$AA?$DN?$AA?5?$AAN?$AAU?$AAL?$AAL?$AA?$AA@ 000000014003aa28     LIBCMTD:memcpy_s.obj
 0002:00003a40       ??_C@_1FG@COJCEIPE@?$AAf?$AA?3?$AA?2?$AAd?$AAd?$AA?2?$AAv?$AAc?$AAt?$AAo?$AAo?$AAl?$AAs?$AA?2?$AAc?$AAr?$AAt?$AA?2?$AAc?$AAr?$AAt?$AAw?$AA3?$AA2?$AA?2?$AAs?$AAt?$AAr?$AAi?$AAn?$AAg?$AA?2@ 000000014003aa40     LIBCMTD:memcpy_s.obj
 0002:00003a98       ??_C@_1BC@GKHDJMGB@?$AAm?$AAe?$AAm?$AAc?$AAp?$AAy?$AA_?$AAs?$AA?$AA@ 000000014003aa98     LIBCMTD:memcpy_s.obj
 0002:00003ab0       ??_C@_1BI@DCHLDCPP@?$AAs?$AAr?$AAc?$AA?5?$AA?$CB?$AA?$DN?$AA?5?$AAN?$AAU?$AAL?$AAL?$AA?$AA@ 000000014003aab0     LIBCMTD:memcpy_s.obj
 0002:00003ac8       ??_C@_1CK@DDKKOLAN@?$AAs?$AAi?$AAz?$AAe?$AAI?$AAn?$AAB?$AAy?$AAt?$AAe?$AAs?$AA?5?$AA?$DO?$AA?$DN?$AA?5?$AAc?$AAo?$AAu?$AAn?$AAt?$AA?$AA@ 000000014003aac8     LIBCMTD:memcpy_s.obj
 0002:00003b00       ??_C@_1EM@BALFJBIJ@?$AAf?$AA?3?$AA?2?$AAd?$AAd?$AA?2?$AAv?$AAc?$AAt?$AAo?$AAo?$AAl?$AAs?$AA?2?$AAc?$AAr?$AAt?$AA?2?$AAc?$AAr?$AAt?$AAw?$AA3?$AA2?$AA?2?$AAl?$AAo?$AAw?$AAi?$AAo?$AA?2?$AAr@ 000000014003ab00     LIBCMTD:read.obj
 0002:00003b50       ??_C@_1M@NHJOLLDM@?$AA_?$AAr?$AAe?$AAa?$AAd?$AA?$AA@ 000000014003ab50     LIBCMTD:read.obj
 0002:00003b60       ??_C@_1CC@HBLPFNKH@?$AA?$CI?$AAc?$AAn?$AAt?$AA?5?$AA?$DM?$AA?$DN?$AA?5?$AAI?$AAN?$AAT?$AA_?$AAM?$AAA?$AAX?$AA?$CJ?$AA?$AA@ 000000014003ab60     LIBCMTD:read.obj
 0002:00003b88       ??_C@_1BK@JJBHNDKJ@?$AA_?$AAr?$AAe?$AAa?$AAd?$AA_?$AAn?$AAo?$AAl?$AAo?$AAc?$AAk?$AA?$AA@ 000000014003ab88     LIBCMTD:read.obj
 0002:00003ba8       ??_C@_1CG@OHLJHGGK@?$AA?$CI?$AAi?$AAn?$AAp?$AAu?$AAt?$AAb?$AAu?$AAf?$AA?5?$AA?$CB?$AA?$DN?$AA?5?$AAN?$AAU?$AAL?$AAL?$AA?$CJ?$AA?$AA@ 000000014003aba8     LIBCMTD:read.obj
 0002:00003bd0       ??_C@_1CC@EEOLPHGO@?$AA?$CI?$AA?$CI?$AAc?$AAn?$AAt?$AA?5?$AA?$CG?$AA?5?$AA1?$AA?$CJ?$AA?5?$AA?$DN?$AA?$DN?$AA?5?$AA0?$AA?$CJ?$AA?$AA@ 000000014003abd0     LIBCMTD:read.obj
 0002:00003bf8       ??_C@_0CG@JHNDLPLJ@f?3?2dd?2vctools?2crt?2crtw32?2lowio?2r@ 000000014003abf8     LIBCMTD:read.obj
 0002:00003c20       ??_C@_1EO@CCHAPCBN@?$AAf?$AA?3?$AA?2?$AAd?$AAd?$AA?2?$AAv?$AAc?$AAt?$AAo?$AAo?$AAl?$AAs?$AA?2?$AAc?$AAr?$AAt?$AA?2?$AAc?$AAr?$AAt?$AAw?$AA3?$AA2?$AA?2?$AAl?$AAo?$AAw?$AAi?$AAo?$AA?2?$AAl@ 000000014003ac20     LIBCMTD:lseek.obj
 0002:00003c70       ??_C@_1O@EDOIKGHF@?$AA_?$AAl?$AAs?$AAe?$AAe?$AAk?$AA?$AA@ 000000014003ac70     LIBCMTD:lseek.obj
 0002:00003c80       ??_C@_1DM@LMLOLGJ@?$AA?$CI?$AA?$CC?$AAI?$AAn?$AAv?$AAa?$AAl?$AAi?$AAd?$AA?5?$AAf?$AAi?$AAl?$AAe?$AA?5?$AAd?$AAe?$AAs?$AAc?$AAr?$AAi?$AAp?$AAt?$AAo?$AAr?$AA?$CC?$AA?0?$AA0?$AA?$CJ?$AA?$AA@ 000000014003ac80     LIBCMTD:lseek.obj
 0002:00003cc0       ??_C@_1FE@NDDOFCDF@?$AAf?$AA?3?$AA?2?$AAd?$AAd?$AA?2?$AAv?$AAc?$AAt?$AAo?$AAo?$AAl?$AAs?$AA?2?$AAc?$AAr?$AAt?$AA?2?$AAc?$AAr?$AAt?$AAw?$AA3?$AA2?$AA?2?$AAl?$AAo?$AAw?$AAi?$AAo?$AA?2?$AAl@ 000000014003acc0     LIBCMTD:lseeki64.obj
 0002:00003d18       ??_C@_1BE@KHFBJMNM@?$AA_?$AAl?$AAs?$AAe?$AAe?$AAk?$AAi?$AA6?$AA4?$AA?$AA@ 000000014003ad18     LIBCMTD:lseeki64.obj
 0002:00003d30       ??_C@_0CI@BIOGDJKL@f?3?2dd?2vctools?2crt?2crtw32?2lowio?2i@ 000000014003ad30     LIBCMTD:ioinit.obj
 0002:00003d68       ??_C@_1BI@ICGGMGLK@?$AAb?$AAu?$AAf?$AA?5?$AA?$CB?$AA?$DN?$AA?5?$AAN?$AAU?$AAL?$AAL?$AA?$AA@ 000000014003ad68     LIBCMTD:cvt.obj
 0002:00003d80       ??_C@_1EG@OHONNKNN@?$AAf?$AA?3?$AA?2?$AAd?$AAd?$AA?2?$AAv?$AAc?$AAt?$AAo?$AAo?$AAl?$AAs?$AA?2?$AAc?$AAr?$AAt?$AA?2?$AAf?$AAp?$AAw?$AA3?$AA2?$AA?2?$AAc?$AAo?$AAn?$AAv?$AA?2?$AAc?$AAv?$AAt@ 000000014003ad80     LIBCMTD:cvt.obj
 0002:00003dc8       ??_C@_1BE@OLBNEILL@?$AA_?$AAc?$AAf?$AAt?$AAo?$AAe?$AA2?$AA_?$AAl?$AA?$AA@ 000000014003adc8     LIBCMTD:cvt.obj
 0002:00003de0       ??_C@_1CA@CBMNPEO@?$AAs?$AAi?$AAz?$AAe?$AAI?$AAn?$AAB?$AAy?$AAt?$AAe?$AAs?$AA?5?$AA?$DO?$AA?5?$AA0?$AA?$AA@ 000000014003ade0     LIBCMTD:cvt.obj
 0002:00003e00       ??_C@_1HE@NACBNDPP@?$AAs?$AAi?$AAz?$AAe?$AAI?$AAn?$AAB?$AAy?$AAt?$AAe?$AAs?$AA?5?$AA?$DO?$AA?5?$AA?$CI?$AAs?$AAi?$AAz?$AAe?$AA_?$AAt?$AA?$CJ?$AA?$CI?$AA3?$AA?5?$AA?$CL?$AA?5?$AA?$CI?$AAn?$AAd?$AAe?$AAc@ 000000014003ae00     LIBCMTD:cvt.obj
 0002:00003e80       ??_C@_1LE@EOIFGNCJ@?$AAs?$AAt?$AAr?$AAc?$AAp?$AAy?$AA_?$AAs?$AA?$CI?$AAp?$AA?0?$AA?5?$AA?$CI?$AAs?$AAi?$AAz?$AAe?$AAI?$AAn?$AAB?$AAy?$AAt?$AAe?$AAs?$AA?5?$AA?$DN?$AA?$DN?$AA?5?$AA?$CI?$AAs?$AAi?$AAz@ 000000014003ae80     LIBCMTD:cvt.obj
 0002:00003f34       ??_C@_05KLBDPFGC@e?$CL000?$AA@ 000000014003af34     LIBCMTD:cvt.obj
 0002:00003f40       ??_C@_1BC@INKAPMHI@?$AA_?$AAc?$AAf?$AAt?$AAo?$AAe?$AA_?$AAl?$AA?$AA@ 000000014003af40     LIBCMTD:cvt.obj
 0002:00003f58       ??_C@_1BC@JOKPCIC@?$AA_?$AAc?$AAf?$AAt?$AAo?$AAa?$AA_?$AAl?$AA?$AA@ 000000014003af58     LIBCMTD:cvt.obj
 0002:00003f70       ??_C@_1FC@IKIMAMJB@?$AAs?$AAi?$AAz?$AAe?$AAI?$AAn?$AAB?$AAy?$AAt?$AAe?$AAs?$AA?5?$AA?$DO?$AA?5?$AA?$CI?$AAs?$AAi?$AAz?$AAe?$AA_?$AAt?$AA?$CJ?$AA?$CI?$AA1?$AA?5?$AA?$CL?$AA?5?$AA4?$AA?5?$AA?$CL?$AA?5?$AAn@ 000000014003af70     LIBCMTD:cvt.obj
 0002:00003fc8       ??_C@_1BE@CKPDLI@?$AA_?$AAc?$AAf?$AAt?$AAo?$AAf?$AA2?$AA_?$AAl?$AA?$AA@ 000000014003afc8     LIBCMTD:cvt.obj
 0002:00003fe0       ??_C@_1BC@DCPPLJL@?$AA_?$AAc?$AAf?$AAt?$AAo?$AAf?$AA_?$AAl?$AA?$AA@ 000000014003afe0     LIBCMTD:cvt.obj
 0002:00003ff8       ??_C@_1BC@MPIFPLAF@?$AA_?$AAc?$AAf?$AAt?$AAo?$AAg?$AA_?$AAl?$AA?$AA@ 000000014003aff8     LIBCMTD:cvt.obj
 0002:00004010       __real@0000000000000000    000000014003b010     LIBCMTD:cvt.obj
 0002:00004020       _XcptActTab                000000014003b020     LIBCMTD:winxfltr.obj
 0002:000040e0       _XcptActTabCount           000000014003b0e0     LIBCMTD:winxfltr.obj
 0002:000040e4       _XcptActTabSize            000000014003b0e4     LIBCMTD:winxfltr.obj
 0002:000040e8       _First_FPE_Indx            000000014003b0e8     LIBCMTD:winxfltr.obj
 0002:000040ec       _Num_FPE                   000000014003b0ec     LIBCMTD:winxfltr.obj
 0002:000040f0       ??_C@_0CM@KPPOKOAI@f?3?2dd?2vctools?2crt?2crtw32?2startup@ 000000014003b0f0     LIBCMTD:tidtable.obj
 0002:00004120       ??_C@_1BI@BGOHAHKC@?$AAm?$AAs?$AAc?$AAo?$AAr?$AAe?$AAe?$AA?4?$AAd?$AAl?$AAl?$AA?$AA@ 000000014003b120     LIBCMTD:crt0dat.obj
 0002:00004138       ??_C@_0P@MIGLKIOC@CorExitProcess?$AA@ 000000014003b138     LIBCMTD:crt0dat.obj
 0002:00004150       ??_C@_1FG@MHCBBJEK@?$AAf?$AA?3?$AA?2?$AAd?$AAd?$AA?2?$AAv?$AAc?$AAt?$AAo?$AAo?$AAl?$AAs?$AA?2?$AAc?$AAr?$AAt?$AA?2?$AAc?$AAr?$AAt?$AAw?$AA3?$AA2?$AA?2?$AAs?$AAt?$AAa?$AAr?$AAt?$AAu?$AAp@ 000000014003b150     LIBCMTD:crt0dat.obj
 0002:000041a8       ??_C@_1BK@DJNILIMN@?$AAp?$AAa?$AAt?$AAh?$AA?5?$AA?$CB?$AA?$DN?$AA?5?$AAN?$AAU?$AAL?$AAL?$AA?$AA@ 000000014003b1a8     LIBCMTD:crt0dat.obj
 0002:000041c8       ??_C@_1DG@KANBJOCK@?$AA_?$AA_?$AAc?$AAo?$AAp?$AAy?$AA_?$AAp?$AAa?$AAt?$AAh?$AA_?$AAt?$AAo?$AA_?$AAw?$AAi?$AAd?$AAe?$AA_?$AAs?$AAt?$AAr?$AAi?$AAn?$AAg?$AA?$AA@ 000000014003b1c8     LIBCMTD:crt0dat.obj
 0002:00004200       ??_C@_1CA@BGODLPHH@?$AAo?$AAu?$AAt?$AAP?$AAa?$AAt?$AAh?$AA?5?$AA?$CB?$AA?$DN?$AA?5?$AAN?$AAU?$AAL?$AAL?$AA?$AA@ 000000014003b200     LIBCMTD:crt0dat.obj
 0002:00004220       ??_C@_0CL@LMMOJFEN@f?3?2dd?2vctools?2crt?2crtw32?2startup@ 000000014003b220     LIBCMTD:crt0dat.obj
 0002:00004250       ??_C@_0CL@OBKFGCKK@f?3?2dd?2vctools?2crt?2crtw32?2startup@ 000000014003b250     LIBCMTD:stdargv.obj
 0002:00004280       ??_C@_0CL@BJBFGFLH@f?3?2dd?2vctools?2crt?2crtw32?2startup@ 000000014003b280     LIBCMTD:stdenvp.obj
 0002:000042b0       ??_C@_1FG@MHBLOJIO@?$AAf?$AA?3?$AA?2?$AAd?$AAd?$AA?2?$AAv?$AAc?$AAt?$AAo?$AAo?$AAl?$AAs?$AA?2?$AAc?$AAr?$AAt?$AA?2?$AAc?$AAr?$AAt?$AAw?$AA3?$AA2?$AA?2?$AAs?$AAt?$AAa?$AAr?$AAt?$AAu?$AAp@ 000000014003b2b0     LIBCMTD:stdenvp.obj
 0002:00004308       ??_C@_1BC@GHMCNHHL@?$AA_?$AAs?$AAe?$AAt?$AAe?$AAn?$AAv?$AAp?$AA?$AA@ 000000014003b308     LIBCMTD:stdenvp.obj
 0002:00004320       ??_C@_1DE@MMOGFGHF@?$AAs?$AAt?$AAr?$AAc?$AAp?$AAy?$AA_?$AAs?$AA?$CI?$AA?$CK?$AAe?$AAn?$AAv?$AA?0?$AA?5?$AAc?$AAc?$AAh?$AAa?$AAr?$AAs?$AA?0?$AA?5?$AAp?$AA?$CJ?$AA?$AA@ 000000014003b320     LIBCMTD:stdenvp.obj
 0002:000044d0       ??_C@_1FK@PGACCAFB@?$AAR?$AA6?$AA0?$AA0?$AA2?$AA?$AN?$AA?6?$AA?9?$AA?5?$AAf?$AAl?$AAo?$AAa?$AAt?$AAi?$AAn?$AAg?$AA?5?$AAp?$AAo?$AAi?$AAn?$AAt?$AA?5?$AAs?$AAu?$AAp?$AAp?$AAo?$AAr?$AAt?$AA?5@ 000000014003b4d0     LIBCMTD:crt0msg.obj
 0002:00004530       ??_C@_1FE@LLNEDJMD@?$AAR?$AA6?$AA0?$AA0?$AA8?$AA?$AN?$AA?6?$AA?9?$AA?5?$AAn?$AAo?$AAt?$AA?5?$AAe?$AAn?$AAo?$AAu?$AAg?$AAh?$AA?5?$AAs?$AAp?$AAa?$AAc?$AAe?$AA?5?$AAf?$AAo?$AAr?$AA?5?$AAa?$AAr@ 000000014003b530     LIBCMTD:crt0msg.obj
 0002:00004590       ??_C@_1FI@HONFMGBI@?$AAR?$AA6?$AA0?$AA0?$AA9?$AA?$AN?$AA?6?$AA?9?$AA?5?$AAn?$AAo?$AAt?$AA?5?$AAe?$AAn?$AAo?$AAu?$AAg?$AAh?$AA?5?$AAs?$AAp?$AAa?$AAc?$AAe?$AA?5?$AAf?$AAo?$AAr?$AA?5?$AAe?$AAn@ 000000014003b590     LIBCMTD:crt0msg.obj
 0002:000045f0       ??_C@_1EG@BEHAGFJD@?$AAR?$AA6?$AA0?$AA1?$AA0?$AA?$AN?$AA?6?$AA?9?$AA?5?$AAa?$AAb?$AAo?$AAr?$AAt?$AA?$CI?$AA?$CJ?$AA?5?$AAh?$AAa?$AAs?$AA?5?$AAb?$AAe?$AAe?$AAn?$AA?5?$AAc?$AAa?$AAl?$AAl?$AAe?$AAd@ 000000014003b5f0     LIBCMTD:crt0msg.obj
 0002:00004640       ??_C@_1FI@LOGNIKDM@?$AAR?$AA6?$AA0?$AA1?$AA6?$AA?$AN?$AA?6?$AA?9?$AA?5?$AAn?$AAo?$AAt?$AA?5?$AAe?$AAn?$AAo?$AAu?$AAg?$AAh?$AA?5?$AAs?$AAp?$AAa?$AAc?$AAe?$AA?5?$AAf?$AAo?$AAr?$AA?5?$AAt?$AAh@ 000000014003b640     LIBCMTD:crt0msg.obj
 0002:000046a0       ??_C@_1FK@BEOGODMC@?$AAR?$AA6?$AA0?$AA1?$AA7?$AA?$AN?$AA?6?$AA?9?$AA?5?$AAu?$AAn?$AAe?$AAx?$AAp?$AAe?$AAc?$AAt?$AAe?$AAd?$AA?5?$AAm?$AAu?$AAl?$AAt?$AAi?$AAt?$AAh?$AAr?$AAe?$AAa?$AAd?$AA?5@ 000000014003b6a0     LIBCMTD:crt0msg.obj
 0002:00004700       ??_C@_1EC@JIBHAOPH@?$AAR?$AA6?$AA0?$AA1?$AA8?$AA?$AN?$AA?6?$AA?9?$AA?5?$AAu?$AAn?$AAe?$AAx?$AAp?$AAe?$AAc?$AAt?$AAe?$AAd?$AA?5?$AAh?$AAe?$AAa?$AAp?$AA?5?$AAe?$AAr?$AAr?$AAo?$AAr?$AA?$AN?$AA?6@ 000000014003b700     LIBCMTD:crt0msg.obj
 0002:00004750       ??_C@_1FC@ECHBIFBC@?$AAR?$AA6?$AA0?$AA1?$AA9?$AA?$AN?$AA?6?$AA?9?$AA?5?$AAu?$AAn?$AAa?$AAb?$AAl?$AAe?$AA?5?$AAt?$AAo?$AA?5?$AAo?$AAp?$AAe?$AAn?$AA?5?$AAc?$AAo?$AAn?$AAs?$AAo?$AAl?$AAe?$AA?5@ 000000014003b750     LIBCMTD:crt0msg.obj
 0002:000047b0       ??_C@_1GK@FHCKBEFA@?$AAR?$AA6?$AA0?$AA2?$AA4?$AA?$AN?$AA?6?$AA?9?$AA?5?$AAn?$AAo?$AAt?$AA?5?$AAe?$AAn?$AAo?$AAu?$AAg?$AAh?$AA?5?$AAs?$AAp?$AAa?$AAc?$AAe?$AA?5?$AAf?$AAo?$AAr?$AA?5?$AA_?$AAo@ 000000014003b7b0     LIBCMTD:crt0msg.obj
 0002:00004820       ??_C@_1EM@MAADIHMB@?$AAR?$AA6?$AA0?$AA2?$AA5?$AA?$AN?$AA?6?$AA?9?$AA?5?$AAp?$AAu?$AAr?$AAe?$AA?5?$AAv?$AAi?$AAr?$AAt?$AAu?$AAa?$AAl?$AA?5?$AAf?$AAu?$AAn?$AAc?$AAt?$AAi?$AAo?$AAn?$AA?5?$AAc@ 000000014003b820     LIBCMTD:crt0msg.obj
 0002:00004870       ??_C@_1GK@MCAAGJMO@?$AAR?$AA6?$AA0?$AA2?$AA6?$AA?$AN?$AA?6?$AA?9?$AA?5?$AAn?$AAo?$AAt?$AA?5?$AAe?$AAn?$AAo?$AAu?$AAg?$AAh?$AA?5?$AAs?$AAp?$AAa?$AAc?$AAe?$AA?5?$AAf?$AAo?$AAr?$AA?5?$AAs?$AAt@ 000000014003b870     LIBCMTD:crt0msg.obj
[...]
 0004:00000ccc       $pdata$_putwch_nolock      0000000140051ccc     LIBCMTD:putwch.obj
 0004:00000cd8       $pdata$_flsbuf             0000000140051cd8     LIBCMTD:_flsbuf.obj
 0004:00000ce4       $pdata$_vsnwprintf_s       0000000140051ce4     LIBCMTD:vswprnc.obj
 0004:00000cf0       $pdata$_vsnwprintf_s_l     0000000140051cf0     LIBCMTD:vswprnc.obj
 0004:00000cfc       $pdata$_vswprintf_helper   0000000140051cfc     LIBCMTD:vswprnc.obj
 0004:00000d08       $pdata$get_int64_arg       0000000140051d08     LIBCMTD:woutput.obj
 0004:00000d14       $pdata$get_int_arg         0000000140051d14     LIBCMTD:woutput.obj
 0004:00000d20       $pdata$strcat_s            0000000140051d20     LIBCMTD:strcat_s.obj
 0004:00000d2c       $pdata$_itoa_s             0000000140051d2c     LIBCMTD:xtoas.obj
 0004:00000d38       $pdata$xtoa_s              0000000140051d38     LIBCMTD:xtoas.obj
 0004:00000d44       $pdata$_mbstowcs_l_helper  0000000140051d44     LIBCMTD:mbstowcs.obj
 0004:00000d50       $pdata$_mbstowcs_s_l       0000000140051d50     LIBCMTD:mbstowcs.obj
 0004:00000d5c       $pdata$mbstowcs_s          0000000140051d5c     LIBCMTD:mbstowcs.obj
 0004:00000d68       $pdata$?wcsncnt@@YA_KPEB_W_K@Z 0000000140051d68     LIBCMTD:wcstombs.obj
 0004:00000d74       $pdata$_wcstombs_l_helper  0000000140051d74     LIBCMTD:wcstombs.obj
 0004:00000d80       $pdata$_wcstombs_s_l       0000000140051d80     LIBCMTD:wcstombs.obj
 0004:00000d8c       $pdata$wcstombs_s          0000000140051d8c     LIBCMTD:wcstombs.obj
 0004:00000d98       $pdata$_itow_s             0000000140051d98     LIBCMTD:xtows.obj
 0004:00000da4       $pdata$xtow_s              0000000140051da4     LIBCMTD:xtows.obj
 0004:00000db0       $pdata$_vsnprintf_helper   0000000140051db0     LIBCMTD:vsnprnc.obj
 0004:00000dbc       $pdata$_vsnprintf_s        0000000140051dbc     LIBCMTD:vsnprnc.obj
 0004:00000dc8       $pdata$_vsnprintf_s_l      0000000140051dc8     LIBCMTD:vsnprnc.obj
 0004:00000dd4       $pdata$_vsprintf_s_l       0000000140051dd4     LIBCMTD:vsnprnc.obj
 0004:00000de0       $pdata$__GSHandlerCheck_SEH 0000000140051de0     LIBCMTD:gshandlerseh.obj
 0004:00000dec       $pdata$__free_lconv_mon    0000000140051dec     LIBCMTD:initmon.obj
 0004:00000df8       $pdata$__free_lconv_num    0000000140051df8     LIBCMTD:initnum.obj
 0004:00000e04       $pdata$__free_lc_time      0000000140051e04     LIBCMTD:inittime.obj
 0004:00000e10       $pdata$?__crtLCMapStringA_stat@@YAHPEAUlocaleinfo_struct@@PEB_WKPEBDHPEADHHH@Z 0000000140051e10     LIBCMTD:a_map.obj
 0004:00000e1c       $pdata$?strncnt@@YAHPEBDH@Z 0000000140051e1c     LIBCMTD:a_map.obj
 0004:00000e28       $pdata$_MallocaIsSizeInRange 0000000140051e28     LIBCMTD:a_map.obj
 0004:00000e34       $pdata$__crtLCMapStringA   0000000140051e34     LIBCMTD:a_map.obj
 0004:00000e40       $pdata$_freea              0000000140051e40     LIBCMTD:a_map.obj
 0004:00000e4c       $pdata$?__crtGetStringTypeA_stat@@YAHPEAUlocaleinfo_struct@@KPEBDHPEAGHH@Z 0000000140051e4c     LIBCMTD:a_str.obj
 0004:00000e58       $pdata$__crtGetStringTypeA 0000000140051e58     LIBCMTD:a_str.obj
 0004:00000e64       $pdata$?_CatchTryBlock@@YAPEBU_s_TryBlockMapEntry@@PEBU_s_FuncInfo@@H@Z 0000000140051e64     LIBCMTD:trnsctrl.obj
 0004:00000e70       $pdata$?_GetEstablisherFrame@@YAPEA_KPEA_KPEAU_xDISPATCHER_CONTEXT@@PEBU_s_FuncInfo@@0@Z 0000000140051e70     LIBCMTD:trnsctrl.obj
 0004:00000e7c       $pdata$?_GetRangeOfTrysToCheck@@YAPEBU_s_TryBlockMapEntry@@PEA_KPEBU_s_FuncInfo@@HHPEAI2PEAU_xDISPATCHER_CONTEXT@@@Z 0000000140051e7c     LIBCMTD:trnsctrl.obj
 0004:00000e88       $pdata$?__FrameUnwindToEmptyState@@YAXPEA_KPEAU_xDISPATCHER_CONTEXT@@PEBU_s_FuncInfo@@@Z 0000000140051e88     LIBCMTD:trnsctrl.obj
 0004:00000e94       $pdata$?__SehTransFilter@@YAHPEAU_EXCEPTION_POINTERS@@PEAUEHExceptionRecord@@PEA_KPEAU_CONTEXT@@PEAU_xDISPATCHER_CONTEXT@@PEBU_s_FuncInfo@@PEAH@Z 0000000140051e94     LIBCMTD:trnsctrl.obj
 0004:00000ea0       $pdata$_CallSETranslator   0000000140051ea0     LIBCMTD:trnsctrl.obj
 0004:00000eac       $pdata$_CreateFrameInfo    0000000140051eac     LIBCMTD:trnsctrl.obj
 0004:00000eb8       $pdata$_FindAndUnlinkFrame 0000000140051eb8     LIBCMTD:trnsctrl.obj
 0004:00000ec4       $pdata$_GetImageBase       0000000140051ec4     LIBCMTD:trnsctrl.obj
 0004:00000ed0       $pdata$_GetThrowImageBase  0000000140051ed0     LIBCMTD:trnsctrl.obj
 0004:00000edc       $pdata$_IsExceptionObjectToBeDestroyed 0000000140051edc     LIBCMTD:trnsctrl.obj
 0004:00000ee8       $pdata$_SetImageBase       0000000140051ee8     LIBCMTD:trnsctrl.obj
 0004:00000ef4       $pdata$_SetThrowImageBase  0000000140051ef4     LIBCMTD:trnsctrl.obj
 0004:00000f00       $pdata$_UnwindNestedFrames 0000000140051f00     LIBCMTD:trnsctrl.obj
 0004:00000f0c       $pdata$__CxxFrameHandler3  0000000140051f0c     LIBCMTD:trnsctrl.obj
 0004:00000f18       $pdata$_locterm            0000000140051f18     LIBCMTD:wsetloca.obj
 0004:00000f24       $pdata$get_short_arg       0000000140051f24     LIBCMTD:output.obj
 0004:00000f30       $pdata$__createFile        0000000140051f30     LIBCMTD:wopen.obj
 0004:00000f3c       $pdata$_wsopen_nolock      0000000140051f3c     LIBCMTD:wopen.obj
 0004:00000f54       $pdata$__ascii_strnicmp    0000000140051f54     LIBCMTD:strnicmp.obj
 0004:00000f60       $pdata$_strnicmp           0000000140051f60     LIBCMTD:strnicmp.obj
 0004:00000f6c       $pdata$_strnicmp_l         0000000140051f6c     LIBCMTD:strnicmp.obj
 0004:00000f78       $pdata$_CopyMan            0000000140051f78     LIBCMTD:intrncvt.obj
 0004:00000f84       $pdata$_FillZeroMan        0000000140051f84     LIBCMTD:intrncvt.obj
 0004:00000f90       $pdata$_IncMan             0000000140051f90     LIBCMTD:intrncvt.obj
 0004:00000f9c       $pdata$_IsZeroMan          0000000140051f9c     LIBCMTD:intrncvt.obj
 0004:00000fa8       $pdata$_RoundMan           0000000140051fa8     LIBCMTD:intrncvt.obj
 0004:00000fb4       $pdata$_ShrMan             0000000140051fb4     LIBCMTD:intrncvt.obj
 0004:00000fc0       $pdata$_ZeroTail           0000000140051fc0     LIBCMTD:intrncvt.obj
 0004:00000fcc       $pdata$__addl              0000000140051fcc     LIBCMTD:intrncvt.obj
 0004:00000fd8       $pdata$_ld12cvt            0000000140051fd8     LIBCMTD:intrncvt.obj
 0004:00000fe4       $pdata$_ld12tod            0000000140051fe4     LIBCMTD:intrncvt.obj
 0004:00000ff0       $pdata$_ld12tof            0000000140051ff0     LIBCMTD:intrncvt.obj
 0004:00000ffc       $pdata$__ld12mul           0000000140051ffc     LIBCMTD:strgtold.obj
 0004:00001008       $pdata$__multtenpow12      0000000140052008     LIBCMTD:strgtold.obj
 0004:00001014       $pdata$__shl_12            0000000140052014     LIBCMTD:strgtold.obj
 0004:00001020       $pdata$__shr_12            0000000140052020     LIBCMTD:strgtold.obj
 0004:0000102c       $pdata$__strgtold12_l      000000014005202c     LIBCMTD:strgtold.obj
 0004:00001038       $pdata$$I10_OUTPUT         0000000140052038     LIBCMTD:x10fout.obj
 0004:00001044       $pdata$__add_12            0000000140052044     LIBCMTD:x10fout.obj
 0004:00001050       $pdata$abort               0000000140052050     LIBCMTD:abort.obj
 0004:0000105c       $pdata$GetTableIndexFromLocaleName 000000014005205c     LIBCMTD:winapinls.obj
 0004:00001068       $pdata$__crtDownlevelLocaleNameToLCID 0000000140052068     LIBCMTD:winapinls.obj
 0004:00001074       $pdata$__crtLCMapStringEx  0000000140052074     LIBCMTD:winapinls.obj
 0004:00001080       $pdata$__wcsnicmp_ascii    0000000140052080     LIBCMTD:winapinls.obj
 0004:0000108c       $pdata$__termconout        000000014005208c     LIBCMTD:initcon.obj
 0004:00001098       $pdata$__initconout        0000000140052098     LIBCMTD:initcon.obj
 0004:000010a4       $pdata$_woutput_s_l        00000001400520a4     LIBCMTD:woutputs.obj
 0004:000010b0       $pdata$write_char          00000001400520b0     LIBCMTD:woutputs.obj
 0004:000010bc       $pdata$write_multi_char    00000001400520bc     LIBCMTD:woutputs.obj
 0004:000010c8       $pdata$write_string        00000001400520c8     LIBCMTD:woutputs.obj
 0004:000010d4       $pdata$_get_printf_count_output 00000001400520d4     LIBCMTD:printf.obj
 0004:000010e0       $pdata$_fputwc_nolock      00000001400520e0     LIBCMTD:fputwc.obj
 0004:000010ec       $pdata$_output_s_l         00000001400520ec     LIBCMTD:outputs.obj
 0004:000010f8       $pdata$write_char          00000001400520f8     LIBCMTD:outputs.obj
 0004:00001104       $pdata$write_multi_char    0000000140052104     LIBCMTD:outputs.obj
 0004:00001110       $pdata$write_string        0000000140052110     LIBCMTD:outputs.obj
 0004:0000111c       $pdata$__DestructExceptionObject 000000014005211c     LIBCMTD:frame.obj
 0004:00001128       $pdata$??0bad_exception@std@@QEAA@AEBV01@@Z 0000000140052128     LIBCMTD:frame.obj
 0004:00001134       $pdata$??0bad_exception@std@@QEAA@PEBD@Z 0000000140052134     LIBCMTD:frame.obj
 0004:00001140       $pdata$??1bad_exception@std@@UEAA@XZ 0000000140052140     LIBCMTD:frame.obj
 0004:0000114c       $pdata$??_Gbad_exception@std@@UEAAPEAXI@Z 000000014005214c     LIBCMTD:frame.obj
 0004:00001158       $pdata$?CatchIt@@YAXPEAUEHExceptionRecord@@PEA_KPEAU_CONTEXT@@PEAU_xDISPATCHER_CONTEXT@@PEBU_s_FuncInfo@@PEBU_s_HandlerType@@PEBU_s_CatchableType@@PEBU_s_TryBlockMapEntry@@H1EE@Z 0000000140052158     LIBCMTD:frame.obj
 0004:00001164       $pdata$?ExFilterRethrow@@YAHPEAU_EXCEPTION_POINTERS@@PEAUEHExceptionRecord@@PEAH@Z 0000000140052164     LIBCMTD:frame.obj
 0004:00001170       $pdata$?FindHandler@@YAXPEAUEHExceptionRecord@@PEA_KPEAU_CONTEXT@@PEAU_xDISPATCHER_CONTEXT@@PEBU_s_FuncInfo@@EH1@Z 0000000140052170     LIBCMTD:frame.obj
 0004:0000117c       $pdata$?FindHandlerForForeignException@@YAXPEAUEHExceptionRecord@@PEA_KPEAU_CONTEXT@@PEAU_xDISPATCHER_CONTEXT@@PEBU_s_FuncInfo@@HH1@Z 000000014005217c     LIBCMTD:frame.obj
 0004:00001188       $pdata$?IsInExceptionSpec@@YAEPEAUEHExceptionRecord@@PEBU_s_ESTypeList@@@Z 0000000140052188     LIBCMTD:frame.obj
 0004:00001194       $pdata$?Is_bad_exception_allowed@@YAEPEBU_s_ESTypeList@@@Z 0000000140052194     LIBCMTD:frame.obj
 0004:000011a0       $pdata$?__RethrowException@@YAXPEAUEHExceptionRecord@@@Z 00000001400521a0     LIBCMTD:frame.obj
 0004:000011ac       $pdata$__AdjustPointer     00000001400521ac     LIBCMTD:frame.obj
 0004:000011b8       $pdata$__BuildCatchObject  00000001400521b8     LIBCMTD:frame.obj
 0004:000011c4       $pdata$__BuildCatchObjectHelper 00000001400521c4     LIBCMTD:frame.obj
 0004:000011d0       $pdata$__CxxCallCatchBlock 00000001400521d0     LIBCMTD:frame.obj
 0004:000011dc       $pdata$__FrameUnwindFilter 00000001400521dc     LIBCMTD:frame.obj
 0004:000011e8       $pdata$__FrameUnwindToState 00000001400521e8     LIBCMTD:frame.obj
 0004:000011f4       $pdata$__InternalCxxFrameHandler 00000001400521f4     LIBCMTD:frame.obj
 0004:00001200       $pdata$__TypeMatch         0000000140052200     LIBCMTD:frame.obj
 0004:0000120c       $pdata$?__GetCurrentState@@YAHPEA_KPEAU_xDISPATCHER_CONTEXT@@PEBU_s_FuncInfo@@@Z 000000014005220c     LIBCMTD:ehstate.obj
 0004:00001218       $pdata$?__GetUnwindTryBlock@@YAHPEA_KPEAU_xDISPATCHER_CONTEXT@@PEBU_s_FuncInfo@@@Z 0000000140052218     LIBCMTD:ehstate.obj
 0004:00001224       $pdata$?__SetUnwindTryBlock@@YAXPEA_KPEAU_xDISPATCHER_CONTEXT@@PEBU_s_FuncInfo@@H@Z 0000000140052224     LIBCMTD:ehstate.obj
 0004:00001230       $pdata$?__StateFromControlPc@@YAHPEBU_s_FuncInfo@@PEAU_xDISPATCHER_CONTEXT@@@Z 0000000140052230     LIBCMTD:ehstate.obj
 0004:0000123c       $pdata$?__StateFromIp@@YAHPEBU_s_FuncInfo@@PEAU_xDISPATCHER_CONTEXT@@_J@Z 000000014005223c     LIBCMTD:ehstate.obj
 0004:00001254       $pdata$_wctomb_s_l         0000000140052254     LIBCMTD:wctomb.obj
 0004:00001260       $pdata$wctomb_s            0000000140052260     LIBCMTD:wctomb.obj
 0004:0000126c       $pdata$_chsize_nolock      000000014005226c     LIBCMTD:chsize.obj
 0004:00001278       $pdata$_get_fmode          0000000140052278     LIBCMTD:setmode.obj
 0004:00001284       $pdata$_setmode_nolock     0000000140052284     LIBCMTD:setmode.obj
 0004:00001290       $pdata$__mtold12           0000000140052290     LIBCMTD:mantold.obj
 0004:0000129c       $pdata$_flswbuf            000000014005229c     LIBCMTD:_flswbuf.obj
 0004:000012a8       $pdata$??3@YAXPEAX@Z       00000001400522a8     LIBCMTD:dbgdel.obj
 0004:000012c0       $pdata$?_ValidateExecute@@YAHP6A_JXZ@Z 00000001400522c0     LIBCMTD:validate.obj
 0004:000012cc       $pdata$?_ValidateWrite@@YAHPEAXI@Z 00000001400522cc     LIBCMTD:validate.obj
 0004:000012cc       $pdata$?_ValidateRead@@YAHPEBXI@Z 00000001400522cc     LIBCMTD:validate.obj
 0004:000012e4       $pdata$??1type_info@@UEAA@XZ 00000001400522e4     LIBCMTD:typinfo.obj
 0004:000012f0       $pdata$??8type_info@@QEBA_NAEBV0@@Z 00000001400522f0     LIBCMTD:typinfo.obj
 0004:000012fc       $pdata$??_Gtype_info@@UEAAPEAXI@Z 00000001400522fc     LIBCMTD:typinfo.obj
 0004:00001308       $pdata$??0exception@std@@QEAA@AEBQEBD@Z 0000000140052308     LIBCMTD:stdexcpt.obj
 0004:00001314       $pdata$??0exception@std@@QEAA@AEBV01@@Z 0000000140052314     LIBCMTD:stdexcpt.obj
 0004:00001320       $pdata$??1exception@std@@UEAA@XZ 0000000140052320     LIBCMTD:stdexcpt.obj
 0004:0000132c       $pdata$??4exception@std@@QEAAAEAV01@AEBV01@@Z 000000014005232c     LIBCMTD:stdexcpt.obj
 0004:00001338       $pdata$??_Gexception@std@@UEAAPEAXI@Z 0000000140052338     LIBCMTD:stdexcpt.obj
 0004:00001344       $pdata$?_Copy_str@exception@std@@AEAAXPEBD@Z 0000000140052344     LIBCMTD:stdexcpt.obj
 0004:00001350       $pdata$?_Tidy@exception@std@@AEAAXXZ 0000000140052350     LIBCMTD:stdexcpt.obj
 0004:0000135c       $pdata$?what@exception@std@@UEBAPEBDXZ 000000014005235c     LIBCMTD:stdexcpt.obj
 0004:00001368       $pdata$_CxxThrowException  0000000140052368     LIBCMTD:throw.obj
 0004:00001374       $pdata$?_Type_info_dtor@type_info@@CAXPEAV1@@Z 0000000140052374     LIBCMTD:typname.obj
 0004:00001380       $pdata$fclose$fin$0        0000000140052380     LIBCMTD:fclose.obj
 0004:00001380       $pdata$ftell$fin$0         0000000140052380     LIBCMTD:fclose.obj
 0004:0000138c       $pdata$_fsopen$fin$0       000000014005238c     LIBCMTD:fopen.obj
 0004:00001398       $pdata$fread_s$fin$0       0000000140052398     LIBCMTD:fread.obj
 0004:000013a4       $pdata$fseek$fin$0         00000001400523a4     LIBCMTD:fseek.obj
 0004:000013b0       $pdata$__tmainCRTStartup$filt$0 00000001400523b0     LIBCMTD:wincrt0.obj
 0004:000013bc       $pdata$flsall$fin$0        00000001400523bc     LIBCMTD:fflush.obj
 0004:000013c8       $pdata$flsall$fin$1        00000001400523c8     LIBCMTD:fflush.obj
 0004:000013d4       $pdata$?fin$0@?0??_CrtMemDumpAllObjectsSince_stat@@YAXPEBU_CrtMemState@@PEAUlocaleinfo_struct@@@Z@4HA 00000001400523d4     LIBCMTD:dbgheap.obj
 0004:000013d4       $pdata$_heap_alloc_dbg_impl$fin$0 00000001400523d4     LIBCMTD:dbgheap.obj
 0004:000013d4       $pdata$_CrtMemCheckpoint$fin$0 00000001400523d4     LIBCMTD:dbgheap.obj
 0004:000013e0       $pdata$_CrtCheckMemory$fin$0 00000001400523e0     LIBCMTD:dbgheap.obj
 0004:000013ec       $pdata$_CrtSetDbgFlag$fin$0 00000001400523ec     LIBCMTD:dbgheap.obj
 0004:000013ec       $pdata$_msize_dbg$fin$0    00000001400523ec     LIBCMTD:dbgheap.obj
 0004:000013ec       $pdata$_realloc_dbg$fin$0  00000001400523ec     LIBCMTD:dbgheap.obj
 0004:000013ec       $pdata$?fin$0@?0???3@YAXPEAX@Z@4HA 00000001400523ec     LIBCMTD:dbgheap.obj
 0004:000013f8       $pdata$_free_dbg$fin$0     00000001400523f8     LIBCMTD:dbgheap.obj
 0004:00001404       $pdata$_ioinit$fin$0       0000000140052404     LIBCMTD:ioinit.obj
 0004:00001410       $pdata$_initptd$fin$0      0000000140052410     LIBCMTD:tidtable.obj
 0004:00001410       $pdata$_freefls$fin$0      0000000140052410     LIBCMTD:tidtable.obj
 0004:0000141c       $pdata$_initptd$fin$1      000000014005241c     LIBCMTD:tidtable.obj
 0004:0000141c       $pdata$_freefls$fin$1      000000014005241c     LIBCMTD:tidtable.obj
 0004:00001428       $pdata$doexit$fin$0        0000000140052428     LIBCMTD:crt0dat.obj
 0004:00001434       $pdata$_fcloseall$fin$0    0000000140052434     LIBCMTD:closeall.obj
 0004:00001434       $pdata$_getstream$fin$0    0000000140052434     LIBCMTD:closeall.obj
 0004:00001440       $pdata$_mtinitlocknum$fin$0 0000000140052440     LIBCMTD:osfinfo.obj
 0004:00001440       $pdata$__lock_fhandle$fin$0 0000000140052440     LIBCMTD:osfinfo.obj
 0004:0000144c       $pdata$_alloc_osfhnd$fin$0 000000014005244c     LIBCMTD:osfinfo.obj
 0004:00001458       $pdata$_alloc_osfhnd$fin$1 0000000140052458     LIBCMTD:osfinfo.obj
 0004:00001464       $pdata$_commit$fin$0       0000000140052464     LIBCMTD:commit.obj
 0004:00001464       $pdata$_lseek$fin$0        0000000140052464     LIBCMTD:commit.obj
 0004:00001464       $pdata$_read$fin$0         0000000140052464     LIBCMTD:commit.obj
 0004:00001464       $pdata$_write$fin$0        0000000140052464     LIBCMTD:commit.obj
 0004:00001464       $pdata$_close$fin$0        0000000140052464     LIBCMTD:commit.obj
 0004:00001464       $pdata$_lseeki64$fin$0     0000000140052464     LIBCMTD:commit.obj
 0004:00001470       $pdata$raise$fin$0         0000000140052470     LIBCMTD:winsig.obj
 0004:0000147c       $pdata$_VCrtDbgReportA$fin$0 000000014005247c     LIBCMTD:dbgrptt.obj
 0004:00001488       $pdata$_VCrtDbgReportA$fin$1 0000000140052488     LIBCMTD:dbgrptt.obj
 0004:00001494       $pdata$_VCrtDbgReportW$fin$0 0000000140052494     LIBCMTD:dbgrptt.obj
 0004:000014a0       $pdata$_VCrtDbgReportW$fin$1 00000001400524a0     LIBCMTD:dbgrptt.obj
 0004:000014ac       $pdata$?dtor$0@?0??getSystemCP@@YAHH@Z@4HA 00000001400524ac     LIBCMTD:mbctype.obj
 0004:000014b8       $pdata$__updatetmbcinfo$fin$0 00000001400524b8     LIBCMTD:mbctype.obj
 0004:000014b8       $pdata$_setmbcp$fin$0      00000001400524b8     LIBCMTD:mbctype.obj
 0004:000014c4       $pdata$_IsNonwritableInCurrentImage$filt$0 00000001400524c4     LIBCMTD:pesect.obj
 0004:000014d0       $pdata$_sopen_helper$fin$0 00000001400524d0     LIBCMTD:open.obj
 0004:000014dc       $pdata$__BuildCatchObject$filt$0 00000001400524dc     LIBCMTD:hooks.obj
 0004:000014dc       $pdata$__BuildCatchObjectHelper$filt$0 00000001400524dc     LIBCMTD:hooks.obj
 0004:000014dc       $pdata$?filt$0@?0??terminate@@YAXXZ@4HA 00000001400524dc     LIBCMTD:hooks.obj
 0004:000014dc       $pdata$?filt$0@?0??__crtIsBadReadPtr@@YAHPEBX_K@Z@4HA 00000001400524dc     LIBCMTD:hooks.obj
 0004:000014dc       $pdata$?filt$0@?0??_inconsistency@@YAXXZ@4HA 00000001400524dc     LIBCMTD:hooks.obj
 0004:000014e8       $pdata$_onexit$fin$0       00000001400524e8     LIBCMTD:onexit.obj
 0004:000014f4       $pdata$?dtor$0@?0??x_ismbbtype_l@@YAHPEAUlocaleinfo_struct@@IHH@Z@4HA 00000001400524f4     LIBCMTD:ismbbyte.obj
 0004:00001500       $pdata$_CallSETranslator$filt$0 0000000140052500     LIBCMTD:trnsctrl.obj
 0004:0000150c       $pdata$_locterm$fin$0      000000014005250c     LIBCMTD:wsetloca.obj
 0004:0000150c       $pdata$__updatetlocinfo$fin$0 000000014005250c     LIBCMTD:wsetloca.obj
 0004:00001518       $pdata$__CxxCallCatchBlock$filt$0 0000000140052518     LIBCMTD:frame.obj
 0004:00001524       $pdata$__CxxCallCatchBlock$fin$1 0000000140052524     LIBCMTD:frame.obj
 0004:00001530       $pdata$__DestructExceptionObject$filt$0 0000000140052530     LIBCMTD:frame.obj
 0004:0000153c       $pdata$__FrameUnwindToState$filt$0 000000014005253c     LIBCMTD:frame.obj
 0004:00001548       $pdata$__FrameUnwindToState$fin$1 0000000140052548     LIBCMTD:frame.obj
 0004:00001554       $pdata$?fin$0@?0??_Type_info_dtor@type_info@@CAXPEAV1@@Z@4HA 0000000140052554     LIBCMTD:typname.obj
